TAP version 13
# Subtest: delivery writes lock the same round row used by close_delivery_round
ok 1 - delivery writes lock the same round row used by close_delivery_round
  ---
  duration_ms: 3.368542
  ...
# Subtest: shop location is re-derived when any location column is written
ok 2 - shop location is re-derived when any location column is written
  ---
  duration_ms: 0.528917
  ...
# Subtest: Excel shop import is parsed client-side and committed through one admin RPC
ok 3 - Excel shop import is parsed client-side and committed through one admin RPC
  ---
  duration_ms: 1.742208
  ...
# Subtest: new rounds and shop settings do not depend on routes
ok 4 - new rounds and shop settings do not depend on routes
  ---
  duration_ms: 1.279208
  ...
# Subtest: manager summary rejects stale round responses before close
ok 5 - manager summary rejects stale round responses before close
  ---
  duration_ms: 1.02875
  ...
# Subtest: round leads can cancel an unused open round with a required audit reason
ok 6 - round leads can cancel an unused open round with a required audit reason
  ---
  duration_ms: 1.246125
  ...
# Subtest: day-wide stock movements are serialized and idempotent
ok 7 - day-wide stock movements are serialized and idempotent
  ---
  duration_ms: 0.268958
  ...
# Subtest: stock balance includes transfers and automatic delivery deductions
ok 8 - stock balance includes transfers and automatic delivery deductions
  ---
  duration_ms: 0.284875
  ...
# Subtest: stock UI reuses the retry key for the same movement payload
not ok 9 - stock UI reuses the retry key for the same movement payload
  ---
  duration_ms: 4.608959
  location: '/Users/bhusitt./Downloads/ส่งน้ำแข็ง/tests/manager-contracts.test.mjs:115:1'
  failureType: 'testCodeFailure'
  error: |-
    The input did not match the regular expression /pendingRequest\.current\?\.signature !== signature/. Input:
    
    "import { FormEvent, useEffect, useMemo, useRef, useState } from 'react';\n" +
      'import {\n' +
      '  Check,\n' +
      '  CheckCircle,\n' +
      '  Cube,\n' +
      '  Info,\n' +
      '  Minus,\n' +
      '  Plus,\n' +
      '  Snowflake,\n' +
      '  Trash,\n' +
      '  Truck,\n' +
      '  UserCircle,\n' +
      "} from '@phosphor-icons/react';\n" +
      "import { supabase } from './lib/supabase';\n" +
      "import { useRpcAction } from './hooks/useRpcAction';\n" +
      'import type {\n' +
      '  DailyStockCloseState,\n' +
      '  DeliveryRound,\n' +
      '  StockCountReadiness,\n' +
      '  StockCountSnapshot,\n' +
      '  StockControlSummary,\n' +
      '  StockLocationBalance,\n' +
      '  StockMovementKind,\n' +
      "} from './types/app';\n" +
      '\n' +
      'const MOVEMENT_LABELS: Record<StockMovementKind, string> = {\n' +
      "  factory_order: 'รับจากโรงงาน',\n" +
      "  transfer: 'โอนระหว่างจุด',\n" +
      "  damage: 'เสียหาย / ละลาย',\n" +
      "  return_to_factory: 'ส่งคืนโรงงาน',\n" +
      '};\n' +
      '\n' +
      "const STOCK_OPERATION_KINDS = ['transfer', 'damage', 'return_to_factory'] as const;\n" +
      'type StockOperationKind = typeof STOCK_OPERATION_KINDS[number];\n' +
      "type TabKind = StockOperationKind | 'count';\n" +
      '\n' +
      'type QuantityDraft = Record<string, number>;\n' +
      '\n' +
      'export function ManagerStockControl({\n' +
      '  operationRound,\n' +
      '  round,\n' +
      '  serviceDate,\n' +
      '  demoSummary,\n' +
      '}: {\n' +
      '  operationRound: DeliveryRound | null;\n' +
      '  round: DeliveryRound | null;\n' +
      '  serviceDate: string;\n' +
      '  demoSummary?: StockControlSummary;\n' +
      '}) {\n' +
      "  const isRoundSnapshot = round?.status === 'closed';\n" +
      '  const actionRound = operationRound ?? round;\n' +
      '  const [summary, setSummary] = useState<StockControlSummary | null>(demoSummary ?? null);\n' +
      '  const [summaryRoundId, setSummaryRoundId] = useState<string | null>(demoSummary ? round?.id ?? null : null);\n' +
      "  const [activeTab, setActiveTab] = useState<TabKind>('transfer');\n" +
      "  const [kind, setKind] = useState<StockOperationKind>('transfer');\n" +
      "  const [fromLocationId, setFromLocationId] = useState('');\n" +
      "  const [toLocationId, setToLocationId] = useState('');\n" +
      '  const [quantities, setQuantities] = useState<QuantityDraft>({});\n' +
      "  const [note, setNote] = useState('');\n" +
      "  const [countLocationId, setCountLocationId] = useState('');\n" +
      '  const [actualCounts, setActualCounts] = useState<QuantityDraft>({});\n' +
      "  const [countNote, setCountNote] = useState('');\n" +
      '  const [countHistory, setCountHistory] = useState<StockCountSnapshot[]>([]);\n' +
      '  const [countReadiness, setCountReadiness] = useState<StockCountReadiness[]>([]);\n' +
      '  const [closeState, setCloseState] = useState<DailyStockCloseState | null>(null);\n' +
      "  const [closeNote, setCloseNote] = useState('');\n" +
      '  const [confirmSkipUncounted, setConfirmSkipUncounted] = useState(false);\n' +
      '  const [loading, setLoading] = useState(false);\n' +
      '  const [error, setError] = useState<string | null>(null);\n' +
      '  const [loadedAt, setLoadedAt] = useState<string | null>(null);\n' +
      '\n' +
      '  const latestCounts = useMemo(() => {\n' +
      '    const map = new Map<string, StockCountSnapshot>();\n' +
      '    for (const readiness of countReadiness) {\n' +
      "      if (readiness.status === 'current' && readiness.snapshot) {\n" +
      '        map.set(readiness.location_id, readiness.snapshot);\n' +
      '      }\n' +
      '    }\n' +
      '    return map;\n' +
      '  }, [countReadiness]);\n' +
      '\n' +
      '  const readinessByLocation = useMemo(\n' +
      '    () => new Map(countReadiness.map((readiness) => [readiness.location_id, readiness])),\n' +
      '    [countReadiness],\n' +
      '  );\n' +
      '\n' +
      '  const uncountedLocations = useMemo(() => {\n' +
      '    if (!summary) return [];\n' +
      '    return summary.locations.filter((location) => !latestCounts.has(location.id));\n' +
      '  }, [summary, latestCounts]);\n' +
      '\n' +
      '  const requestId = useRef(0);\n' +
      '\n' +
      '  useEffect(() => {\n' +
      '    if (demoSummary) return;\n' +
      '    void loadSummary(serviceDate, round?.id ?? null);\n' +
      '  }, [demoSummary, round?.id, serviceDate]);\n' +
      '\n' +
      '  useEffect(() => {\n' +
      '    setConfirmSkipUncounted(false);\n' +
      '  }, [serviceDate]);\n' +
      '\n' +
      '  const truckLocations = useMemo(\n' +
      "    () => summary?.locations.filter((location) => location.kind === 'truck') ?? [],\n" +
      '    [summary],\n' +
      '  );\n' +
      '\n' +
      '  const iceTypes = summary?.locations[0]?.balances ?? [];\n' +
      '\n' +
      '  useEffect(() => {\n' +
      '    if (!summary) return;\n' +
      '    setQuantities((current) =>\n' +
      '      Object.fromEntries(iceTypes.map((ice) => [ice.ice_type_id, current[ice.ice_type_id] ?? 0])),\n' +
      '    );\n' +
      "    const truckId = truckLocations[0]?.id || '';\n" +
      "    const firstLocationId = summary.locations[0]?.id || '';\n" +
      "    if (kind === 'transfer') {\n" +
      '      setFromLocationId((current) => (\n' +
      '        summary.locations.some((location) => location.id === current)\n' +
      '          ? current\n' +
      '          : truckId || firstLocationId\n' +
      '      ));\n' +
      '      setToLocationId((current) => (\n' +
      "        summary.locations.some((location) => location.id === current) ? current : ''\n" +
      '      ));\n' +
      '    } else {\n' +
      "      setFromLocationId(kind === 'return_to_factory' ? truckId : truckId || firstLocationId);\n" +
      "      setToLocationId('');\n" +
      '    }\n' +
      '  }, [summary]);\n' +
      '\n' +
      '  useEffect(() => {\n' +
      '    if (!summary) return;\n' +
      '    const selectedLocation = summary.locations.find((location) => location.id === countLocationId)\n' +
      "      ?? summary.locations.find((location) => location.kind !== 'truck')\n" +
      '      ?? summary.locations[0];\n' +
      "    setCountLocationId(selectedLocation?.id ?? '');\n" +
      '    setActualCounts(Object.fromEntries(\n' +
      '      (selectedLocation?.balances ?? []).map((balance) => [balance.ice_type_id, Math.max(0, balance.quantity)]),\n' +
      '    ));\n' +
      '  }, [summary, countLocationId, closeState?.is_closed]);\n' +
      '\n' +
      '  async function loadSummary(requestedServiceDate: string, roundId: string | null) {\n' +
      '    if (!supabase) return;\n' +
      '    const currentRequest = ++requestId.current;\n' +
      '    setLoading(true);\n' +
      '    setError(null);\n' +
      '    const [summaryResponse, countResponse, readinessResponse, closeResponse] = await Promise.all([\n' +
      "      supabase.rpc('get_stock_control_summary', {\n" +
      '        p_round_id: roundId,\n' +
      '        p_service_date: requestedServiceDate,\n' +
      '      }),\n' +
      "      supabase.rpc('get_location_count_history', {\n" +
      '        p_round_id: roundId,\n' +
      '        p_service_date: requestedServiceDate,\n' +
      '      }),\n' +
      "      supabase.rpc('get_daily_stock_count_readiness', {\n" +
      '        p_round_id: roundId,\n' +
      '        p_service_date: requestedServiceDate,\n' +
      '      }),\n' +
      "      supabase.rpc('get_daily_stock_close_state', {\n" +
      '        p_round_id: roundId,\n' +
      '        p_service_date: requestedServiceDate,\n' +
      '      }),\n' +
      '    ]);\n' +
      '    if (currentRequest !== requestId.current) return;\n' +
      '\n' +
      '    const firstError = summaryResponse.error ?? countResponse.error ?? readinessResponse.error ?? closeResponse.error;\n' +
      '    if (firstError) {\n' +
      '      setError(firstError.message);\n' +
      '      setSummary(null);\n' +
      '      setSummaryRoundId(null);\n' +
      '    } else {\n' +
      '      setSummary(summaryResponse.data as StockControlSummary);\n' +
      '      setCountHistory((countResponse.data ?? []) as StockCountSnapshot[]);\n' +
      '      setCountReadiness((readinessResponse.data ?? []) as StockCountReadiness[]);\n' +
      '      setCloseState(closeResponse.data as DailyStockCloseState);\n' +
      '      setSummaryRoundId(roundId);\n' +
      '      setLoadedAt(new Date().toISOString());\n' +
      '    }\n' +
      '    setLoading(false);\n' +
      '  }\n' +
      '\n' +
      '  const stockMovementAction = useRpcAction(\n' +
      '    async (\n' +
      '      args: { kind: StockOperationKind; fromLocationId: string; toLocationId: string; items: any[]; note: string },\n' +
      '      idempotencyKey\n' +
      '    ) => {\n' +
      '      if (demoSummary) return { data: { preview: true }, error: null };\n' +
      "      if (!supabase) throw new Error('Supabase is not initialized');\n" +
      "      return supabase.rpc('record_stock_movement', {\n" +
      '        p_round_id: actionRound!.id,\n' +
      '        p_kind: args.kind,\n' +
      '        p_from_location_id: args.fromLocationId || null,\n' +
      "        p_to_location_id: args.kind === 'transfer' ? args.toLocationId || null : null,\n" +
      '        p_items: args.items,\n' +
      '        p_note: args.note.trim() || null,\n' +
      '        p_idempotency_key: idempotencyKey,\n' +
      '      });\n' +
      '    },\n' +
      '    {\n' +
      '      deps: [actionRound?.id, demoSummary, round?.id, serviceDate],\n' +
      '      successMessage: (_, args) => `บันทึก “${MOVEMENT_LABELS[args.kind]}” แล้ว`,\n' +
      '      onSuccess: async () => {\n' +
      '        if (!demoSummary) {\n' +
      '          await loadSummary(serviceDate, round?.id ?? null);\n' +
      '        }\n' +
      '        setQuantities({});\n' +
      "        setToLocationId('');\n" +
      "        setNote('');\n" +
      '      },\n' +
      '    }\n' +
      '  );\n' +
      '\n' +
      '  const handleSubmit = async (event: FormEvent<HTMLFormElement>) => {\n' +
      '    event.preventDefault();\n' +
      '    if (isRoundSnapshot) {\n' +
      "      stockMovementAction.setError('รอบปิดแล้วเป็นประวัติอ่านอย่างเดียว');\n" +
      '      return;\n' +
      '    }\n' +
      '    if (!actionRound) {\n' +
      "      stockMovementAction.setError('ต้องมีรอบส่งของวันที่เลือกก่อนบันทึกรายการสต๊อก');\n" +
      '      return;\n' +
      '    }\n' +
      '    if (!demoSummary && (!supabase || summaryRoundId !== (round?.id ?? null))) {\n' +
      "      stockMovementAction.setError('ข้อมูลสต๊อกยังโหลดไม่ครบ กรุณารอสักครู่แล้วลองใหม่');\n" +
      '      return;\n' +
      '    }\n' +
      '    if (closeState?.is_closed) {\n' +
      "      stockMovementAction.setError('สต๊อกของวันนี้ปิดแล้ว ไม่สามารถเพิ่มรายการเคลื่อนไหวได้');\n" +
      '      return;\n' +
      '    }\n' +
      '\n' +
      '    const movementBalances = summary?.locations.find((location) => location.id === fromLocationId)?.balances\n' +
      '      ?? iceTypes;\n' +
      '    const items = movementBalances\n' +
      '      .map((ice) => ({ ice_type_id: ice.ice_type_id, quantity: quantities[ice.ice_type_id] ?? 0 }))\n' +
      '      .filter((item) => item.quantity > 0);\n' +
      '\n' +
      '    if (items.length === 0) {\n' +
      "      stockMovementAction.setError('กรอกจำนวนน้ำแข็งอย่างน้อย 1 รายการ');\n" +
      '      return;\n' +
      '    }\n' +
      '    if (!fromLocationId) {\n' +
      "      stockMovementAction.setError('เลือกจุดต้นทางก่อนบันทึกรายการ');\n" +
      '      return;\n' +
      '    }\n' +
      "    if (kind === 'transfer' && !toLocationId) {\n" +
      "      stockMovementAction.setError('เลือกจุดปลายทางก่อนบันทึกรายการโอน');\n" +
      '      return;\n' +
      '    }\n' +
      "    if (kind === 'transfer' && fromLocationId === toLocationId) {\n" +
      "      stockMovementAction.setError('ต้นทางและปลายทางต้องเป็นคนละจุด');\n" +
      '      return;\n' +
      '    }\n' +
      "    if (kind === 'damage' && !note.trim()) {\n" +
      "      stockMovementAction.setError('รายการเสียหายต้องมีหมายเหตุ');\n" +
      '      return;\n' +
      '    }\n' +
      '\n' +
      '    const args = { kind, fromLocationId, toLocationId, items, note: note.trim() };\n' +
      '    const signature = JSON.stringify({ roundId: actionRound.id, ...args });\n' +
      '\n' +
      '    await stockMovementAction.execute(args, { signature });\n' +
      '  };\n' +
      '\n' +
      '  const locationCountAction = useRpcAction(\n' +
      '    async (args: { counts: any[]; note: string }) => {\n' +
      "      if (!supabase) throw new Error('Supabase is not initialized');\n" +
      "      return supabase.rpc('record_location_count', {\n" +
      '        p_round_id: actionRound?.id ?? null,\n' +
      '        p_service_date: serviceDate,\n' +
      '        p_location_id: countLocationId,\n' +
      '        p_counts: args.counts,\n' +
      '        p_note: args.note.trim() || null,\n' +
      '      });\n' +
      '    }'... 39874 more characters
    
  code: 'ERR_ASSERTION'
  name: 'AssertionError'
  expected:
  actual: |-
    import { FormEvent, useEffect, useMemo, useRef, useState } from 'react';
    import {
      Check,
      CheckCircle,
      Cube,
      Info,
      Minus,
      Plus,
      Snowflake,
      Trash,
      Truck,
      UserCircle,
    } from '@phosphor-icons/react';
    import { supabase } from './lib/supabase';
    import { useRpcAction } from './hooks/useRpcAction';
    import type {
      DailyStockCloseState,
      DeliveryRound,
      StockCountReadiness,
      StockCountSnapshot,
      StockControlSummary,
      StockLocationBalance,
      StockMovementKind,
    } from './types/app';
    
    const MOVEMENT_LABELS: Record<StockMovementKind, string> = {
      factory_order: 'รับจากโรงงาน',
      transfer: 'โอนระหว่างจุด',
      damage: 'เสียหาย / ละลาย',
      return_to_factory: 'ส่งคืนโรงงาน',
    };
    
    const STOCK_OPERATION_KINDS = ['transfer', 'damage', 'return_to_factory'] as const;
    type StockOperationKind = typeof STOCK_OPERATION_KINDS[number];
    type TabKind = StockOperationKind | 'count';
    
    type QuantityDraft = Record<string, number>;
    
    export function ManagerStockControl({
      operationRound,
      round,
      serviceDate,
      demoSummary,
    }: {
      operationRound: DeliveryRound | null;
      round: DeliveryRound | null;
      serviceDate: string;
      demoSummary?: StockControlSummary;
    }) {
      const isRoundSnapshot = round?.status === 'closed';
      const actionRound = operationRound ?? round;
      const [summary, setSummary] = useState<StockControlSummary | null>(demoSummary ?? null);
      const [summaryRoundId, setSummaryRoundId] = useState<string | null>(demoSummary ? round?.id ?? null : null);
      const [activeTab, setActiveTab] = useState<TabKind>('transfer');
      const [kind, setKind] = useState<StockOperationKind>('transfer');
      const [fromLocationId, setFromLocationId] = useState('');
      const [toLocationId, setToLocationId] = useState('');
      const [quantities, setQuantities] = useState<QuantityDraft>({});
      const [note, setNote] = useState('');
      const [countLocationId, setCountLocationId] = useState('');
      const [actualCounts, setActualCounts] = useState<QuantityDraft>({});
      const [countNote, setCountNote] = useState('');
      const [countHistory, setCountHistory] = useState<StockCountSnapshot[]>([]);
      const [countReadiness, setCountReadiness] = useState<StockCountReadiness[]>([]);
      const [closeState, setCloseState] = useState<DailyStockCloseState | null>(null);
      const [closeNote, setCloseNote] = useState('');
      const [confirmSkipUncounted, setConfirmSkipUncounted] = useState(false);
      const [loading, setLoading] = useState(false);
      const [error, setError] = useState<string | null>(null);
      const [loadedAt, setLoadedAt] = useState<string | null>(null);
    
      const latestCounts = useMemo(() => {
        const map = new Map<string, StockCountSnapshot>();
        for (const readiness of countReadiness) {
          if (readiness.status === 'current' && readiness.snapshot) {
            map.set(readiness.location_id, readiness.snapshot);
          }
        }
        return map;
      }, [countReadiness]);
    
      const readinessByLocation = useMemo(
        () => new Map(countReadiness.map((readiness) => [readiness.location_id, readiness])),
        [countReadiness],
      );
    
      const uncountedLocations = useMemo(() => {
        if (!summary) return [];
        return summary.locations.filter((location) => !latestCounts.has(location.id));
      }, [summary, latestCounts]);
    
      const requestId = useRef(0);
    
      useEffect(() => {
        if (demoSummary) return;
        void loadSummary(serviceDate, round?.id ?? null);
      }, [demoSummary, round?.id, serviceDate]);
    
      useEffect(() => {
        setConfirmSkipUncounted(false);
      }, [serviceDate]);
    
      const truckLocations = useMemo(
        () => summary?.locations.filter((location) => location.kind === 'truck') ?? [],
        [summary],
      );
    
      const iceTypes = summary?.locations[0]?.balances ?? [];
    
      useEffect(() => {
        if (!summary) return;
        setQuantities((current) =>
          Object.fromEntries(iceTypes.map((ice) => [ice.ice_type_id, current[ice.ice_type_id] ?? 0])),
        );
        const truckId = truckLocations[0]?.id || '';
        const firstLocationId = summary.locations[0]?.id || '';
        if (kind === 'transfer') {
          setFromLocationId((current) => (
            summary.locations.some((location) => location.id === current)
              ? current
              : truckId || firstLocationId
          ));
          setToLocationId((current) => (
            summary.locations.some((location) => location.id === current) ? current : ''
          ));
        } else {
          setFromLocationId(kind === 'return_to_factory' ? truckId : truckId || firstLocationId);
          setToLocationId('');
        }
      }, [summary]);
    
      useEffect(() => {
        if (!summary) return;
        const selectedLocation = summary.locations.find((location) => location.id === countLocationId)
          ?? summary.locations.find((location) => location.kind !== 'truck')
          ?? summary.locations[0];
        setCountLocationId(selectedLocation?.id ?? '');
        setActualCounts(Object.fromEntries(
          (selectedLocation?.balances ?? []).map((balance) => [balance.ice_type_id, Math.max(0, balance.quantity)]),
        ));
      }, [summary, countLocationId, closeState?.is_closed]);
    
      async function loadSummary(requestedServiceDate: string, roundId: string | null) {
        if (!supabase) return;
        const currentRequest = ++requestId.current;
        setLoading(true);
        setError(null);
        const [summaryResponse, countResponse, readinessResponse, closeResponse] = await Promise.all([
          supabase.rpc('get_stock_control_summary', {
            p_round_id: roundId,
            p_service_date: requestedServiceDate,
          }),
          supabase.rpc('get_location_count_history', {
            p_round_id: roundId,
            p_service_date: requestedServiceDate,
          }),
          supabase.rpc('get_daily_stock_count_readiness', {
            p_round_id: roundId,
            p_service_date: requestedServiceDate,
          }),
          supabase.rpc('get_daily_stock_close_state', {
            p_round_id: roundId,
            p_service_date: requestedServiceDate,
          }),
        ]);
        if (currentRequest !== requestId.current) return;
    
        const firstError = summaryResponse.error ?? countResponse.error ?? readinessResponse.error ?? closeResponse.error;
        if (firstError) {
          setError(firstError.message);
          setSummary(null);
          setSummaryRoundId(null);
        } else {
          setSummary(summaryResponse.data as StockControlSummary);
          setCountHistory((countResponse.data ?? []) as StockCountSnapshot[]);
          setCountReadiness((readinessResponse.data ?? []) as StockCountReadiness[]);
          setCloseState(closeResponse.data as DailyStockCloseState);
          setSummaryRoundId(roundId);
          setLoadedAt(new Date().toISOString());
        }
        setLoading(false);
      }
    
      const stockMovementAction = useRpcAction(
        async (
          args: { kind: StockOperationKind; fromLocationId: string; toLocationId: string; items: any[]; note: string },
          idempotencyKey
        ) => {
          if (demoSummary) return { data: { preview: true }, error: null };
          if (!supabase) throw new Error('Supabase is not initialized');
          return supabase.rpc('record_stock_movement', {
            p_round_id: actionRound!.id,
            p_kind: args.kind,
            p_from_location_id: args.fromLocationId || null,
            p_to_location_id: args.kind === 'transfer' ? args.toLocationId || null : null,
            p_items: args.items,
            p_note: args.note.trim() || null,
            p_idempotency_key: idempotencyKey,
          });
        },
        {
          deps: [actionRound?.id, demoSummary, round?.id, serviceDate],
          successMessage: (_, args) => `บันทึก “${MOVEMENT_LABELS[args.kind]}” แล้ว`,
          onSuccess: async () => {
            if (!demoSummary) {
              await loadSummary(serviceDate, round?.id ?? null);
            }
            setQuantities({});
            setToLocationId('');
            setNote('');
          },
        }
      );
    
      const handleSubmit = async (event: FormEvent<HTMLFormElement>) => {
        event.preventDefault();
        if (isRoundSnapshot) {
          stockMovementAction.setError('รอบปิดแล้วเป็นประวัติอ่านอย่างเดียว');
          return;
        }
        if (!actionRound) {
          stockMovementAction.setError('ต้องมีรอบส่งของวันที่เลือกก่อนบันทึกรายการสต๊อก');
          return;
        }
        if (!demoSummary && (!supabase || summaryRoundId !== (round?.id ?? null))) {
          stockMovementAction.setError('ข้อมูลสต๊อกยังโหลดไม่ครบ กรุณารอสักครู่แล้วลองใหม่');
          return;
        }
        if (closeState?.is_closed) {
          stockMovementAction.setError('สต๊อกของวันนี้ปิดแล้ว ไม่สามารถเพิ่มรายการเคลื่อนไหวได้');
          return;
        }
    
        const movementBalances = summary?.locations.find((location) => location.id === fromLocationId)?.balances
          ?? iceTypes;
        const items = movementBalances
          .map((ice) => ({ ice_type_id: ice.ice_type_id, quantity: quantities[ice.ice_type_id] ?? 0 }))
          .filter((item) => item.quantity > 0);
    
        if (items.length === 0) {
          stockMovementAction.setError('กรอกจำนวนน้ำแข็งอย่างน้อย 1 รายการ');
          return;
        }
        if (!fromLocationId) {
          stockMovementAction.setError('เลือกจุดต้นทางก่อนบันทึกรายการ');
          return;
        }
        if (kind === 'transfer' && !toLocationId) {
          stockMovementAction.setError('เลือกจุดปลายทางก่อนบันทึกรายการโอน');
          return;
        }
        if (kind === 'transfer' && fromLocationId === toLocationId) {
          stockMovementAction.setError('ต้นทางและปลายทางต้องเป็นคนละจุด');
          return;
        }
        if (kind === 'damage' && !note.trim()) {
          stockMovementAction.setError('รายการเสียหายต้องมีหมายเหตุ');
          return;
        }
    
        const args = { kind, fromLocationId, toLocationId, items, note: note.trim() };
        const signature = JSON.stringify({ roundId: actionRound.id, ...args });
    
        await stockMovementAction.execute(args, { signature });
      };
    
      const locationCountAction = useRpcAction(
        async (args: { counts: any[]; note: string }) => {
          if (!supabase) throw new Error('Supabase is not initialized');
          return supabase.rpc('record_location_count', {
            p_round_id: actionRound?.id ?? null,
            p_service_date: serviceDate,
            p_location_id: countLocationId,
            p_counts: args.counts,
            p_note: args.note.trim() || null,
          });
        },
        {
          deps: [actionRound?.id, round?.id, serviceDate],
          successMessage: () => {
            const selectedLocation = summary?.locations.find((location) => location.id === countLocationId);
            return `บันทึกยอดนับจริงของ “${selectedLocation?.name ?? ''}” แล้ว`;
          },
          onSuccess: async () => {
            setCountNote('');
            await loadSummary(serviceDate, round?.id ?? null);
          },
        }
      );
    
      const handleLocationCount = async (event: FormEvent<HTMLFormElement>) => {
        event.preventDefault();
        if (!supabase || !summary || !countLocationId || isRoundSnapshot || closeState?.is_closed) return;
        const selectedLocation = summary.locations.find((location) => location.id === countLocationId);
        if (!selectedLocation) return;
    
        const counts = selectedLocation.balances.map((balance) => ({
          ice_type_id: balance.ice_type_id,
          actual_quantity: actualCounts[balance.ice_type_id] ?? 0,
        }));
    
        await locationCountAction.execute({ counts, note: countNote });
      };
    
      const closeDayAction = useRpcAction(
        async (args: { note: string; useSystemForUncounted: boolean }, idempotencyKey) => {
          if (!supabase) throw new Error('Supabase is not initialized');
          return supabase.rpc('close_daily_stock_from_latest_counts', {
            p_round_id: actionRound?.id ?? null,
            p_service_date: serviceDate,
            p_note: args.note.trim() || null,
            p_idempotency_key: idempotencyKey,
            p_use_system_for_uncounted: args.useSystemForUncounted,
          });
        },
        {
          deps: [actionRound?.id, round?.id, serviceDate],
          successMessage: 'ปิดสต๊อกสิ้นวันและบันทึกส่งยอดคงเหลือกลับโรงงานแล้ว',
          onSuccess: async (data) => {
            setCloseState(data as DailyStockCloseState);
            await loadSummary(serviceDate, round?.id ?? null);
          },
        }
      );
    
      const handleCloseDay = async (event: FormEvent<HTMLFormElement>) => {
        event.preventDefault();
        if (!supabase || !summary || !closeState || isRoundSnapshot || closeState.is_closed) return;
        if (closeState.open_round_count > 0) {
          closeDayAction.setError('ต้องปิดรอบส่งทุกช่วงของวันนี้ก่อนปิดสต๊อกสิ้นวัน');
          return;
        }
    
        if (uncountedLocations.length > 0 && !confirmSkipUncounted) {
          closeDayAction.setError('กรุณายืนยันการปิดสต๊อกหากยังมีจุดที่ไม่ได้ตรวจนับ หรือทำการตรวจให้ครบก่อน');
          return;
        }
    
        const noteValue = closeNote.trim();
        const args = { note: noteValue, useSystemForUncounted: confirmSkipUncounted };
    
        const signature = JSON.stringify({ serviceDate, roundId: actionRound?.id ?? null, ...args });
        await closeDayAction.execute(args, { signature });
      };
    
      const selectMovementKind = (nextTab: TabKind) => {
        if (!summary) return;
        setActiveTab(nextTab);
    
        if (nextTab === 'count') {
          return;
        }
    
        const nextKind = nextTab as StockOperationKind;
        setKind(nextKind);
        stockMovementAction.reset();
    
        const truckId = truckLocations[0]?.id || '';
        const firstLocationId = summary.locations[0]?.id || '';
    
        if (nextKind === 'transfer') {
          const sourceId = truckId || firstLocationId;
          setFromLocationId(sourceId);
          setToLocationId('');
        } else {
          setFromLocationId(nextKind === 'return_to_factory' ? truckId : truckId || firstLocationId);
          setToLocationId('');
        }
      };
    
      if (loading && !summary) {
        return <p className="empty-text">กำลังรวมยอดสต๊อกทุกจุด...</p>;
      }
      if (!summary) {
        return <p className="error-text">{error ?? 'ไม่พบข้อมูลสต๊อก'}</p>;
      }
      const countedLocation = summary.locations.find((location) => location.id === countLocationId)
        ?? summary.locations[0];
      const requiresSource = true;
      const requiresDestination = kind === 'transfer';
      const sourceLocations = kind === 'return_to_factory' ? truckLocations : summary.locations;
      const destinationLocations = summary.locations.filter((location) => location.id !== fromLocationId);
      const stockTimestamp = isRoundSnapshot ? summary.snapshot_at : loadedAt;
      const selectedSource = summary.locations.find((location) => location.id === fromLocationId)
        ?? truckLocations[0]
        ?? summary.locations[0];
      const selectedRecipient = destinationLocations.find((location) => location.id === toLocationId) ?? null;
      const recipientLocations = destinationLocations;
      const movementIceTypes = selectedSource?.balances ?? iceTypes;
      const cartItems = movementIceTypes.filter((ice) => (quantities[ice.ice_type_id] ?? 0) > 0);
      const cartTotal = cartItems.reduce((total, ice) => total + (quantities[ice.ice_type_id] ?? 0), 0);
    
      const updateQuantity = (iceTypeId: string, value: number, available: number) => {
        const nextValue = Math.min(available, Math.max(0, Math.round(value * 2) / 2));
        setQuantities((current) => ({ ...current, [iceTypeId]: nextValue }));
        stockMovementAction.reset();
      };
    
      return (
        <div className="stock-control">
          {activeTab !== 'transfer' ? <div className="stock-layout-panel">
            <div className="stock-layout-header">
              <h3 className="stock-layout-title">
                {isRoundSnapshot ? 'สต๊อกทั้งวัน ณ เวลาปิดรอบ' : 'สต๊อกปัจจุบันของวัน'}
              </h3>
              <div className="stock-layout-subtitle">
                <span>{isRoundSnapshot ? 'ข้อมูล ณ' : 'โหลดล่าสุด'} {stockTimestamp ? formatStockTime(stockTimestamp) : '-'} น.</span>
                <button
                  aria-label="รีเฟรชข้อมูลสต๊อก"
                  className="stock-refresh-button"
                  disabled={loading}
                  onClick={() => void loadSummary(serviceDate, round?.id ?? null)}
                  type="button"
                >
                  <svg width="14" height="14" fill="none" stroke="currentColor" strokeWidth="2" viewBox="0 0 24 24"><path d="M4 4v5h.582m15.356 2A8.001 8.001 0 004.582 9m0 0H9m11 11v-5h-.581m0 0a8.003 8.003 0 01-15.357-2m15.357 2H15"/></svg>
                </button>
              </div>
            </div>
    
            {isRoundSnapshot ? (
              <p className="muted" style={{ marginBottom: 16 }}>ยอดนี้หยุดที่ {summary.snapshot_at ? formatStockDateTime(summary.snapshot_at) : 'เวลาปิดรอบ'} และจะไม่เปลี่ยนตามรายการของรอบปัจจุบัน</p>
            ) : null}
    
            <div className="stock-location-grid-custom">
              {summary.locations.map((location) => {
                const hasNegative = location.balances.some((balance) => balance.quantity < 0);
                return (
                  <section className={`stock-location-card-custom ${hasNegative ? 'stock-location-card--warning' : ''}`} key={location.id}>
                    <div className="stock-location-card-custom-header">
                      <div className="icon-circle">
                        {location.kind === 'truck' ? <svg width="14" height="14" fill="none" stroke="currentColor" strokeWidth="2" viewBox="0 0 24 24"><path d="M5 12h14M5 12a2 2 0 01-2-2V6a2 2 0 012-2h14a2 2 0 012 2v4a2 2 0 01-2 2M5 12v6a2 2 0 002 2h10a2 2 0 002-2v-6M9 16h6"/></svg> : location.name.charAt(0)}
                      </div>
                      {location.name}
                    </div>
                    <div className="stock-location-card-custom-body">
                      {location.balances.map((balance) => (
                        <div className="stock-balance-row" key={balance.ice_type_id}>
                          <span>{balance.ice_type_name}</span>
                          <strong className={`qty ${balance.quantity === 0 ? 'zero' : ''}`}>{balance.quantity}</strong>
                        </div>
                      ))}
                    </div>
                    {hasNegative ? <p className="error-text" style={{ marginTop: 8 }}>ยอดติดลบ</p> : null}
                  </section>
                );
              })}
            </div>
          </div> : null}
    
          {!isRoundSnapshot ? (
            <div className="stock-layout-panel">
              <div className="action-tabs">
                <button
                  className={`action-tab ${activeTab === 'transfer' ? 'active' : ''}`}
                  onClick={() => selectMovementKind('transfer')}
                  type="button"
                >
                  <svg fill="none" stroke="currentColor" strokeWidth="2" viewBox="0 0 24 24"><path d="M8 7h12m0 0l-4-4m4 4l-4 4m0 6H4m0 0l4 4m-4-4l4-4"/></svg>
                  โอนระหว่างจุด
                </button>
    
                <button
                  className={`action-tab ${activeTab === 'damage' ? 'active' : ''}`}
                  onClick={() => selectMovementKind('damage')}
                  type="button"
                >
                  <svg fill="none" stroke="currentColor" strokeWidth="2" viewBox="0 0 24 24"><path d="M12 2.69l5.66 5.66a8 8 0 11-11.31 0z"/></svg>
                  เสียหาย / ละลาย
                </button>
                <button
                  className={`action-tab ${activeTab === 'count' ? 'active' : ''}`}
                  onClick={() => selectMovementKind('count')}
                  type="button"
                >
                  <svg fill="none" stroke="currentColor" strokeWidth="2" viewBox="0 0 24 24"><path d="M9 5H7a2 2 0 00-2 2v12a2 2 0 002 2h10a2 2 0 002-2V7a2 2 0 00-2-2h-2M9 5a2 2 0 002 2h2a2 2 0 002-2M9 5a2 2 0 012-2h2a2 2 0 012 2m-3 7h3m-3 4h3m-6-4h.01M9 16h.01"/></svg>
                  ตรวจนับจริง
                </button>
                <button
                  className={`action-tab ${activeTab === 'return_to_factory' ? 'active' : ''}`}
                  onClick={() => selectMovementKind('return_to_factory')}
                  type="button"
                >
                  <svg fill="none" stroke="currentColor" strokeWidth="2" viewBox="0 0 24 24"><path d="M4 12h16m-6-6 6 6-6 6"/></svg>
                  ส่งคืนโรงงาน
                </button>
              </div>
    
              {activeTab === 'transfer' ? (
                <form className="holder-pos" onSubmit={handleSubmit}>
                  <div className="holder-pos__main">
                    <section className="holder-pos__section" aria-labelledby="holder-step-title">
                      <div className="holder-pos__section-heading">
                        <span>1.</span>
                        <h3 id="holder-step-title">เลือกต้นทางและจุดรับสต๊อก</h3>
                      </div>
                      <div className="holder-pos__source-control">
                        <Truck aria-hidden="true" size={18} weight="fill" />
                        <LocationSelect
                          label="ต้นทาง (จาก)"
                          locations={sourceLocations}
                          onChange={(nextSourceId) => {
                            setFromLocationId(nextSourceId);
                            setToLocationId((current) => current === nextSourceId ? '' : current);
                            setQuantities({});
                            stockMovementAction.reset();
                          }}
                          value={fromLocationId}
                        />
                      </div>
    
                      <div className="holder-card-grid">
                        {recipientLocations.map((location) => {
                          const isSelected = location.id === toLocationId;
                          const totalBalance = location.balances.reduce((total, balance) => total + balance.quantity, 0);
                          return (
                            <button
                              aria-pressed={isSelected}
                              className={`holder-card ${isSelected ? 'holder-card--selected' : ''}`}
                              key={location.id}
                              onClick={() => {
                                setToLocationId(location.id);
                                stockMovementAction.reset();
                              }}
                              type="button"
                            >
                              {isSelected ? <CheckCircle className="holder-card__check" size={21} weight="fill" /> : null}
                              <span className="holder-card__avatar" aria-hidden="true">
                                <UserCircle size={48} weight="duotone" />
                              </span>
                              <span className="holder-card__identity">
                                <strong>{location.name}</strong>
                                <small>{location.code}</small>
                              </span>
                              <span className={`holder-card__balance ${totalBalance === 0 ? 'holder-card__balance--empty' : ''}`}>
                                คงเหลือที่จุดรับ <strong>{formatStockQuantity(totalBalance)}</strong> หน่วย
                              </span>
                            </button>
                          );
                        })}
                        {recipientLocations.length === 0 ? (
                          <p className="holder-pos__empty">ยังไม่มีจุดรับสต๊อกที่พร้อมรับสินค้า</p>
                        ) : null}
                      </div>
                    </section>
    
                    <section className="holder-pos__section" aria-labelledby="product-step-title">
                      <div className="holder-pos__section-heading">
                        <span>2.</span>
                        <h3 id="product-step-title">เลือกชนิดและจำนวน</h3>
                      </div>
                      <div className="product-card-grid">
                        {movementIceTypes.map((ice, index) => {
                          const quantity = quantities[ice.ice_type_id] ?? 0;
                          const selected = quantity > 0;
                          const ProductIcon = index % 2 === 0 ? Cube : Snowflake;
                          return (
                            <article className={`product-quantity-card ${selected ? 'product-quantity-card--selected' : ''}`} key={ice.ice_type_id}>
                              {selected ? <CheckCircle className="product-quantity-card__check" size={21} weight="fill" /> : null}
                              <div className="product-quantity-card__header">
                                <span className="product-quantity-card__icon" aria-hidden="true"><ProductIcon size={37} weight="duotone" /></span>
                                <span>
                                  <strong>{ice.ice_type_name}</strong>
                                  <small>บนรถ {formatStockQuantity(ice.quantity)} {ice.unit}</small>
                                </span>
                              </div>
                              <div className="quantity-stepper">
                                <button
                                  aria-label={`ลด ${ice.ice_type_name}`}
                                  disabled={quantity <= 0 || closeState?.is_closed}
                                  onClick={() => updateQuantity(ice.ice_type_id, quantity - 0.5, ice.quantity)}
                                  type="button"
                                >
                                  <Minus size={18} weight="bold" />
                                </button>
                                <input
                                  aria-label={`จำนวน ${ice.ice_type_name}`}
                                  disabled={closeState?.is_closed}
                                  inputMode="decimal"
                                  max={ice.quantity}
                                  min={0}
                                  onChange={(event) => updateQuantity(ice.ice_type_id, Number(event.target.value) || 0, ice.quantity)}
                                  placeholder="0"
                                  step={0.5}
                                  type="number"
                                  value={quantity || ''}
                                />
                                <button
                                  aria-label={`เพิ่ม ${ice.ice_type_name}`}
                                  disabled={quantity >= ice.quantity || closeState?.is_closed}
                                  onClick={() => updateQuantity(ice.ice_type_id, quantity + 0.5, ice.quantity)}
                                  type="button"
                                >
                                  <Plus size={18} weight="bold" />
                                </button>
                              </div>
                              <div className="quantity-quick-actions" aria-label={`ปุ่มลัด ${ice.ice_type_name}`}>
                                {[1, 5, 10].map((amount) => (
                                  <button
                                    disabled={quantity >= ice.quantity || closeState?.is_closed}
                                    key={amount}
                                    onClick={() => updateQuantity(ice.ice_type_id, quantity + amount, ice.quantity)}
                                    type="button"
                                  >
                                    +{amount}
                                  </button>
                                ))}
                              </div>
                            </article>
                          );
                        })}
                      </div>
                    </section>
    
                    <label className="holder-pos__note">
                      <span>หมายเหตุเพิ่มเติม (ถ้ามี)</span>
                      <textarea
                        disabled={closeState?.is_closed}
                        onChange={(event) => setNote(event.target.value)}
                        placeholder="ระบุหมายเหตุเพิ่มเติม..."
                        rows={3}
                        value={note}
                      />
                    </label>
                  </div>
    
                  <aside className="holder-cart" aria-labelledby="cart-title">
                    <h3 id="cart-title">3. สรุปรายการเบิก</h3>
                    {selectedRecipient ? (
                      <div className="holder-cart__recipient">
                        <UserCircle aria-hidden="true" size={50} weight="duotone" />
                        <span>
                          <small>กำลังโอนไปยัง:</small>
                          <strong>{selectedRecipient.name}</strong>
                          <small>{selectedRecipient.code}</small>
                        </span>
                      </div>
                    ) : (
                      <div className="holder-cart__placeholder">เลือกจุดรับสต๊อกเพื่อเริ่มรายการ</div>
                    )}
    
                    <div className="holder-cart__items" aria-live="polite">
                      {cartItems.map((ice, index) => {
                        const ProductIcon = index % 2 === 0 ? Cube : Snowflake;
                        return (
                          <div className="holder-cart__item" key={ice.ice_type_id}>
                            <ProductIcon aria-hidden="true" size={31} weight="duotone" />
                            <span>{ice.ice_type_name}</span>
                            <strong>{formatStockQuantity(quantities[ice.ice_type_id] ?? 0)} <small>{ice.unit}</small></strong>
                          </div>
                        );
                      })}
                      {cartItems.length === 0 ? <p>ยังไม่ได้เลือกสินค้า</p> : null}
                    </div>
    
                    <div className="holder-cart__totals">
                      <span>รวมรายการ <strong>{cartItems.length} ชนิด</strong></span>
                      <span>รวมจำนวน <strong>{formatStockQuantity(cartTotal)} หน่วย</strong></span>
                    </div>
    
                    <div className="holder-cart__notice">
                      <Info aria-hidden="true" size={21} weight="fill" />
                      <span>หลังยืนยัน ระบบจะตัดจาก {selectedSource?.name ?? 'รถหลัก'} และเพิ่มเข้าสู่สต๊อกของผู้รับทันที</span>
                    </div>
    
                    {stockMovementAction.error ? <p className="holder-cart__feedback error-text" role="alert">{stockMovementAction.error}</p> : null}
                    {stockMovementAction.success ? <p className="holder-cart__feedback success-text" role="status">{stockMovementAction.success}</p> : null}
    
                    <button
                      aria-label="ยืนยัน โอนระหว่างจุด"
                      className="primary-button holder-cart__confirm"
                      disabled={!actionRound || !selectedRecipient || cartItems.length === 0 || stockMovementAction.isSubmitting || closeState?.is_closed}
                      type="submit"
                    >
                      <Check size={19} weight="bold" />
                      {closeState?.is_closed
                        ? 'ปิดสต๊อกวันนี้แล้ว'
                        : stockMovementAction.isSubmitting
                          ? 'กำลังบันทึก...'
                          : `ยืนยันโอนไป${selectedRecipient?.name ?? 'จุดรับ'}`}
                    </button>
                    <button
                      className="holder-cart__clear"
                      disabled={cartItems.length === 0 && !selectedRecipient}
                      onClick={() => {
                        setQuantities(Object.fromEntries(movementIceTypes.map((ice) => [ice.ice_type_id, 0])));
                        setToLocationId('');
                        setNote('');
                        stockMovementAction.reset();
                      }}
                      type="button"
                    >
                      <Trash size={18} />
                      ล้างรายการ
                    </button>
                  </aside>
                </form>
              ) : activeTab !== 'count' ? (
                <form onSubmit={handleSubmit}>
                  <div className={`action-form-grid ${requiresSource && requiresDestination ? '' : 'action-form-grid--single'}`}>
                    {requiresSource ? <div>
                      <LocationSelect
                        label="ต้นทาง (จาก)"
                        locations={sourceLocations}
                        onChange={setFromLocationId}
                        value={fromLocationId}
                      />
                    </div> : null}
                    {requiresSource && requiresDestination ? <div className="swap-icon-container">
                      <svg width="20" height="20" fill="none" stroke="currentColor" strokeWidth="2" viewBox="0 0 24 24"><path d="M8 7h12m0 0l-4-4m4 4l-4 4m0 6H4m0 0l4 4m-4-4l4-4"/></svg>
                    </div> : null}
                    {requiresDestination ? <div>
                      <LocationSelect
                        label="ปลายทาง (ไปยัง)"
                        locations={destinationLocations}
                        onChange={setToLocationId}
                        value={toLocationId}
                      />
                    </div> : null}
                  </div>
    
                  <div style={{ marginTop: 24 }}>
                    <p className="eyebrow" style={{ color: '#1a2332', fontWeight: 600, fontSize: '0.95rem', marginBottom: 12 }}>ชนิดและจำนวน</p>
                    <div className="inputs-2col">
                      {iceTypes.map((ice) => (
                        <div className="input-row" key={ice.ice_type_id}>
                          <span>{ice.ice_type_name}</span>
                          <div className="input-wrapper">
                            <input
                              inputMode="decimal"
                              disabled={closeState?.is_closed}
                              min={0}
                              step={0.5}
                              onChange={(event) => setQuantities((current) => ({
                                ...current,
                                [ice.ice_type_id]: Math.max(0, Number(event.target.value) || 0),
                              }))}
                              type="number"
                              value={quantities[ice.ice_type_id] || ''}
                              placeholder="0"
                            />
                            <small>{ice.unit}</small>
                          </div>
                        </div>
                      ))}
                    </div>
                  </div>
    
                  <div style={{ marginTop: 24 }}>
                    <p className="eyebrow" style={{ color: '#1a2332', fontWeight: 600, fontSize: '0.95rem', marginBottom: 12 }}>หมายเหตุ (ถ้ามี)</p>
                    <textarea
                      disabled={closeState?.is_closed}
                      onChange={(event) => setNote(event.target.value)}
                      placeholder={kind === 'damage' ? 'เช่น ถุงแตกหรือละลายระหว่างรอส่ง' : 'ระบุรายละเอียดเพิ่มเติม (ถ้ามี)'}
                      required={kind === 'damage'}
                      rows={2}
                      value={note}
                      style={{ width: '100%' }}
                    />
                  </div>
    
                  {stockMovementAction.error ? <p className="error-text" style={{ marginTop: 16 }}>{stockMovementAction.error}</p> : null}
                  {stockMovementAction.success ? <p className="success-text" style={{ marginTop: 16 }}>{stockMovementAction.success}</p> : null}
    
                  <div className="submit-btn-container">
                    <button className="primary-button" disabled={!actionRound || stockMovementAction.isSubmitting || closeState?.is_closed} type="submit">
                      <svg width="18" height="18" fill="none" stroke="currentColor" strokeWidth="2" viewBox="0 0 24 24"><path d="M22 2L11 13M22 2l-7 20-4-9-9-4 20-7z"/></svg>
                      {closeState?.is_closed ? 'ปิดสต๊อกวันนี้แล้ว' : stockMovementAction.isSubmitting ? 'กำลังบันทึก...' : `ยืนยัน ${MOVEMENT_LABELS[kind]}`}
                    </button>
                  </div>
                </form>
              ) : (
                <form onSubmit={handleLocationCount}>
                  <div style={{ marginBottom: 24 }}>
                    <LocationSelect
                      label="จุดที่ต้องการตรวจนับ"
                      locations={summary.locations}
                      onChange={setCountLocationId}
                      value={countLocationId}
                    />
                  </div>
                  <p className="eyebrow" style={{ color: '#1a2332', fontWeight: 600, fontSize: '0.95rem', marginBottom: 12 }}>ตรวจนับและเปรียบเทียบ</p>
                  <div className="inputs-2col">
                    {countedLocation?.balances.map((balance) => {
                      const actual = actualCounts[balance.ice_type_id] ?? 0;
                      const variance = actual - balance.quantity;
                      return (
                        <div className="input-row" key={balance.ice_type_id}>
                          <span>{balance.ice_type_name} (ระบบ {balance.quantity})</span>
                          <div className="input-wrapper" style={{ flexDirection: 'column', alignItems: 'flex-end', width: 'auto' }}>
                            <div style={{ display: 'flex', alignItems: 'center', gap: 8 }}>
                              <input
                                disabled={closeState?.is_closed}
                                min={0}
                                step={0.5}
                                type="number"
                                value={actual || ''}
                                placeholder="0"
                                onChange={(event) => setActualCounts((current) => ({
                                  ...current,
                                  [balance.ice_type_id]: Math.max(0, Number(event.target.value) || 0),
                                }))}
                                style={{ width: 100 }}
                              />
                              <small>{balance.unit}</small>
                            </div>
                            <small className={variance === 0 ? 'success-text' : 'error-text'} style={{ width: 'auto', textAlign: 'right' }}>
                              {variance === 0 ? 'ยอดตรง' : `ต่าง ${variance > 0 ? '+' : ''}${variance}`}
                            </small>
                          </div>
                        </div>
                      );
                    })}
                  </div>
                  <div style={{ marginTop: 24 }}>
                    <p className="eyebrow" style={{ color: '#1a2332', fontWeight: 600, fontSize: '0.95rem', marginBottom: 12 }}>หมายเหตุ (ถ้ามี)</p>
                    <textarea disabled={closeState?.is_closed} rows={2} value={countNote} onChange={(event) => setCountNote(event.target.value)} style={{ width: '100%' }} />
                  </div>
    
                  {locationCountAction.error ? <p className="error-text" style={{ marginTop: 16 }}>{locationCountAction.error}</p> : null}
                  {locationCountAction.success ? <p className="success-text" style={{ marginTop: 16 }}>{locationCountAction.success}</p> : null}
    
                  <div className="submit-btn-container">
                    <button className="primary-button" disabled={locationCountAction.isSubmitting || closeState?.is_closed} type="submit">
                      <svg width="18" height="18" fill="none" stroke="currentColor" strokeWidth="2" viewBox="0 0 24 24"><path d="M9 5H7a2 2 0 00-2 2v12a2 2 0 002 2h10a2 2 0 002-2V7a2 2 0 00-2-2h-2M9 5a2 2 0 002 2h2a2 2 0 002-2M9 5a2 2 0 012-2h2a2 2 0 012 2m-3 7h3m-3 4h3m-6-4h.01M9 16h.01"/></svg>
                      {locationCountAction.isSubmitting ? 'กำลังบันทึก...' : 'บันทึกยอดนับจริง'}
                    </button>
                  </div>
    
                  <div className="stock-ledger-list" style={{ marginTop: 24, paddingTop: 24, borderTop: '1px solid #e1e7ef' }}>
                    <p className="eyebrow" style={{ color: '#1a2332', fontWeight: 600, fontSize: '0.95rem', marginBottom: 16 }}>ประวัติการตรวจนับวันนี้</p>
                    {countHistory.slice(0, 6).map((snapshot) => (
                      <article className="stock-ledger-item" key={snapshot.id}>
                        <div className="panel-header"><strong>{snapshot.location_name}</strong><time>{formatStockTime(snapshot.counted_at)}</time></div>
                        <small>{snapshot.items.map((item) => `${item.ice_type_name}: ระบบ ${item.system_quantity} / นับ ${item.actual_quantity} / ต่าง ${item.variance_quantity}`).join(' · ')}</small>
                        <small>{snapshot.counted_by}{snapshot.note ? ` · ${snapshot.note}` : ''}</small>
                      </article>
                    ))}
                    {countHistory.length === 0 ? <p className="empty-text">ยังไม่มี snapshot ยอดนับกลับของวันนี้</p> : null}
                  </div>
                </form>
              )}
            </div>
          ) : null}
    
          {!isRoundSnapshot ? (
            <section className="daily-close-section" style={{ marginTop: 24 }}>
              <div className="panel-header">
                <div>
                  <p className="eyebrow">หลังจบทุกรอบของวัน</p>
                  <h3>ตรวจนับและปิดสต๊อกสิ้นวัน</h3>
                </div>
                <span className={`status-badge ${closeState?.is_closed ? 'status-badge--success' : 'status-badge--neutral'}`}>
                  {closeState?.is_closed ? 'ปิดแล้ว' : `เหลือ ${closeState?.open_round_count ?? 0} รอบเปิด`}
                </span>
              </div>
    
              {closeState?.is_closed ? (
                <div className="stack">
                  <p className="success-text">ปิดโดย {closeState.closed_by ?? '-'} · {closeState.closed_at ? formatStockDateTime(closeState.closed_at) : '-'}</p>
                  <p className="muted">ระบบเก็บยอดตามระบบ ยอดนับจริง และส่วนต่างไว้แล้ว พร้อมบันทึกการรวบรวมของทุกจุดและส่งยอดคงเหลือกลับโรงงานจนยอดทุกจุดเป็นศูนย์</p>
                  <div className="stock-ledger-list">
                    {closeState.counts.map((item) => (
                      <article className="stock-ledger-item" key={closeCountKey(item.location_id, item.ice_type_id)}>
                        <strong>{item.location_name} · {item.ice_type_name}</strong>
                        <small>ระบบ {item.system_quantity} · นับจริง {item.actual_quantity} · ต่าง {item.variance_quantity > 0 ? '+' : ''}{item.variance_quantity} {item.unit}</small>
                      </article>
                    ))}
                  </div>
                </div>
              ) : (
                <form className="stock-movement-form" onSubmit={handleCloseDay}>
                  <p className="muted">ตรวจสอบผลการตรวจนับล่าสุดของแต่ละจุด ระบบจะรวมยอดเพื่อปิดสต๊อกและส่งคืนโรงงานตามยอดนี้</p>
    
                  <div className="table-responsive" style={{ margin: '16px 0', border: '1px solid #e1e7ef', borderRadius: 8, overflow: 'hidden' }}>
                    <table className="data-table" style={{ width: '100%', borderCollapse: 'collapse', textAlign: 'left', fontSize: '0.9rem' }}>
                      <thead style={{ backgroundColor: '#f8fafc', borderBottom: '1px solid #e1e7ef' }}>
                        <tr>
                          <th style={{ padding: '12px 16px', color: '#64748b', fontWeight: 600 }}>จุด</th>
                          <th style={{ padding: '12px 16px', color: '#64748b', fontWeight: 600 }}>สถานะ</th>
                          <th style={{ padding: '12px 16px', color: '#64748b', fontWeight: 600 }}>ผลตรวจ</th>
                        </tr>
                      </thead>
                      <tbody style={{ backgroundColor: '#fff' }}>
                        {summary.locations.map((location) => {
                          const readiness = readinessByLocation.get(location.id);
                          const latest = readiness?.snapshot;
                          let statusStr = 'ยังไม่ตรวจ';
                          let statusColor = '#64748b';
                          let resultStr = '—';
                          let resultColor = '#64748b';
    
                          if (readiness?.status === 'stale' && latest) {
                            statusStr = `ต้องตรวจใหม่ · ตรวจล่าสุด ${formatStockTime(latest.counted_at)} น.`;
                            statusColor = '#c2410c';
                            resultStr = 'มีรายการสต๊อกหลังการตรวจ';
                            resultColor = '#c2410c';
                          } else if (readiness?.status === 'current' && latest) {
                            statusStr = `ตรวจแล้ว ${formatStockTime(latest.counted_at)} น.`;
                            statusColor = '#0f172a';
    
                            let totalVariance = 0;
                            const variances: string[] = [];
                            latest.items.forEach(item => {
                              totalVariance += item.variance_quantity;
                              if (item.variance_quantity !== 0) {
                                variances.push(`${item.ice_type_name} ${item.variance_quantity > 0 ? '+' : ''}${item.variance_quantity}`);
                              }
                            });
    
                            if (totalVariance === 0 && variances.length === 0) {
                              resultStr = 'ตรง';
                              resultColor = '#10b981';
                            } else {
                              resultStr = variances.join(', ');
                              resultColor = '#ef4444';
                            }
                          }
    
                          return (
                            <tr key={location.id} style={{ borderBottom: '1px solid #f1f5f9' }}>
                              <td style={{ padding: '12px 16px', fontWeight: 500 }}>{location.name}</td>
                              <td style={{ padding: '12px 16px', color: statusColor }}>{statusStr}</td>
                              <td style={{ padding: '12px 16px', color: resultColor, fontWeight: 500 }}>{resultStr}</td>
                            </tr>
                          );
                        })}
                      </tbody>
                    </table>
                  </div>
    
                  <div style={{ display: 'flex', gap: 16, marginBottom: 24, flexWrap: 'wrap' }}>
                    {uncountedLocations.length > 0 && (
                      <button
                        type="button"
                        className="secondary-button"
                        onClick={() => {
                          setActiveTab('count');
                          setCountLocationId(uncountedLocations[0].id);
                          window.scrollTo({ top: 0, behavior: 'smooth' });
                        }}
                      >
                        <svg width="16" height="16" fill="none" stroke="currentColor" strokeWidth="2" viewBox="0 0 24 24" style={{ marginRight: 6, verticalAlign: 'text-bottom' }}><path d="M9 5H7a2 2 0 00-2 2v12a2 2 0 002 2h10a2 2 0 002-2V7a2 2 0 00-2-2h-2M9 5a2 2 0 002 2h2a2 2 0 002-2M9 5a2 2 0 012-2h2a2 2 0 012 2m-3 7h3m-3 4h3m-6-4h.01M9 16h.01"/></svg>
                        ตรวจจุดที่ยังไม่ครบหรือข้อมูลเก่า ({uncountedLocations.length})
                      </button>
                    )}
                    <button
                      type="button"
                      className="secondary-button"
                      onClick={() => {
                        const ledger = document.querySelector('.stock-ledger');
                        if (ledger) ledger.scrollIntoView({ behavior: 'smooth' });
                      }}
                    >
                      <svg width="16" height="16" fill="none" stroke="currentColor" strokeWidth="2" viewBox="0 0 24 24" style={{ marginRight: 6, verticalAlign: 'text-bottom' }}><path d="M12 8v4l3 3m6-3a9 9 0 11-18 0 9 9 0 0118 0z"/></svg>
                      ดูประวัติการทำรายการ
                    </button>
                  </div>
    
                  {uncountedLocations.length > 0 && (
                    <label style={{ display: 'flex', alignItems: 'center', gap: 8, padding: '12px', backgroundColor: '#fff7ed', border: '1px solid #fdba74', borderRadius: 8, marginBottom: 16 }}>
                      <input
                        type="checkbox"
                        checked={confirmSkipUncounted}
                        onChange={(event) => setConfirmSkipUncounted(event.target.checked)}
                      />
                      <span style={{ color: '#c2410c', fontSize: '0.9rem', fontWeight: 500 }}>
                        หัวหน้างานยืนยัน: ปิดวันโดยใช้ยอดตามระบบสำหรับจุดที่ยังไม่มีผลตรวจปัจจุบัน ({uncountedLocations.length} จุด)
                      </span>
                    </label>
                  )}
    
                  <label>เหตุผลหรือหมายเหตุปิดวัน (ถ้ามี)<textarea rows={2} value={closeNote} onChange={(event) => setCloseNote(event.target.value)} /></label>
                  {closeState && closeState.open_round_count > 0 ? <p className="error-text">ต้องปิดรอบส่งที่เหลือ {closeState.open_round_count} รอบก่อน</p> : null}
    
                  {closeDayAction.error ? <p className="error-text">{closeDayAction.error}</p> : null}
                  {closeDayAction.success ? <p className="success-text">{closeDayAction.success}</p> : null}
    
                  <button
                    className="primary-button"
                    disabled={closeDayAction.isSubmitting || !closeState || closeState.open_round_count > 0 || (uncountedLocations.length > 0 && !confirmSkipUncounted)}
                    type="submit"
                  >
                    {closeDayAction.isSubmitting ? 'กำลังปิดสต๊อก...' : 'ปิดสต๊อกวันนี้'}
                  </button>
                </form>
              )}
            </section>
          ) : null}
    
          <section className="stock-ledger" style={{ marginTop: 24 }}>
            <div>
              <p className="eyebrow">{isRoundSnapshot ? 'ประวัติจนถึงเวลาปิดรอบ' : 'ประวัติล่าสุดของวัน'}</p>
              <h3>{isRoundSnapshot ? 'รายการก่อน Snapshot' : 'รายการที่ตรวจนับได้'}</h3>
            </div>
            <div className="stock-ledger-list">
              {summary.recent_movements.map((movement) => (
                <article className="stock-ledger-item" key={movement.id}>
                  <div className="panel-header">
                    <strong>{MOVEMENT_LABELS[movement.kind]}</strong>
                    <time>{formatStockTime(movement.recorded_at)}</time>
                  </div>
                  <p>
                    {movement.from_location_name ?? 'โรงงาน'}
                    {' → '}
                    {movement.to_location_name ?? (movement.kind === 'damage' ? 'เสียหาย' : 'โรงงาน')}
                  </p>
                  <small>{movement.items.map((item) => `${item.ice_type_name} ${item.quantity} ${item.unit}`).join(' · ')}</small>
                  <small>{movement.recorded_by}{movement.note ? ` · ${movement.note}` : ''}</small>
                </article>
              ))}
              {summary.recent_movements.length === 0 ? <p className="empty-text">ยังไม่มีรายการสต๊อกในวันนี้</p> : null}
            </div>
          </section>
        </div>
      );
    }
    
    function LocationSelect({
      label,
      locations,
      value,
      onChange,
    }: {
      label: string;
      locations: StockLocationBalance[];
      value: string;
      onChange: (value: string) => void;
    }) {
      return (
        <label>
          {label}
          <select required value={value} onChange={(event) => onChange(event.target.value)}>
            <option value="">เลือกจุด</option>
            {locations.map((location) => (
              <option key={location.id} value={location.id}>{location.name}</option>
            ))}
          </select>
        </label>
      );
    }
    
    function formatStockTime(value: string) {
      return new Intl.DateTimeFormat('th-TH', {
        hour: '2-digit',
        minute: '2-digit',
      }).format(new Date(value));
    }
    
    function formatStockDateTime(value: string) {
      return new Intl.DateTimeFormat('th-TH', {
        dateStyle: 'medium',
        timeStyle: 'short',
      }).format(new Date(value));
    }
    
    function formatStockQuantity(value: number) {
      return Number.isInteger(value) ? String(value) : value.toFixed(1);
    }
    
    function closeCountKey(locationId: string, iceTypeId: string) {
      return `${locationId}:${iceTypeId}`;
    }
    
  operator: 'match'
  stack: |-
    TestContext.<anonymous> (file:///Users/bhusitt./Downloads/%E0%B8%AA%E0%B9%88%E0%B8%87%E0%B8%99%E0%B9%89%E0%B8%B3%E0%B9%81%E0%B8%82%E0%B9%87%E0%B8%87/tests/manager-contracts.test.mjs:118:10)
    Test.runInAsyncScope (node:async_hooks:206:9)
    Test.run (node:internal/test_runner/test:796:25)
    Test.processPendingSubtests (node:internal/test_runner/test:526:18)
    Test.postRun (node:internal/test_runner/test:889:19)
    Test.run (node:internal/test_runner/test:835:12)
    async Test.processPendingSubtests (node:internal/test_runner/test:526:7)
  ...
# Subtest: manager overview does not replace the operational manager workspace
not ok 10 - manager overview does not replace the operational manager workspace
  ---
  duration_ms: 0.539625
  location: '/Users/bhusitt./Downloads/ส่งน้ำแข็ง/tests/manager-contracts.test.mjs:125:1'
  failureType: 'testCodeFailure'
  error: |-
    The input did not match the regular expression /useState<AdminView>\('manager_overview'\)/. Input:
    
    "import { AuthGate } from './AuthGate';\n" +
      '\n' +
      'function App() {\n' +
      '  return <AuthGate />;\n' +
      '}\n' +
      '\n' +
      'export default App;\n'
    
  code: 'ERR_ASSERTION'
  name: 'AssertionError'
  expected:
  actual: |-
    import { AuthGate } from './AuthGate';
    
    function App() {
      return <AuthGate />;
    }
    
    export default App;
    
  operator: 'match'
  stack: |-
    TestContext.<anonymous> (file:///Users/bhusitt./Downloads/%E0%B8%AA%E0%B9%88%E0%B8%87%E0%B8%99%E0%B9%89%E0%B8%B3%E0%B9%81%E0%B8%82%E0%B9%87%E0%B8%87/tests/manager-contracts.test.mjs:128:10)
    Test.runInAsyncScope (node:async_hooks:206:9)
    Test.run (node:internal/test_runner/test:796:25)
    Test.processPendingSubtests (node:internal/test_runner/test:526:18)
    Test.postRun (node:internal/test_runner/test:889:19)
    Test.run (node:internal/test_runner/test:835:12)
    async Test.processPendingSubtests (node:internal/test_runner/test:526:7)
  ...
# Subtest: couriers use the full-screen employee delivery workspace
not ok 11 - couriers use the full-screen employee delivery workspace
  ---
  duration_ms: 0.950666
  location: '/Users/bhusitt./Downloads/ส่งน้ำแข็ง/tests/manager-contracts.test.mjs:135:1'
  failureType: 'testCodeFailure'
  error: |-
    The input did not match the regular expression /profile\.role === 'courier'[\s\S]*<EmployeeLayout[\s\S]*signOutDisabled=\{deliveryDraftState\.submitting\}[\s\S]*<EmployeeDeliveryWorkspace enableAssignedStockFlow onDraftStateChange=\{setDeliveryDraftState\} requestScope=\{profile\.id\} \/>/. Input:
    
    "import { AuthGate } from './AuthGate';\n" +
      '\n' +
      'function App() {\n' +
      '  return <AuthGate />;\n' +
      '}\n' +
      '\n' +
      'export default App;\n'
    
  code: 'ERR_ASSERTION'
  name: 'AssertionError'
  expected:
  actual: |-
    import { AuthGate } from './AuthGate';
    
    function App() {
      return <AuthGate />;
    }
    
    export default App;
    
  operator: 'match'
  stack: |-
    TestContext.<anonymous> (file:///Users/bhusitt./Downloads/%E0%B8%AA%E0%B9%88%E0%B8%87%E0%B8%99%E0%B9%89%E0%B8%B3%E0%B9%81%E0%B8%82%E0%B9%87%E0%B8%87/tests/manager-contracts.test.mjs:140:10)
    Test.runInAsyncScope (node:async_hooks:206:9)
    Test.run (node:internal/test_runner/test:796:25)
    Test.processPendingSubtests (node:internal/test_runner/test:526:18)
    Test.postRun (node:internal/test_runner/test:889:19)
    Test.run (node:internal/test_runner/test:835:12)
    async Test.processPendingSubtests (node:internal/test_runner/test:526:7)
  ...
# Subtest: manager dashboard is driven by live round, stock, and daily-close data
ok 12 - manager dashboard is driven by live round, stock, and daily-close data
  ---
  duration_ms: 0.485333
  ...
# Subtest: stock operations stay separate while the router exposes combined location management
ok 13 - stock operations stay separate while the router exposes combined location management
  ---
  duration_ms: 1.191041
  ...
# Subtest: admin reference settings manage existing profiles and ice types without creating accounts
not ok 14 - admin reference settings manage existing profiles and ice types without creating accounts
  ---
  duration_ms: 0.841541
  location: '/Users/bhusitt./Downloads/ส่งน้ำแข็ง/tests/manager-contracts.test.mjs:174:1'
  failureType: 'testCodeFailure'
  error: |-
    The input did not match the regular expression /profile\.role === 'admin'[\s\S]*'reference_settings'/. Input:
    
    "import { AuthGate } from './AuthGate';\n" +
      '\n' +
      'function App() {\n' +
      '  return <AuthGate />;\n' +
      '}\n' +
      '\n' +
      'export default App;\n'
    
  code: 'ERR_ASSERTION'
  name: 'AssertionError'
  expected:
  actual: |-
    import { AuthGate } from './AuthGate';
    
    function App() {
      return <AuthGate />;
    }
    
    export default App;
    
  operator: 'match'
  stack: |-
    TestContext.<anonymous> (file:///Users/bhusitt./Downloads/%E0%B8%AA%E0%B9%88%E0%B8%87%E0%B8%99%E0%B9%89%E0%B8%B3%E0%B9%81%E0%B8%82%E0%B9%87%E0%B8%87/tests/manager-contracts.test.mjs:179:10)
    Test.runInAsyncScope (node:async_hooks:206:9)
    Test.run (node:internal/test_runner/test:796:25)
    Test.processPendingSubtests (node:internal/test_runner/test:526:18)
    Test.postRun (node:internal/test_runner/test:889:19)
    Test.run (node:internal/test_runner/test:835:12)
    async Test.processPendingSubtests (node:internal/test_runner/test:526:7)
  ...
# Subtest: factory order persists by service date and active truck before reporting success
ok 15 - factory order persists by service date and active truck before reporting success
  ---
  duration_ms: 10.664833
  ...
# Subtest: delivery writes share the day stock lock and reject insufficient stock
ok 16 - delivery writes share the day stock lock and reject insufficient stock
  ---
  duration_ms: 0.393292
  ...
# Subtest: stock ledger starts with new delivery events instead of rewriting history
ok 17 - stock ledger starts with new delivery events instead of rewriting history
  ---
  duration_ms: 0.514958
  ...
# Subtest: closed rounds show a read-only stock snapshot while the day view stays live
ok 18 - closed rounds show a read-only stock snapshot while the day view stays live
  ---
  duration_ms: 0.975416
  ...
# Subtest: recoverable auth session errors sign users out with actionable guidance
not ok 19 - recoverable auth session errors sign users out with actionable guidance
  ---
  duration_ms: 0.64975
  location: '/Users/bhusitt./Downloads/ส่งน้ำแข็ง/tests/manager-contracts.test.mjs:255:1'
  failureType: 'testCodeFailure'
  error: |-
    The input did not match the regular expression /const \[authNotice, setAuthNotice\] = useState<string \| null>\(null\)/. Input:
    
    "import { AuthGate } from './AuthGate';\n" +
      '\n' +
      'function App() {\n' +
      '  return <AuthGate />;\n' +
      '}\n' +
      '\n' +
      'export default App;\n'
    
  code: 'ERR_ASSERTION'
  name: 'AssertionError'
  expected:
  actual: |-
    import { AuthGate } from './AuthGate';
    
    function App() {
      return <AuthGate />;
    }
    
    export default App;
    
  operator: 'match'
  stack: |-
    TestContext.<anonymous> (file:///Users/bhusitt./Downloads/%E0%B8%AA%E0%B9%88%E0%B8%87%E0%B8%99%E0%B9%89%E0%B8%B3%E0%B9%81%E0%B8%82%E0%B9%87%E0%B8%87/tests/manager-contracts.test.mjs:262:10)
    Test.runInAsyncScope (node:async_hooks:206:9)
    Test.run (node:internal/test_runner/test:796:25)
    Test.processPendingSubtests (node:internal/test_runner/test:526:18)
    Test.postRun (node:internal/test_runner/test:889:19)
    Test.run (node:internal/test_runner/test:835:12)
    async Test.processPendingSubtests (node:internal/test_runner/test:526:7)
  ...
# Subtest: stock UI ignores a movement response after the selected round changes
not ok 20 - stock UI ignores a movement response after the selected round changes
  ---
  duration_ms: 0.898916
  location: '/Users/bhusitt./Downloads/ส่งน้ำแข็ง/tests/manager-contracts.test.mjs:268:1'
  failureType: 'testCodeFailure'
  error: |-
    The input did not match the regular expression /activeRoundId\.current !== submittedRoundId/. Input:
    
    "import { FormEvent, useEffect, useMemo, useRef, useState } from 'react';\n" +
      'import {\n' +
      '  Check,\n' +
      '  CheckCircle,\n' +
      '  Cube,\n' +
      '  Info,\n' +
      '  Minus,\n' +
      '  Plus,\n' +
      '  Snowflake,\n' +
      '  Trash,\n' +
      '  Truck,\n' +
      '  UserCircle,\n' +
      "} from '@phosphor-icons/react';\n" +
      "import { supabase } from './lib/supabase';\n" +
      "import { useRpcAction } from './hooks/useRpcAction';\n" +
      'import type {\n' +
      '  DailyStockCloseState,\n' +
      '  DeliveryRound,\n' +
      '  StockCountReadiness,\n' +
      '  StockCountSnapshot,\n' +
      '  StockControlSummary,\n' +
      '  StockLocationBalance,\n' +
      '  StockMovementKind,\n' +
      "} from './types/app';\n" +
      '\n' +
      'const MOVEMENT_LABELS: Record<StockMovementKind, string> = {\n' +
      "  factory_order: 'รับจากโรงงาน',\n" +
      "  transfer: 'โอนระหว่างจุด',\n" +
      "  damage: 'เสียหาย / ละลาย',\n" +
      "  return_to_factory: 'ส่งคืนโรงงาน',\n" +
      '};\n' +
      '\n' +
      "const STOCK_OPERATION_KINDS = ['transfer', 'damage', 'return_to_factory'] as const;\n" +
      'type StockOperationKind = typeof STOCK_OPERATION_KINDS[number];\n' +
      "type TabKind = StockOperationKind | 'count';\n" +
      '\n' +
      'type QuantityDraft = Record<string, number>;\n' +
      '\n' +
      'export function ManagerStockControl({\n' +
      '  operationRound,\n' +
      '  round,\n' +
      '  serviceDate,\n' +
      '  demoSummary,\n' +
      '}: {\n' +
      '  operationRound: DeliveryRound | null;\n' +
      '  round: DeliveryRound | null;\n' +
      '  serviceDate: string;\n' +
      '  demoSummary?: StockControlSummary;\n' +
      '}) {\n' +
      "  const isRoundSnapshot = round?.status === 'closed';\n" +
      '  const actionRound = operationRound ?? round;\n' +
      '  const [summary, setSummary] = useState<StockControlSummary | null>(demoSummary ?? null);\n' +
      '  const [summaryRoundId, setSummaryRoundId] = useState<string | null>(demoSummary ? round?.id ?? null : null);\n' +
      "  const [activeTab, setActiveTab] = useState<TabKind>('transfer');\n" +
      "  const [kind, setKind] = useState<StockOperationKind>('transfer');\n" +
      "  const [fromLocationId, setFromLocationId] = useState('');\n" +
      "  const [toLocationId, setToLocationId] = useState('');\n" +
      '  const [quantities, setQuantities] = useState<QuantityDraft>({});\n' +
      "  const [note, setNote] = useState('');\n" +
      "  const [countLocationId, setCountLocationId] = useState('');\n" +
      '  const [actualCounts, setActualCounts] = useState<QuantityDraft>({});\n' +
      "  const [countNote, setCountNote] = useState('');\n" +
      '  const [countHistory, setCountHistory] = useState<StockCountSnapshot[]>([]);\n' +
      '  const [countReadiness, setCountReadiness] = useState<StockCountReadiness[]>([]);\n' +
      '  const [closeState, setCloseState] = useState<DailyStockCloseState | null>(null);\n' +
      "  const [closeNote, setCloseNote] = useState('');\n" +
      '  const [confirmSkipUncounted, setConfirmSkipUncounted] = useState(false);\n' +
      '  const [loading, setLoading] = useState(false);\n' +
      '  const [error, setError] = useState<string | null>(null);\n' +
      '  const [loadedAt, setLoadedAt] = useState<string | null>(null);\n' +
      '\n' +
      '  const latestCounts = useMemo(() => {\n' +
      '    const map = new Map<string, StockCountSnapshot>();\n' +
      '    for (const readiness of countReadiness) {\n' +
      "      if (readiness.status === 'current' && readiness.snapshot) {\n" +
      '        map.set(readiness.location_id, readiness.snapshot);\n' +
      '      }\n' +
      '    }\n' +
      '    return map;\n' +
      '  }, [countReadiness]);\n' +
      '\n' +
      '  const readinessByLocation = useMemo(\n' +
      '    () => new Map(countReadiness.map((readiness) => [readiness.location_id, readiness])),\n' +
      '    [countReadiness],\n' +
      '  );\n' +
      '\n' +
      '  const uncountedLocations = useMemo(() => {\n' +
      '    if (!summary) return [];\n' +
      '    return summary.locations.filter((location) => !latestCounts.has(location.id));\n' +
      '  }, [summary, latestCounts]);\n' +
      '\n' +
      '  const requestId = useRef(0);\n' +
      '\n' +
      '  useEffect(() => {\n' +
      '    if (demoSummary) return;\n' +
      '    void loadSummary(serviceDate, round?.id ?? null);\n' +
      '  }, [demoSummary, round?.id, serviceDate]);\n' +
      '\n' +
      '  useEffect(() => {\n' +
      '    setConfirmSkipUncounted(false);\n' +
      '  }, [serviceDate]);\n' +
      '\n' +
      '  const truckLocations = useMemo(\n' +
      "    () => summary?.locations.filter((location) => location.kind === 'truck') ?? [],\n" +
      '    [summary],\n' +
      '  );\n' +
      '\n' +
      '  const iceTypes = summary?.locations[0]?.balances ?? [];\n' +
      '\n' +
      '  useEffect(() => {\n' +
      '    if (!summary) return;\n' +
      '    setQuantities((current) =>\n' +
      '      Object.fromEntries(iceTypes.map((ice) => [ice.ice_type_id, current[ice.ice_type_id] ?? 0])),\n' +
      '    );\n' +
      "    const truckId = truckLocations[0]?.id || '';\n" +
      "    const firstLocationId = summary.locations[0]?.id || '';\n" +
      "    if (kind === 'transfer') {\n" +
      '      setFromLocationId((current) => (\n' +
      '        summary.locations.some((location) => location.id === current)\n' +
      '          ? current\n' +
      '          : truckId || firstLocationId\n' +
      '      ));\n' +
      '      setToLocationId((current) => (\n' +
      "        summary.locations.some((location) => location.id === current) ? current : ''\n" +
      '      ));\n' +
      '    } else {\n' +
      "      setFromLocationId(kind === 'return_to_factory' ? truckId : truckId || firstLocationId);\n" +
      "      setToLocationId('');\n" +
      '    }\n' +
      '  }, [summary]);\n' +
      '\n' +
      '  useEffect(() => {\n' +
      '    if (!summary) return;\n' +
      '    const selectedLocation = summary.locations.find((location) => location.id === countLocationId)\n' +
      "      ?? summary.locations.find((location) => location.kind !== 'truck')\n" +
      '      ?? summary.locations[0];\n' +
      "    setCountLocationId(selectedLocation?.id ?? '');\n" +
      '    setActualCounts(Object.fromEntries(\n' +
      '      (selectedLocation?.balances ?? []).map((balance) => [balance.ice_type_id, Math.max(0, balance.quantity)]),\n' +
      '    ));\n' +
      '  }, [summary, countLocationId, closeState?.is_closed]);\n' +
      '\n' +
      '  async function loadSummary(requestedServiceDate: string, roundId: string | null) {\n' +
      '    if (!supabase) return;\n' +
      '    const currentRequest = ++requestId.current;\n' +
      '    setLoading(true);\n' +
      '    setError(null);\n' +
      '    const [summaryResponse, countResponse, readinessResponse, closeResponse] = await Promise.all([\n' +
      "      supabase.rpc('get_stock_control_summary', {\n" +
      '        p_round_id: roundId,\n' +
      '        p_service_date: requestedServiceDate,\n' +
      '      }),\n' +
      "      supabase.rpc('get_location_count_history', {\n" +
      '        p_round_id: roundId,\n' +
      '        p_service_date: requestedServiceDate,\n' +
      '      }),\n' +
      "      supabase.rpc('get_daily_stock_count_readiness', {\n" +
      '        p_round_id: roundId,\n' +
      '        p_service_date: requestedServiceDate,\n' +
      '      }),\n' +
      "      supabase.rpc('get_daily_stock_close_state', {\n" +
      '        p_round_id: roundId,\n' +
      '        p_service_date: requestedServiceDate,\n' +
      '      }),\n' +
      '    ]);\n' +
      '    if (currentRequest !== requestId.current) return;\n' +
      '\n' +
      '    const firstError = summaryResponse.error ?? countResponse.error ?? readinessResponse.error ?? closeResponse.error;\n' +
      '    if (firstError) {\n' +
      '      setError(firstError.message);\n' +
      '      setSummary(null);\n' +
      '      setSummaryRoundId(null);\n' +
      '    } else {\n' +
      '      setSummary(summaryResponse.data as StockControlSummary);\n' +
      '      setCountHistory((countResponse.data ?? []) as StockCountSnapshot[]);\n' +
      '      setCountReadiness((readinessResponse.data ?? []) as StockCountReadiness[]);\n' +
      '      setCloseState(closeResponse.data as DailyStockCloseState);\n' +
      '      setSummaryRoundId(roundId);\n' +
      '      setLoadedAt(new Date().toISOString());\n' +
      '    }\n' +
      '    setLoading(false);\n' +
      '  }\n' +
      '\n' +
      '  const stockMovementAction = useRpcAction(\n' +
      '    async (\n' +
      '      args: { kind: StockOperationKind; fromLocationId: string; toLocationId: string; items: any[]; note: string },\n' +
      '      idempotencyKey\n' +
      '    ) => {\n' +
      '      if (demoSummary) return { data: { preview: true }, error: null };\n' +
      "      if (!supabase) throw new Error('Supabase is not initialized');\n" +
      "      return supabase.rpc('record_stock_movement', {\n" +
      '        p_round_id: actionRound!.id,\n' +
      '        p_kind: args.kind,\n' +
      '        p_from_location_id: args.fromLocationId || null,\n' +
      "        p_to_location_id: args.kind === 'transfer' ? args.toLocationId || null : null,\n" +
      '        p_items: args.items,\n' +
      '        p_note: args.note.trim() || null,\n' +
      '        p_idempotency_key: idempotencyKey,\n' +
      '      });\n' +
      '    },\n' +
      '    {\n' +
      '      deps: [actionRound?.id, demoSummary, round?.id, serviceDate],\n' +
      '      successMessage: (_, args) => `บันทึก “${MOVEMENT_LABELS[args.kind]}” แล้ว`,\n' +
      '      onSuccess: async () => {\n' +
      '        if (!demoSummary) {\n' +
      '          await loadSummary(serviceDate, round?.id ?? null);\n' +
      '        }\n' +
      '        setQuantities({});\n' +
      "        setToLocationId('');\n" +
      "        setNote('');\n" +
      '      },\n' +
      '    }\n' +
      '  );\n' +
      '\n' +
      '  const handleSubmit = async (event: FormEvent<HTMLFormElement>) => {\n' +
      '    event.preventDefault();\n' +
      '    if (isRoundSnapshot) {\n' +
      "      stockMovementAction.setError('รอบปิดแล้วเป็นประวัติอ่านอย่างเดียว');\n" +
      '      return;\n' +
      '    }\n' +
      '    if (!actionRound) {\n' +
      "      stockMovementAction.setError('ต้องมีรอบส่งของวันที่เลือกก่อนบันทึกรายการสต๊อก');\n" +
      '      return;\n' +
      '    }\n' +
      '    if (!demoSummary && (!supabase || summaryRoundId !== (round?.id ?? null))) {\n' +
      "      stockMovementAction.setError('ข้อมูลสต๊อกยังโหลดไม่ครบ กรุณารอสักครู่แล้วลองใหม่');\n" +
      '      return;\n' +
      '    }\n' +
      '    if (closeState?.is_closed) {\n' +
      "      stockMovementAction.setError('สต๊อกของวันนี้ปิดแล้ว ไม่สามารถเพิ่มรายการเคลื่อนไหวได้');\n" +
      '      return;\n' +
      '    }\n' +
      '\n' +
      '    const movementBalances = summary?.locations.find((location) => location.id === fromLocationId)?.balances\n' +
      '      ?? iceTypes;\n' +
      '    const items = movementBalances\n' +
      '      .map((ice) => ({ ice_type_id: ice.ice_type_id, quantity: quantities[ice.ice_type_id] ?? 0 }))\n' +
      '      .filter((item) => item.quantity > 0);\n' +
      '\n' +
      '    if (items.length === 0) {\n' +
      "      stockMovementAction.setError('กรอกจำนวนน้ำแข็งอย่างน้อย 1 รายการ');\n" +
      '      return;\n' +
      '    }\n' +
      '    if (!fromLocationId) {\n' +
      "      stockMovementAction.setError('เลือกจุดต้นทางก่อนบันทึกรายการ');\n" +
      '      return;\n' +
      '    }\n' +
      "    if (kind === 'transfer' && !toLocationId) {\n" +
      "      stockMovementAction.setError('เลือกจุดปลายทางก่อนบันทึกรายการโอน');\n" +
      '      return;\n' +
      '    }\n' +
      "    if (kind === 'transfer' && fromLocationId === toLocationId) {\n" +
      "      stockMovementAction.setError('ต้นทางและปลายทางต้องเป็นคนละจุด');\n" +
      '      return;\n' +
      '    }\n' +
      "    if (kind === 'damage' && !note.trim()) {\n" +
      "      stockMovementAction.setError('รายการเสียหายต้องมีหมายเหตุ');\n" +
      '      return;\n' +
      '    }\n' +
      '\n' +
      '    const args = { kind, fromLocationId, toLocationId, items, note: note.trim() };\n' +
      '    const signature = JSON.stringify({ roundId: actionRound.id, ...args });\n' +
      '\n' +
      '    await stockMovementAction.execute(args, { signature });\n' +
      '  };\n' +
      '\n' +
      '  const locationCountAction = useRpcAction(\n' +
      '    async (args: { counts: any[]; note: string }) => {\n' +
      "      if (!supabase) throw new Error('Supabase is not initialized');\n" +
      "      return supabase.rpc('record_location_count', {\n" +
      '        p_round_id: actionRound?.id ?? null,\n' +
      '        p_service_date: serviceDate,\n' +
      '        p_location_id: countLocationId,\n' +
      '        p_counts: args.counts,\n' +
      '        p_note: args.note.trim() || null,\n' +
      '      });\n' +
      '    }'... 39874 more characters
    
  code: 'ERR_ASSERTION'
  name: 'AssertionError'
  expected:
  actual: |-
    import { FormEvent, useEffect, useMemo, useRef, useState } from 'react';
    import {
      Check,
      CheckCircle,
      Cube,
      Info,
      Minus,
      Plus,
      Snowflake,
      Trash,
      Truck,
      UserCircle,
    } from '@phosphor-icons/react';
    import { supabase } from './lib/supabase';
    import { useRpcAction } from './hooks/useRpcAction';
    import type {
      DailyStockCloseState,
      DeliveryRound,
      StockCountReadiness,
      StockCountSnapshot,
      StockControlSummary,
      StockLocationBalance,
      StockMovementKind,
    } from './types/app';
    
    const MOVEMENT_LABELS: Record<StockMovementKind, string> = {
      factory_order: 'รับจากโรงงาน',
      transfer: 'โอนระหว่างจุด',
      damage: 'เสียหาย / ละลาย',
      return_to_factory: 'ส่งคืนโรงงาน',
    };
    
    const STOCK_OPERATION_KINDS = ['transfer', 'damage', 'return_to_factory'] as const;
    type StockOperationKind = typeof STOCK_OPERATION_KINDS[number];
    type TabKind = StockOperationKind | 'count';
    
    type QuantityDraft = Record<string, number>;
    
    export function ManagerStockControl({
      operationRound,
      round,
      serviceDate,
      demoSummary,
    }: {
      operationRound: DeliveryRound | null;
      round: DeliveryRound | null;
      serviceDate: string;
      demoSummary?: StockControlSummary;
    }) {
      const isRoundSnapshot = round?.status === 'closed';
      const actionRound = operationRound ?? round;
      const [summary, setSummary] = useState<StockControlSummary | null>(demoSummary ?? null);
      const [summaryRoundId, setSummaryRoundId] = useState<string | null>(demoSummary ? round?.id ?? null : null);
      const [activeTab, setActiveTab] = useState<TabKind>('transfer');
      const [kind, setKind] = useState<StockOperationKind>('transfer');
      const [fromLocationId, setFromLocationId] = useState('');
      const [toLocationId, setToLocationId] = useState('');
      const [quantities, setQuantities] = useState<QuantityDraft>({});
      const [note, setNote] = useState('');
      const [countLocationId, setCountLocationId] = useState('');
      const [actualCounts, setActualCounts] = useState<QuantityDraft>({});
      const [countNote, setCountNote] = useState('');
      const [countHistory, setCountHistory] = useState<StockCountSnapshot[]>([]);
      const [countReadiness, setCountReadiness] = useState<StockCountReadiness[]>([]);
      const [closeState, setCloseState] = useState<DailyStockCloseState | null>(null);
      const [closeNote, setCloseNote] = useState('');
      const [confirmSkipUncounted, setConfirmSkipUncounted] = useState(false);
      const [loading, setLoading] = useState(false);
      const [error, setError] = useState<string | null>(null);
      const [loadedAt, setLoadedAt] = useState<string | null>(null);
    
      const latestCounts = useMemo(() => {
        const map = new Map<string, StockCountSnapshot>();
        for (const readiness of countReadiness) {
          if (readiness.status === 'current' && readiness.snapshot) {
            map.set(readiness.location_id, readiness.snapshot);
          }
        }
        return map;
      }, [countReadiness]);
    
      const readinessByLocation = useMemo(
        () => new Map(countReadiness.map((readiness) => [readiness.location_id, readiness])),
        [countReadiness],
      );
    
      const uncountedLocations = useMemo(() => {
        if (!summary) return [];
        return summary.locations.filter((location) => !latestCounts.has(location.id));
      }, [summary, latestCounts]);
    
      const requestId = useRef(0);
    
      useEffect(() => {
        if (demoSummary) return;
        void loadSummary(serviceDate, round?.id ?? null);
      }, [demoSummary, round?.id, serviceDate]);
    
      useEffect(() => {
        setConfirmSkipUncounted(false);
      }, [serviceDate]);
    
      const truckLocations = useMemo(
        () => summary?.locations.filter((location) => location.kind === 'truck') ?? [],
        [summary],
      );
    
      const iceTypes = summary?.locations[0]?.balances ?? [];
    
      useEffect(() => {
        if (!summary) return;
        setQuantities((current) =>
          Object.fromEntries(iceTypes.map((ice) => [ice.ice_type_id, current[ice.ice_type_id] ?? 0])),
        );
        const truckId = truckLocations[0]?.id || '';
        const firstLocationId = summary.locations[0]?.id || '';
        if (kind === 'transfer') {
          setFromLocationId((current) => (
            summary.locations.some((location) => location.id === current)
              ? current
              : truckId || firstLocationId
          ));
          setToLocationId((current) => (
            summary.locations.some((location) => location.id === current) ? current : ''
          ));
        } else {
          setFromLocationId(kind === 'return_to_factory' ? truckId : truckId || firstLocationId);
          setToLocationId('');
        }
      }, [summary]);
    
      useEffect(() => {
        if (!summary) return;
        const selectedLocation = summary.locations.find((location) => location.id === countLocationId)
          ?? summary.locations.find((location) => location.kind !== 'truck')
          ?? summary.locations[0];
        setCountLocationId(selectedLocation?.id ?? '');
        setActualCounts(Object.fromEntries(
          (selectedLocation?.balances ?? []).map((balance) => [balance.ice_type_id, Math.max(0, balance.quantity)]),
        ));
      }, [summary, countLocationId, closeState?.is_closed]);
    
      async function loadSummary(requestedServiceDate: string, roundId: string | null) {
        if (!supabase) return;
        const currentRequest = ++requestId.current;
        setLoading(true);
        setError(null);
        const [summaryResponse, countResponse, readinessResponse, closeResponse] = await Promise.all([
          supabase.rpc('get_stock_control_summary', {
            p_round_id: roundId,
            p_service_date: requestedServiceDate,
          }),
          supabase.rpc('get_location_count_history', {
            p_round_id: roundId,
            p_service_date: requestedServiceDate,
          }),
          supabase.rpc('get_daily_stock_count_readiness', {
            p_round_id: roundId,
            p_service_date: requestedServiceDate,
          }),
          supabase.rpc('get_daily_stock_close_state', {
            p_round_id: roundId,
            p_service_date: requestedServiceDate,
          }),
        ]);
        if (currentRequest !== requestId.current) return;
    
        const firstError = summaryResponse.error ?? countResponse.error ?? readinessResponse.error ?? closeResponse.error;
        if (firstError) {
          setError(firstError.message);
          setSummary(null);
          setSummaryRoundId(null);
        } else {
          setSummary(summaryResponse.data as StockControlSummary);
          setCountHistory((countResponse.data ?? []) as StockCountSnapshot[]);
          setCountReadiness((readinessResponse.data ?? []) as StockCountReadiness[]);
          setCloseState(closeResponse.data as DailyStockCloseState);
          setSummaryRoundId(roundId);
          setLoadedAt(new Date().toISOString());
        }
        setLoading(false);
      }
    
      const stockMovementAction = useRpcAction(
        async (
          args: { kind: StockOperationKind; fromLocationId: string; toLocationId: string; items: any[]; note: string },
          idempotencyKey
        ) => {
          if (demoSummary) return { data: { preview: true }, error: null };
          if (!supabase) throw new Error('Supabase is not initialized');
          return supabase.rpc('record_stock_movement', {
            p_round_id: actionRound!.id,
            p_kind: args.kind,
            p_from_location_id: args.fromLocationId || null,
            p_to_location_id: args.kind === 'transfer' ? args.toLocationId || null : null,
            p_items: args.items,
            p_note: args.note.trim() || null,
            p_idempotency_key: idempotencyKey,
          });
        },
        {
          deps: [actionRound?.id, demoSummary, round?.id, serviceDate],
          successMessage: (_, args) => `บันทึก “${MOVEMENT_LABELS[args.kind]}” แล้ว`,
          onSuccess: async () => {
            if (!demoSummary) {
              await loadSummary(serviceDate, round?.id ?? null);
            }
            setQuantities({});
            setToLocationId('');
            setNote('');
          },
        }
      );
    
      const handleSubmit = async (event: FormEvent<HTMLFormElement>) => {
        event.preventDefault();
        if (isRoundSnapshot) {
          stockMovementAction.setError('รอบปิดแล้วเป็นประวัติอ่านอย่างเดียว');
          return;
        }
        if (!actionRound) {
          stockMovementAction.setError('ต้องมีรอบส่งของวันที่เลือกก่อนบันทึกรายการสต๊อก');
          return;
        }
        if (!demoSummary && (!supabase || summaryRoundId !== (round?.id ?? null))) {
          stockMovementAction.setError('ข้อมูลสต๊อกยังโหลดไม่ครบ กรุณารอสักครู่แล้วลองใหม่');
          return;
        }
        if (closeState?.is_closed) {
          stockMovementAction.setError('สต๊อกของวันนี้ปิดแล้ว ไม่สามารถเพิ่มรายการเคลื่อนไหวได้');
          return;
        }
    
        const movementBalances = summary?.locations.find((location) => location.id === fromLocationId)?.balances
          ?? iceTypes;
        const items = movementBalances
          .map((ice) => ({ ice_type_id: ice.ice_type_id, quantity: quantities[ice.ice_type_id] ?? 0 }))
          .filter((item) => item.quantity > 0);
    
        if (items.length === 0) {
          stockMovementAction.setError('กรอกจำนวนน้ำแข็งอย่างน้อย 1 รายการ');
          return;
        }
        if (!fromLocationId) {
          stockMovementAction.setError('เลือกจุดต้นทางก่อนบันทึกรายการ');
          return;
        }
        if (kind === 'transfer' && !toLocationId) {
          stockMovementAction.setError('เลือกจุดปลายทางก่อนบันทึกรายการโอน');
          return;
        }
        if (kind === 'transfer' && fromLocationId === toLocationId) {
          stockMovementAction.setError('ต้นทางและปลายทางต้องเป็นคนละจุด');
          return;
        }
        if (kind === 'damage' && !note.trim()) {
          stockMovementAction.setError('รายการเสียหายต้องมีหมายเหตุ');
          return;
        }
    
        const args = { kind, fromLocationId, toLocationId, items, note: note.trim() };
        const signature = JSON.stringify({ roundId: actionRound.id, ...args });
    
        await stockMovementAction.execute(args, { signature });
      };
    
      const locationCountAction = useRpcAction(
        async (args: { counts: any[]; note: string }) => {
          if (!supabase) throw new Error('Supabase is not initialized');
          return supabase.rpc('record_location_count', {
            p_round_id: actionRound?.id ?? null,
            p_service_date: serviceDate,
            p_location_id: countLocationId,
            p_counts: args.counts,
            p_note: args.note.trim() || null,
          });
        },
        {
          deps: [actionRound?.id, round?.id, serviceDate],
          successMessage: () => {
            const selectedLocation = summary?.locations.find((location) => location.id === countLocationId);
            return `บันทึกยอดนับจริงของ “${selectedLocation?.name ?? ''}” แล้ว`;
          },
          onSuccess: async () => {
            setCountNote('');
            await loadSummary(serviceDate, round?.id ?? null);
          },
        }
      );
    
      const handleLocationCount = async (event: FormEvent<HTMLFormElement>) => {
        event.preventDefault();
        if (!supabase || !summary || !countLocationId || isRoundSnapshot || closeState?.is_closed) return;
        const selectedLocation = summary.locations.find((location) => location.id === countLocationId);
        if (!selectedLocation) return;
    
        const counts = selectedLocation.balances.map((balance) => ({
          ice_type_id: balance.ice_type_id,
          actual_quantity: actualCounts[balance.ice_type_id] ?? 0,
        }));
    
        await locationCountAction.execute({ counts, note: countNote });
      };
    
      const closeDayAction = useRpcAction(
        async (args: { note: string; useSystemForUncounted: boolean }, idempotencyKey) => {
          if (!supabase) throw new Error('Supabase is not initialized');
          return supabase.rpc('close_daily_stock_from_latest_counts', {
            p_round_id: actionRound?.id ?? null,
            p_service_date: serviceDate,
            p_note: args.note.trim() || null,
            p_idempotency_key: idempotencyKey,
            p_use_system_for_uncounted: args.useSystemForUncounted,
          });
        },
        {
          deps: [actionRound?.id, round?.id, serviceDate],
          successMessage: 'ปิดสต๊อกสิ้นวันและบันทึกส่งยอดคงเหลือกลับโรงงานแล้ว',
          onSuccess: async (data) => {
            setCloseState(data as DailyStockCloseState);
            await loadSummary(serviceDate, round?.id ?? null);
          },
        }
      );
    
      const handleCloseDay = async (event: FormEvent<HTMLFormElement>) => {
        event.preventDefault();
        if (!supabase || !summary || !closeState || isRoundSnapshot || closeState.is_closed) return;
        if (closeState.open_round_count > 0) {
          closeDayAction.setError('ต้องปิดรอบส่งทุกช่วงของวันนี้ก่อนปิดสต๊อกสิ้นวัน');
          return;
        }
    
        if (uncountedLocations.length > 0 && !confirmSkipUncounted) {
          closeDayAction.setError('กรุณายืนยันการปิดสต๊อกหากยังมีจุดที่ไม่ได้ตรวจนับ หรือทำการตรวจให้ครบก่อน');
          return;
        }
    
        const noteValue = closeNote.trim();
        const args = { note: noteValue, useSystemForUncounted: confirmSkipUncounted };
    
        const signature = JSON.stringify({ serviceDate, roundId: actionRound?.id ?? null, ...args });
        await closeDayAction.execute(args, { signature });
      };
    
      const selectMovementKind = (nextTab: TabKind) => {
        if (!summary) return;
        setActiveTab(nextTab);
    
        if (nextTab === 'count') {
          return;
        }
    
        const nextKind = nextTab as StockOperationKind;
        setKind(nextKind);
        stockMovementAction.reset();
    
        const truckId = truckLocations[0]?.id || '';
        const firstLocationId = summary.locations[0]?.id || '';
    
        if (nextKind === 'transfer') {
          const sourceId = truckId || firstLocationId;
          setFromLocationId(sourceId);
          setToLocationId('');
        } else {
          setFromLocationId(nextKind === 'return_to_factory' ? truckId : truckId || firstLocationId);
          setToLocationId('');
        }
      };
    
      if (loading && !summary) {
        return <p className="empty-text">กำลังรวมยอดสต๊อกทุกจุด...</p>;
      }
      if (!summary) {
        return <p className="error-text">{error ?? 'ไม่พบข้อมูลสต๊อก'}</p>;
      }
      const countedLocation = summary.locations.find((location) => location.id === countLocationId)
        ?? summary.locations[0];
      const requiresSource = true;
      const requiresDestination = kind === 'transfer';
      const sourceLocations = kind === 'return_to_factory' ? truckLocations : summary.locations;
      const destinationLocations = summary.locations.filter((location) => location.id !== fromLocationId);
      const stockTimestamp = isRoundSnapshot ? summary.snapshot_at : loadedAt;
      const selectedSource = summary.locations.find((location) => location.id === fromLocationId)
        ?? truckLocations[0]
        ?? summary.locations[0];
      const selectedRecipient = destinationLocations.find((location) => location.id === toLocationId) ?? null;
      const recipientLocations = destinationLocations;
      const movementIceTypes = selectedSource?.balances ?? iceTypes;
      const cartItems = movementIceTypes.filter((ice) => (quantities[ice.ice_type_id] ?? 0) > 0);
      const cartTotal = cartItems.reduce((total, ice) => total + (quantities[ice.ice_type_id] ?? 0), 0);
    
      const updateQuantity = (iceTypeId: string, value: number, available: number) => {
        const nextValue = Math.min(available, Math.max(0, Math.round(value * 2) / 2));
        setQuantities((current) => ({ ...current, [iceTypeId]: nextValue }));
        stockMovementAction.reset();
      };
    
      return (
        <div className="stock-control">
          {activeTab !== 'transfer' ? <div className="stock-layout-panel">
            <div className="stock-layout-header">
              <h3 className="stock-layout-title">
                {isRoundSnapshot ? 'สต๊อกทั้งวัน ณ เวลาปิดรอบ' : 'สต๊อกปัจจุบันของวัน'}
              </h3>
              <div className="stock-layout-subtitle">
                <span>{isRoundSnapshot ? 'ข้อมูล ณ' : 'โหลดล่าสุด'} {stockTimestamp ? formatStockTime(stockTimestamp) : '-'} น.</span>
                <button
                  aria-label="รีเฟรชข้อมูลสต๊อก"
                  className="stock-refresh-button"
                  disabled={loading}
                  onClick={() => void loadSummary(serviceDate, round?.id ?? null)}
                  type="button"
                >
                  <svg width="14" height="14" fill="none" stroke="currentColor" strokeWidth="2" viewBox="0 0 24 24"><path d="M4 4v5h.582m15.356 2A8.001 8.001 0 004.582 9m0 0H9m11 11v-5h-.581m0 0a8.003 8.003 0 01-15.357-2m15.357 2H15"/></svg>
                </button>
              </div>
            </div>
    
            {isRoundSnapshot ? (
              <p className="muted" style={{ marginBottom: 16 }}>ยอดนี้หยุดที่ {summary.snapshot_at ? formatStockDateTime(summary.snapshot_at) : 'เวลาปิดรอบ'} และจะไม่เปลี่ยนตามรายการของรอบปัจจุบัน</p>
            ) : null}
    
            <div className="stock-location-grid-custom">
              {summary.locations.map((location) => {
                const hasNegative = location.balances.some((balance) => balance.quantity < 0);
                return (
                  <section className={`stock-location-card-custom ${hasNegative ? 'stock-location-card--warning' : ''}`} key={location.id}>
                    <div className="stock-location-card-custom-header">
                      <div className="icon-circle">
                        {location.kind === 'truck' ? <svg width="14" height="14" fill="none" stroke="currentColor" strokeWidth="2" viewBox="0 0 24 24"><path d="M5 12h14M5 12a2 2 0 01-2-2V6a2 2 0 012-2h14a2 2 0 012 2v4a2 2 0 01-2 2M5 12v6a2 2 0 002 2h10a2 2 0 002-2v-6M9 16h6"/></svg> : location.name.charAt(0)}
                      </div>
                      {location.name}
                    </div>
                    <div className="stock-location-card-custom-body">
                      {location.balances.map((balance) => (
                        <div className="stock-balance-row" key={balance.ice_type_id}>
                          <span>{balance.ice_type_name}</span>
                          <strong className={`qty ${balance.quantity === 0 ? 'zero' : ''}`}>{balance.quantity}</strong>
                        </div>
                      ))}
                    </div>
                    {hasNegative ? <p className="error-text" style={{ marginTop: 8 }}>ยอดติดลบ</p> : null}
                  </section>
                );
              })}
            </div>
          </div> : null}
    
          {!isRoundSnapshot ? (
            <div className="stock-layout-panel">
              <div className="action-tabs">
                <button
                  className={`action-tab ${activeTab === 'transfer' ? 'active' : ''}`}
                  onClick={() => selectMovementKind('transfer')}
                  type="button"
                >
                  <svg fill="none" stroke="currentColor" strokeWidth="2" viewBox="0 0 24 24"><path d="M8 7h12m0 0l-4-4m4 4l-4 4m0 6H4m0 0l4 4m-4-4l4-4"/></svg>
                  โอนระหว่างจุด
                </button>
    
                <button
                  className={`action-tab ${activeTab === 'damage' ? 'active' : ''}`}
                  onClick={() => selectMovementKind('damage')}
                  type="button"
                >
                  <svg fill="none" stroke="currentColor" strokeWidth="2" viewBox="0 0 24 24"><path d="M12 2.69l5.66 5.66a8 8 0 11-11.31 0z"/></svg>
                  เสียหาย / ละลาย
                </button>
                <button
                  className={`action-tab ${activeTab === 'count' ? 'active' : ''}`}
                  onClick={() => selectMovementKind('count')}
                  type="button"
                >
                  <svg fill="none" stroke="currentColor" strokeWidth="2" viewBox="0 0 24 24"><path d="M9 5H7a2 2 0 00-2 2v12a2 2 0 002 2h10a2 2 0 002-2V7a2 2 0 00-2-2h-2M9 5a2 2 0 002 2h2a2 2 0 002-2M9 5a2 2 0 012-2h2a2 2 0 012 2m-3 7h3m-3 4h3m-6-4h.01M9 16h.01"/></svg>
                  ตรวจนับจริง
                </button>
                <button
                  className={`action-tab ${activeTab === 'return_to_factory' ? 'active' : ''}`}
                  onClick={() => selectMovementKind('return_to_factory')}
                  type="button"
                >
                  <svg fill="none" stroke="currentColor" strokeWidth="2" viewBox="0 0 24 24"><path d="M4 12h16m-6-6 6 6-6 6"/></svg>
                  ส่งคืนโรงงาน
                </button>
              </div>
    
              {activeTab === 'transfer' ? (
                <form className="holder-pos" onSubmit={handleSubmit}>
                  <div className="holder-pos__main">
                    <section className="holder-pos__section" aria-labelledby="holder-step-title">
                      <div className="holder-pos__section-heading">
                        <span>1.</span>
                        <h3 id="holder-step-title">เลือกต้นทางและจุดรับสต๊อก</h3>
                      </div>
                      <div className="holder-pos__source-control">
                        <Truck aria-hidden="true" size={18} weight="fill" />
                        <LocationSelect
                          label="ต้นทาง (จาก)"
                          locations={sourceLocations}
                          onChange={(nextSourceId) => {
                            setFromLocationId(nextSourceId);
                            setToLocationId((current) => current === nextSourceId ? '' : current);
                            setQuantities({});
                            stockMovementAction.reset();
                          }}
                          value={fromLocationId}
                        />
                      </div>
    
                      <div className="holder-card-grid">
                        {recipientLocations.map((location) => {
                          const isSelected = location.id === toLocationId;
                          const totalBalance = location.balances.reduce((total, balance) => total + balance.quantity, 0);
                          return (
                            <button
                              aria-pressed={isSelected}
                              className={`holder-card ${isSelected ? 'holder-card--selected' : ''}`}
                              key={location.id}
                              onClick={() => {
                                setToLocationId(location.id);
                                stockMovementAction.reset();
                              }}
                              type="button"
                            >
                              {isSelected ? <CheckCircle className="holder-card__check" size={21} weight="fill" /> : null}
                              <span className="holder-card__avatar" aria-hidden="true">
                                <UserCircle size={48} weight="duotone" />
                              </span>
                              <span className="holder-card__identity">
                                <strong>{location.name}</strong>
                                <small>{location.code}</small>
                              </span>
                              <span className={`holder-card__balance ${totalBalance === 0 ? 'holder-card__balance--empty' : ''}`}>
                                คงเหลือที่จุดรับ <strong>{formatStockQuantity(totalBalance)}</strong> หน่วย
                              </span>
                            </button>
                          );
                        })}
                        {recipientLocations.length === 0 ? (
                          <p className="holder-pos__empty">ยังไม่มีจุดรับสต๊อกที่พร้อมรับสินค้า</p>
                        ) : null}
                      </div>
                    </section>
    
                    <section className="holder-pos__section" aria-labelledby="product-step-title">
                      <div className="holder-pos__section-heading">
                        <span>2.</span>
                        <h3 id="product-step-title">เลือกชนิดและจำนวน</h3>
                      </div>
                      <div className="product-card-grid">
                        {movementIceTypes.map((ice, index) => {
                          const quantity = quantities[ice.ice_type_id] ?? 0;
                          const selected = quantity > 0;
                          const ProductIcon = index % 2 === 0 ? Cube : Snowflake;
                          return (
                            <article className={`product-quantity-card ${selected ? 'product-quantity-card--selected' : ''}`} key={ice.ice_type_id}>
                              {selected ? <CheckCircle className="product-quantity-card__check" size={21} weight="fill" /> : null}
                              <div className="product-quantity-card__header">
                                <span className="product-quantity-card__icon" aria-hidden="true"><ProductIcon size={37} weight="duotone" /></span>
                                <span>
                                  <strong>{ice.ice_type_name}</strong>
                                  <small>บนรถ {formatStockQuantity(ice.quantity)} {ice.unit}</small>
                                </span>
                              </div>
                              <div className="quantity-stepper">
                                <button
                                  aria-label={`ลด ${ice.ice_type_name}`}
                                  disabled={quantity <= 0 || closeState?.is_closed}
                                  onClick={() => updateQuantity(ice.ice_type_id, quantity - 0.5, ice.quantity)}
                                  type="button"
                                >
                                  <Minus size={18} weight="bold" />
                                </button>
                                <input
                                  aria-label={`จำนวน ${ice.ice_type_name}`}
                                  disabled={closeState?.is_closed}
                                  inputMode="decimal"
                                  max={ice.quantity}
                                  min={0}
                                  onChange={(event) => updateQuantity(ice.ice_type_id, Number(event.target.value) || 0, ice.quantity)}
                                  placeholder="0"
                                  step={0.5}
                                  type="number"
                                  value={quantity || ''}
                                />
                                <button
                                  aria-label={`เพิ่ม ${ice.ice_type_name}`}
                                  disabled={quantity >= ice.quantity || closeState?.is_closed}
                                  onClick={() => updateQuantity(ice.ice_type_id, quantity + 0.5, ice.quantity)}
                                  type="button"
                                >
                                  <Plus size={18} weight="bold" />
                                </button>
                              </div>
                              <div className="quantity-quick-actions" aria-label={`ปุ่มลัด ${ice.ice_type_name}`}>
                                {[1, 5, 10].map((amount) => (
                                  <button
                                    disabled={quantity >= ice.quantity || closeState?.is_closed}
                                    key={amount}
                                    onClick={() => updateQuantity(ice.ice_type_id, quantity + amount, ice.quantity)}
                                    type="button"
                                  >
                                    +{amount}
                                  </button>
                                ))}
                              </div>
                            </article>
                          );
                        })}
                      </div>
                    </section>
    
                    <label className="holder-pos__note">
                      <span>หมายเหตุเพิ่มเติม (ถ้ามี)</span>
                      <textarea
                        disabled={closeState?.is_closed}
                        onChange={(event) => setNote(event.target.value)}
                        placeholder="ระบุหมายเหตุเพิ่มเติม..."
                        rows={3}
                        value={note}
                      />
                    </label>
                  </div>
    
                  <aside className="holder-cart" aria-labelledby="cart-title">
                    <h3 id="cart-title">3. สรุปรายการเบิก</h3>
                    {selectedRecipient ? (
                      <div className="holder-cart__recipient">
                        <UserCircle aria-hidden="true" size={50} weight="duotone" />
                        <span>
                          <small>กำลังโอนไปยัง:</small>
                          <strong>{selectedRecipient.name}</strong>
                          <small>{selectedRecipient.code}</small>
                        </span>
                      </div>
                    ) : (
                      <div className="holder-cart__placeholder">เลือกจุดรับสต๊อกเพื่อเริ่มรายการ</div>
                    )}
    
                    <div className="holder-cart__items" aria-live="polite">
                      {cartItems.map((ice, index) => {
                        const ProductIcon = index % 2 === 0 ? Cube : Snowflake;
                        return (
                          <div className="holder-cart__item" key={ice.ice_type_id}>
                            <ProductIcon aria-hidden="true" size={31} weight="duotone" />
                            <span>{ice.ice_type_name}</span>
                            <strong>{formatStockQuantity(quantities[ice.ice_type_id] ?? 0)} <small>{ice.unit}</small></strong>
                          </div>
                        );
                      })}
                      {cartItems.length === 0 ? <p>ยังไม่ได้เลือกสินค้า</p> : null}
                    </div>
    
                    <div className="holder-cart__totals">
                      <span>รวมรายการ <strong>{cartItems.length} ชนิด</strong></span>
                      <span>รวมจำนวน <strong>{formatStockQuantity(cartTotal)} หน่วย</strong></span>
                    </div>
    
                    <div className="holder-cart__notice">
                      <Info aria-hidden="true" size={21} weight="fill" />
                      <span>หลังยืนยัน ระบบจะตัดจาก {selectedSource?.name ?? 'รถหลัก'} และเพิ่มเข้าสู่สต๊อกของผู้รับทันที</span>
                    </div>
    
                    {stockMovementAction.error ? <p className="holder-cart__feedback error-text" role="alert">{stockMovementAction.error}</p> : null}
                    {stockMovementAction.success ? <p className="holder-cart__feedback success-text" role="status">{stockMovementAction.success}</p> : null}
    
                    <button
                      aria-label="ยืนยัน โอนระหว่างจุด"
                      className="primary-button holder-cart__confirm"
                      disabled={!actionRound || !selectedRecipient || cartItems.length === 0 || stockMovementAction.isSubmitting || closeState?.is_closed}
                      type="submit"
                    >
                      <Check size={19} weight="bold" />
                      {closeState?.is_closed
                        ? 'ปิดสต๊อกวันนี้แล้ว'
                        : stockMovementAction.isSubmitting
                          ? 'กำลังบันทึก...'
                          : `ยืนยันโอนไป${selectedRecipient?.name ?? 'จุดรับ'}`}
                    </button>
                    <button
                      className="holder-cart__clear"
                      disabled={cartItems.length === 0 && !selectedRecipient}
                      onClick={() => {
                        setQuantities(Object.fromEntries(movementIceTypes.map((ice) => [ice.ice_type_id, 0])));
                        setToLocationId('');
                        setNote('');
                        stockMovementAction.reset();
                      }}
                      type="button"
                    >
                      <Trash size={18} />
                      ล้างรายการ
                    </button>
                  </aside>
                </form>
              ) : activeTab !== 'count' ? (
                <form onSubmit={handleSubmit}>
                  <div className={`action-form-grid ${requiresSource && requiresDestination ? '' : 'action-form-grid--single'}`}>
                    {requiresSource ? <div>
                      <LocationSelect
                        label="ต้นทาง (จาก)"
                        locations={sourceLocations}
                        onChange={setFromLocationId}
                        value={fromLocationId}
                      />
                    </div> : null}
                    {requiresSource && requiresDestination ? <div className="swap-icon-container">
                      <svg width="20" height="20" fill="none" stroke="currentColor" strokeWidth="2" viewBox="0 0 24 24"><path d="M8 7h12m0 0l-4-4m4 4l-4 4m0 6H4m0 0l4 4m-4-4l4-4"/></svg>
                    </div> : null}
                    {requiresDestination ? <div>
                      <LocationSelect
                        label="ปลายทาง (ไปยัง)"
                        locations={destinationLocations}
                        onChange={setToLocationId}
                        value={toLocationId}
                      />
                    </div> : null}
                  </div>
    
                  <div style={{ marginTop: 24 }}>
                    <p className="eyebrow" style={{ color: '#1a2332', fontWeight: 600, fontSize: '0.95rem', marginBottom: 12 }}>ชนิดและจำนวน</p>
                    <div className="inputs-2col">
                      {iceTypes.map((ice) => (
                        <div className="input-row" key={ice.ice_type_id}>
                          <span>{ice.ice_type_name}</span>
                          <div className="input-wrapper">
                            <input
                              inputMode="decimal"
                              disabled={closeState?.is_closed}
                              min={0}
                              step={0.5}
                              onChange={(event) => setQuantities((current) => ({
                                ...current,
                                [ice.ice_type_id]: Math.max(0, Number(event.target.value) || 0),
                              }))}
                              type="number"
                              value={quantities[ice.ice_type_id] || ''}
                              placeholder="0"
                            />
                            <small>{ice.unit}</small>
                          </div>
                        </div>
                      ))}
                    </div>
                  </div>
    
                  <div style={{ marginTop: 24 }}>
                    <p className="eyebrow" style={{ color: '#1a2332', fontWeight: 600, fontSize: '0.95rem', marginBottom: 12 }}>หมายเหตุ (ถ้ามี)</p>
                    <textarea
                      disabled={closeState?.is_closed}
                      onChange={(event) => setNote(event.target.value)}
                      placeholder={kind === 'damage' ? 'เช่น ถุงแตกหรือละลายระหว่างรอส่ง' : 'ระบุรายละเอียดเพิ่มเติม (ถ้ามี)'}
                      required={kind === 'damage'}
                      rows={2}
                      value={note}
                      style={{ width: '100%' }}
                    />
                  </div>
    
                  {stockMovementAction.error ? <p className="error-text" style={{ marginTop: 16 }}>{stockMovementAction.error}</p> : null}
                  {stockMovementAction.success ? <p className="success-text" style={{ marginTop: 16 }}>{stockMovementAction.success}</p> : null}
    
                  <div className="submit-btn-container">
                    <button className="primary-button" disabled={!actionRound || stockMovementAction.isSubmitting || closeState?.is_closed} type="submit">
                      <svg width="18" height="18" fill="none" stroke="currentColor" strokeWidth="2" viewBox="0 0 24 24"><path d="M22 2L11 13M22 2l-7 20-4-9-9-4 20-7z"/></svg>
                      {closeState?.is_closed ? 'ปิดสต๊อกวันนี้แล้ว' : stockMovementAction.isSubmitting ? 'กำลังบันทึก...' : `ยืนยัน ${MOVEMENT_LABELS[kind]}`}
                    </button>
                  </div>
                </form>
              ) : (
                <form onSubmit={handleLocationCount}>
                  <div style={{ marginBottom: 24 }}>
                    <LocationSelect
                      label="จุดที่ต้องการตรวจนับ"
                      locations={summary.locations}
                      onChange={setCountLocationId}
                      value={countLocationId}
                    />
                  </div>
                  <p className="eyebrow" style={{ color: '#1a2332', fontWeight: 600, fontSize: '0.95rem', marginBottom: 12 }}>ตรวจนับและเปรียบเทียบ</p>
                  <div className="inputs-2col">
                    {countedLocation?.balances.map((balance) => {
                      const actual = actualCounts[balance.ice_type_id] ?? 0;
                      const variance = actual - balance.quantity;
                      return (
                        <div className="input-row" key={balance.ice_type_id}>
                          <span>{balance.ice_type_name} (ระบบ {balance.quantity})</span>
                          <div className="input-wrapper" style={{ flexDirection: 'column', alignItems: 'flex-end', width: 'auto' }}>
                            <div style={{ display: 'flex', alignItems: 'center', gap: 8 }}>
                              <input
                                disabled={closeState?.is_closed}
                                min={0}
                                step={0.5}
                                type="number"
                                value={actual || ''}
                                placeholder="0"
                                onChange={(event) => setActualCounts((current) => ({
                                  ...current,
                                  [balance.ice_type_id]: Math.max(0, Number(event.target.value) || 0),
                                }))}
                                style={{ width: 100 }}
                              />
                              <small>{balance.unit}</small>
                            </div>
                            <small className={variance === 0 ? 'success-text' : 'error-text'} style={{ width: 'auto', textAlign: 'right' }}>
                              {variance === 0 ? 'ยอดตรง' : `ต่าง ${variance > 0 ? '+' : ''}${variance}`}
                            </small>
                          </div>
                        </div>
                      );
                    })}
                  </div>
                  <div style={{ marginTop: 24 }}>
                    <p className="eyebrow" style={{ color: '#1a2332', fontWeight: 600, fontSize: '0.95rem', marginBottom: 12 }}>หมายเหตุ (ถ้ามี)</p>
                    <textarea disabled={closeState?.is_closed} rows={2} value={countNote} onChange={(event) => setCountNote(event.target.value)} style={{ width: '100%' }} />
                  </div>
    
                  {locationCountAction.error ? <p className="error-text" style={{ marginTop: 16 }}>{locationCountAction.error}</p> : null}
                  {locationCountAction.success ? <p className="success-text" style={{ marginTop: 16 }}>{locationCountAction.success}</p> : null}
    
                  <div className="submit-btn-container">
                    <button className="primary-button" disabled={locationCountAction.isSubmitting || closeState?.is_closed} type="submit">
                      <svg width="18" height="18" fill="none" stroke="currentColor" strokeWidth="2" viewBox="0 0 24 24"><path d="M9 5H7a2 2 0 00-2 2v12a2 2 0 002 2h10a2 2 0 002-2V7a2 2 0 00-2-2h-2M9 5a2 2 0 002 2h2a2 2 0 002-2M9 5a2 2 0 012-2h2a2 2 0 012 2m-3 7h3m-3 4h3m-6-4h.01M9 16h.01"/></svg>
                      {locationCountAction.isSubmitting ? 'กำลังบันทึก...' : 'บันทึกยอดนับจริง'}
                    </button>
                  </div>
    
                  <div className="stock-ledger-list" style={{ marginTop: 24, paddingTop: 24, borderTop: '1px solid #e1e7ef' }}>
                    <p className="eyebrow" style={{ color: '#1a2332', fontWeight: 600, fontSize: '0.95rem', marginBottom: 16 }}>ประวัติการตรวจนับวันนี้</p>
                    {countHistory.slice(0, 6).map((snapshot) => (
                      <article className="stock-ledger-item" key={snapshot.id}>
                        <div className="panel-header"><strong>{snapshot.location_name}</strong><time>{formatStockTime(snapshot.counted_at)}</time></div>
                        <small>{snapshot.items.map((item) => `${item.ice_type_name}: ระบบ ${item.system_quantity} / นับ ${item.actual_quantity} / ต่าง ${item.variance_quantity}`).join(' · ')}</small>
                        <small>{snapshot.counted_by}{snapshot.note ? ` · ${snapshot.note}` : ''}</small>
                      </article>
                    ))}
                    {countHistory.length === 0 ? <p className="empty-text">ยังไม่มี snapshot ยอดนับกลับของวันนี้</p> : null}
                  </div>
                </form>
              )}
            </div>
          ) : null}
    
          {!isRoundSnapshot ? (
            <section className="daily-close-section" style={{ marginTop: 24 }}>
              <div className="panel-header">
                <div>
                  <p className="eyebrow">หลังจบทุกรอบของวัน</p>
                  <h3>ตรวจนับและปิดสต๊อกสิ้นวัน</h3>
                </div>
                <span className={`status-badge ${closeState?.is_closed ? 'status-badge--success' : 'status-badge--neutral'}`}>
                  {closeState?.is_closed ? 'ปิดแล้ว' : `เหลือ ${closeState?.open_round_count ?? 0} รอบเปิด`}
                </span>
              </div>
    
              {closeState?.is_closed ? (
                <div className="stack">
                  <p className="success-text">ปิดโดย {closeState.closed_by ?? '-'} · {closeState.closed_at ? formatStockDateTime(closeState.closed_at) : '-'}</p>
                  <p className="muted">ระบบเก็บยอดตามระบบ ยอดนับจริง และส่วนต่างไว้แล้ว พร้อมบันทึกการรวบรวมของทุกจุดและส่งยอดคงเหลือกลับโรงงานจนยอดทุกจุดเป็นศูนย์</p>
                  <div className="stock-ledger-list">
                    {closeState.counts.map((item) => (
                      <article className="stock-ledger-item" key={closeCountKey(item.location_id, item.ice_type_id)}>
                        <strong>{item.location_name} · {item.ice_type_name}</strong>
                        <small>ระบบ {item.system_quantity} · นับจริง {item.actual_quantity} · ต่าง {item.variance_quantity > 0 ? '+' : ''}{item.variance_quantity} {item.unit}</small>
                      </article>
                    ))}
                  </div>
                </div>
              ) : (
                <form className="stock-movement-form" onSubmit={handleCloseDay}>
                  <p className="muted">ตรวจสอบผลการตรวจนับล่าสุดของแต่ละจุด ระบบจะรวมยอดเพื่อปิดสต๊อกและส่งคืนโรงงานตามยอดนี้</p>
    
                  <div className="table-responsive" style={{ margin: '16px 0', border: '1px solid #e1e7ef', borderRadius: 8, overflow: 'hidden' }}>
                    <table className="data-table" style={{ width: '100%', borderCollapse: 'collapse', textAlign: 'left', fontSize: '0.9rem' }}>
                      <thead style={{ backgroundColor: '#f8fafc', borderBottom: '1px solid #e1e7ef' }}>
                        <tr>
                          <th style={{ padding: '12px 16px', color: '#64748b', fontWeight: 600 }}>จุด</th>
                          <th style={{ padding: '12px 16px', color: '#64748b', fontWeight: 600 }}>สถานะ</th>
                          <th style={{ padding: '12px 16px', color: '#64748b', fontWeight: 600 }}>ผลตรวจ</th>
                        </tr>
                      </thead>
                      <tbody style={{ backgroundColor: '#fff' }}>
                        {summary.locations.map((location) => {
                          const readiness = readinessByLocation.get(location.id);
                          const latest = readiness?.snapshot;
                          let statusStr = 'ยังไม่ตรวจ';
                          let statusColor = '#64748b';
                          let resultStr = '—';
                          let resultColor = '#64748b';
    
                          if (readiness?.status === 'stale' && latest) {
                            statusStr = `ต้องตรวจใหม่ · ตรวจล่าสุด ${formatStockTime(latest.counted_at)} น.`;
                            statusColor = '#c2410c';
                            resultStr = 'มีรายการสต๊อกหลังการตรวจ';
                            resultColor = '#c2410c';
                          } else if (readiness?.status === 'current' && latest) {
                            statusStr = `ตรวจแล้ว ${formatStockTime(latest.counted_at)} น.`;
                            statusColor = '#0f172a';
    
                            let totalVariance = 0;
                            const variances: string[] = [];
                            latest.items.forEach(item => {
                              totalVariance += item.variance_quantity;
                              if (item.variance_quantity !== 0) {
                                variances.push(`${item.ice_type_name} ${item.variance_quantity > 0 ? '+' : ''}${item.variance_quantity}`);
                              }
                            });
    
                            if (totalVariance === 0 && variances.length === 0) {
                              resultStr = 'ตรง';
                              resultColor = '#10b981';
                            } else {
                              resultStr = variances.join(', ');
                              resultColor = '#ef4444';
                            }
                          }
    
                          return (
                            <tr key={location.id} style={{ borderBottom: '1px solid #f1f5f9' }}>
                              <td style={{ padding: '12px 16px', fontWeight: 500 }}>{location.name}</td>
                              <td style={{ padding: '12px 16px', color: statusColor }}>{statusStr}</td>
                              <td style={{ padding: '12px 16px', color: resultColor, fontWeight: 500 }}>{resultStr}</td>
                            </tr>
                          );
                        })}
                      </tbody>
                    </table>
                  </div>
    
                  <div style={{ display: 'flex', gap: 16, marginBottom: 24, flexWrap: 'wrap' }}>
                    {uncountedLocations.length > 0 && (
                      <button
                        type="button"
                        className="secondary-button"
                        onClick={() => {
                          setActiveTab('count');
                          setCountLocationId(uncountedLocations[0].id);
                          window.scrollTo({ top: 0, behavior: 'smooth' });
                        }}
                      >
                        <svg width="16" height="16" fill="none" stroke="currentColor" strokeWidth="2" viewBox="0 0 24 24" style={{ marginRight: 6, verticalAlign: 'text-bottom' }}><path d="M9 5H7a2 2 0 00-2 2v12a2 2 0 002 2h10a2 2 0 002-2V7a2 2 0 00-2-2h-2M9 5a2 2 0 002 2h2a2 2 0 002-2M9 5a2 2 0 012-2h2a2 2 0 012 2m-3 7h3m-3 4h3m-6-4h.01M9 16h.01"/></svg>
                        ตรวจจุดที่ยังไม่ครบหรือข้อมูลเก่า ({uncountedLocations.length})
                      </button>
                    )}
                    <button
                      type="button"
                      className="secondary-button"
                      onClick={() => {
                        const ledger = document.querySelector('.stock-ledger');
                        if (ledger) ledger.scrollIntoView({ behavior: 'smooth' });
                      }}
                    >
                      <svg width="16" height="16" fill="none" stroke="currentColor" strokeWidth="2" viewBox="0 0 24 24" style={{ marginRight: 6, verticalAlign: 'text-bottom' }}><path d="M12 8v4l3 3m6-3a9 9 0 11-18 0 9 9 0 0118 0z"/></svg>
                      ดูประวัติการทำรายการ
                    </button>
                  </div>
    
                  {uncountedLocations.length > 0 && (
                    <label style={{ display: 'flex', alignItems: 'center', gap: 8, padding: '12px', backgroundColor: '#fff7ed', border: '1px solid #fdba74', borderRadius: 8, marginBottom: 16 }}>
                      <input
                        type="checkbox"
                        checked={confirmSkipUncounted}
                        onChange={(event) => setConfirmSkipUncounted(event.target.checked)}
                      />
                      <span style={{ color: '#c2410c', fontSize: '0.9rem', fontWeight: 500 }}>
                        หัวหน้างานยืนยัน: ปิดวันโดยใช้ยอดตามระบบสำหรับจุดที่ยังไม่มีผลตรวจปัจจุบัน ({uncountedLocations.length} จุด)
                      </span>
                    </label>
                  )}
    
                  <label>เหตุผลหรือหมายเหตุปิดวัน (ถ้ามี)<textarea rows={2} value={closeNote} onChange={(event) => setCloseNote(event.target.value)} /></label>
                  {closeState && closeState.open_round_count > 0 ? <p className="error-text">ต้องปิดรอบส่งที่เหลือ {closeState.open_round_count} รอบก่อน</p> : null}
    
                  {closeDayAction.error ? <p className="error-text">{closeDayAction.error}</p> : null}
                  {closeDayAction.success ? <p className="success-text">{closeDayAction.success}</p> : null}
    
                  <button
                    className="primary-button"
                    disabled={closeDayAction.isSubmitting || !closeState || closeState.open_round_count > 0 || (uncountedLocations.length > 0 && !confirmSkipUncounted)}
                    type="submit"
                  >
                    {closeDayAction.isSubmitting ? 'กำลังปิดสต๊อก...' : 'ปิดสต๊อกวันนี้'}
                  </button>
                </form>
              )}
            </section>
          ) : null}
    
          <section className="stock-ledger" style={{ marginTop: 24 }}>
            <div>
              <p className="eyebrow">{isRoundSnapshot ? 'ประวัติจนถึงเวลาปิดรอบ' : 'ประวัติล่าสุดของวัน'}</p>
              <h3>{isRoundSnapshot ? 'รายการก่อน Snapshot' : 'รายการที่ตรวจนับได้'}</h3>
            </div>
            <div className="stock-ledger-list">
              {summary.recent_movements.map((movement) => (
                <article className="stock-ledger-item" key={movement.id}>
                  <div className="panel-header">
                    <strong>{MOVEMENT_LABELS[movement.kind]}</strong>
                    <time>{formatStockTime(movement.recorded_at)}</time>
                  </div>
                  <p>
                    {movement.from_location_name ?? 'โรงงาน'}
                    {' → '}
                    {movement.to_location_name ?? (movement.kind === 'damage' ? 'เสียหาย' : 'โรงงาน')}
                  </p>
                  <small>{movement.items.map((item) => `${item.ice_type_name} ${item.quantity} ${item.unit}`).join(' · ')}</small>
                  <small>{movement.recorded_by}{movement.note ? ` · ${movement.note}` : ''}</small>
                </article>
              ))}
              {summary.recent_movements.length === 0 ? <p className="empty-text">ยังไม่มีรายการสต๊อกในวันนี้</p> : null}
            </div>
          </section>
        </div>
      );
    }
    
    function LocationSelect({
      label,
      locations,
      value,
      onChange,
    }: {
      label: string;
      locations: StockLocationBalance[];
      value: string;
      onChange: (value: string) => void;
    }) {
      return (
        <label>
          {label}
          <select required value={value} onChange={(event) => onChange(event.target.value)}>
            <option value="">เลือกจุด</option>
            {locations.map((location) => (
              <option key={location.id} value={location.id}>{location.name}</option>
            ))}
          </select>
        </label>
      );
    }
    
    function formatStockTime(value: string) {
      return new Intl.DateTimeFormat('th-TH', {
        hour: '2-digit',
        minute: '2-digit',
      }).format(new Date(value));
    }
    
    function formatStockDateTime(value: string) {
      return new Intl.DateTimeFormat('th-TH', {
        dateStyle: 'medium',
        timeStyle: 'short',
      }).format(new Date(value));
    }
    
    function formatStockQuantity(value: number) {
      return Number.isInteger(value) ? String(value) : value.toFixed(1);
    }
    
    function closeCountKey(locationId: string, iceTypeId: string) {
      return `${locationId}:${iceTypeId}`;
    }
    
  operator: 'match'
  stack: |-
    TestContext.<anonymous> (file:///Users/bhusitt./Downloads/%E0%B8%AA%E0%B9%88%E0%B8%87%E0%B8%99%E0%B9%89%E0%B8%B3%E0%B9%81%E0%B8%82%E0%B9%87%E0%B8%87/tests/manager-contracts.test.mjs:271:10)
    Test.runInAsyncScope (node:async_hooks:206:9)
    Test.run (node:internal/test_runner/test:796:25)
    Test.processPendingSubtests (node:internal/test_runner/test:526:18)
    Test.postRun (node:internal/test_runner/test:889:19)
    Test.run (node:internal/test_runner/test:835:12)
    async Test.processPendingSubtests (node:internal/test_runner/test:526:7)
  ...
# Subtest: round creation no longer treats round-loaded quantity as day stock
not ok 21 - round creation no longer treats round-loaded quantity as day stock
  ---
  duration_ms: 1.485625
  location: '/Users/bhusitt./Downloads/ส่งน้ำแข็ง/tests/manager-contracts.test.mjs:275:1'
  failureType: 'testCodeFailure'
  error: |-
    The input did not match the regular expression /quantity: 0/. Input:
    
    "import { AuthGate } from './AuthGate';\n" +
      '\n' +
      'function App() {\n' +
      '  return <AuthGate />;\n' +
      '}\n' +
      '\n' +
      'export default App;\n'
    
  code: 'ERR_ASSERTION'
  name: 'AssertionError'
  expected:
  actual: |-
    import { AuthGate } from './AuthGate';
    
    function App() {
      return <AuthGate />;
    }
    
    export default App;
    
  operator: 'match'
  stack: |-
    TestContext.<anonymous> (file:///Users/bhusitt./Downloads/%E0%B8%AA%E0%B9%88%E0%B8%87%E0%B8%99%E0%B9%89%E0%B8%B3%E0%B9%81%E0%B8%82%E0%B9%87%E0%B8%87/tests/manager-contracts.test.mjs:285:10)
    Test.runInAsyncScope (node:async_hooks:206:9)
    Test.run (node:internal/test_runner/test:796:25)
    Test.processPendingSubtests (node:internal/test_runner/test:526:18)
    Test.postRun (node:internal/test_runner/test:889:19)
    Test.run (node:internal/test_runner/test:835:12)
    async Test.processPendingSubtests (node:internal/test_runner/test:526:7)
  ...
# Subtest: operational stock locations are saved through a role-checked RPC
ok 22 - operational stock locations are saved through a role-checked RPC
  ---
  duration_ms: 0.49075
  ...
# Subtest: returned-stock counts snapshot system, actual, and unexplained variance
not ok 23 - returned-stock counts snapshot system, actual, and unexplained variance
  ---
  duration_ms: 1.736916
  location: '/Users/bhusitt./Downloads/ส่งน้ำแข็ง/tests/manager-contracts.test.mjs:306:1'
  failureType: 'testCodeFailure'
  error: |-
    The input did not match the regular expression /ไม่ปรับยอดอัตโนมัติ/. Input:
    
    "import { FormEvent, useEffect, useMemo, useRef, useState } from 'react';\n" +
      'import {\n' +
      '  Check,\n' +
      '  CheckCircle,\n' +
      '  Cube,\n' +
      '  Info,\n' +
      '  Minus,\n' +
      '  Plus,\n' +
      '  Snowflake,\n' +
      '  Trash,\n' +
      '  Truck,\n' +
      '  UserCircle,\n' +
      "} from '@phosphor-icons/react';\n" +
      "import { supabase } from './lib/supabase';\n" +
      "import { useRpcAction } from './hooks/useRpcAction';\n" +
      'import type {\n' +
      '  DailyStockCloseState,\n' +
      '  DeliveryRound,\n' +
      '  StockCountReadiness,\n' +
      '  StockCountSnapshot,\n' +
      '  StockControlSummary,\n' +
      '  StockLocationBalance,\n' +
      '  StockMovementKind,\n' +
      "} from './types/app';\n" +
      '\n' +
      'const MOVEMENT_LABELS: Record<StockMovementKind, string> = {\n' +
      "  factory_order: 'รับจากโรงงาน',\n" +
      "  transfer: 'โอนระหว่างจุด',\n" +
      "  damage: 'เสียหาย / ละลาย',\n" +
      "  return_to_factory: 'ส่งคืนโรงงาน',\n" +
      '};\n' +
      '\n' +
      "const STOCK_OPERATION_KINDS = ['transfer', 'damage', 'return_to_factory'] as const;\n" +
      'type StockOperationKind = typeof STOCK_OPERATION_KINDS[number];\n' +
      "type TabKind = StockOperationKind | 'count';\n" +
      '\n' +
      'type QuantityDraft = Record<string, number>;\n' +
      '\n' +
      'export function ManagerStockControl({\n' +
      '  operationRound,\n' +
      '  round,\n' +
      '  serviceDate,\n' +
      '  demoSummary,\n' +
      '}: {\n' +
      '  operationRound: DeliveryRound | null;\n' +
      '  round: DeliveryRound | null;\n' +
      '  serviceDate: string;\n' +
      '  demoSummary?: StockControlSummary;\n' +
      '}) {\n' +
      "  const isRoundSnapshot = round?.status === 'closed';\n" +
      '  const actionRound = operationRound ?? round;\n' +
      '  const [summary, setSummary] = useState<StockControlSummary | null>(demoSummary ?? null);\n' +
      '  const [summaryRoundId, setSummaryRoundId] = useState<string | null>(demoSummary ? round?.id ?? null : null);\n' +
      "  const [activeTab, setActiveTab] = useState<TabKind>('transfer');\n" +
      "  const [kind, setKind] = useState<StockOperationKind>('transfer');\n" +
      "  const [fromLocationId, setFromLocationId] = useState('');\n" +
      "  const [toLocationId, setToLocationId] = useState('');\n" +
      '  const [quantities, setQuantities] = useState<QuantityDraft>({});\n' +
      "  const [note, setNote] = useState('');\n" +
      "  const [countLocationId, setCountLocationId] = useState('');\n" +
      '  const [actualCounts, setActualCounts] = useState<QuantityDraft>({});\n' +
      "  const [countNote, setCountNote] = useState('');\n" +
      '  const [countHistory, setCountHistory] = useState<StockCountSnapshot[]>([]);\n' +
      '  const [countReadiness, setCountReadiness] = useState<StockCountReadiness[]>([]);\n' +
      '  const [closeState, setCloseState] = useState<DailyStockCloseState | null>(null);\n' +
      "  const [closeNote, setCloseNote] = useState('');\n" +
      '  const [confirmSkipUncounted, setConfirmSkipUncounted] = useState(false);\n' +
      '  const [loading, setLoading] = useState(false);\n' +
      '  const [error, setError] = useState<string | null>(null);\n' +
      '  const [loadedAt, setLoadedAt] = useState<string | null>(null);\n' +
      '\n' +
      '  const latestCounts = useMemo(() => {\n' +
      '    const map = new Map<string, StockCountSnapshot>();\n' +
      '    for (const readiness of countReadiness) {\n' +
      "      if (readiness.status === 'current' && readiness.snapshot) {\n" +
      '        map.set(readiness.location_id, readiness.snapshot);\n' +
      '      }\n' +
      '    }\n' +
      '    return map;\n' +
      '  }, [countReadiness]);\n' +
      '\n' +
      '  const readinessByLocation = useMemo(\n' +
      '    () => new Map(countReadiness.map((readiness) => [readiness.location_id, readiness])),\n' +
      '    [countReadiness],\n' +
      '  );\n' +
      '\n' +
      '  const uncountedLocations = useMemo(() => {\n' +
      '    if (!summary) return [];\n' +
      '    return summary.locations.filter((location) => !latestCounts.has(location.id));\n' +
      '  }, [summary, latestCounts]);\n' +
      '\n' +
      '  const requestId = useRef(0);\n' +
      '\n' +
      '  useEffect(() => {\n' +
      '    if (demoSummary) return;\n' +
      '    void loadSummary(serviceDate, round?.id ?? null);\n' +
      '  }, [demoSummary, round?.id, serviceDate]);\n' +
      '\n' +
      '  useEffect(() => {\n' +
      '    setConfirmSkipUncounted(false);\n' +
      '  }, [serviceDate]);\n' +
      '\n' +
      '  const truckLocations = useMemo(\n' +
      "    () => summary?.locations.filter((location) => location.kind === 'truck') ?? [],\n" +
      '    [summary],\n' +
      '  );\n' +
      '\n' +
      '  const iceTypes = summary?.locations[0]?.balances ?? [];\n' +
      '\n' +
      '  useEffect(() => {\n' +
      '    if (!summary) return;\n' +
      '    setQuantities((current) =>\n' +
      '      Object.fromEntries(iceTypes.map((ice) => [ice.ice_type_id, current[ice.ice_type_id] ?? 0])),\n' +
      '    );\n' +
      "    const truckId = truckLocations[0]?.id || '';\n" +
      "    const firstLocationId = summary.locations[0]?.id || '';\n" +
      "    if (kind === 'transfer') {\n" +
      '      setFromLocationId((current) => (\n' +
      '        summary.locations.some((location) => location.id === current)\n' +
      '          ? current\n' +
      '          : truckId || firstLocationId\n' +
      '      ));\n' +
      '      setToLocationId((current) => (\n' +
      "        summary.locations.some((location) => location.id === current) ? current : ''\n" +
      '      ));\n' +
      '    } else {\n' +
      "      setFromLocationId(kind === 'return_to_factory' ? truckId : truckId || firstLocationId);\n" +
      "      setToLocationId('');\n" +
      '    }\n' +
      '  }, [summary]);\n' +
      '\n' +
      '  useEffect(() => {\n' +
      '    if (!summary) return;\n' +
      '    const selectedLocation = summary.locations.find((location) => location.id === countLocationId)\n' +
      "      ?? summary.locations.find((location) => location.kind !== 'truck')\n" +
      '      ?? summary.locations[0];\n' +
      "    setCountLocationId(selectedLocation?.id ?? '');\n" +
      '    setActualCounts(Object.fromEntries(\n' +
      '      (selectedLocation?.balances ?? []).map((balance) => [balance.ice_type_id, Math.max(0, balance.quantity)]),\n' +
      '    ));\n' +
      '  }, [summary, countLocationId, closeState?.is_closed]);\n' +
      '\n' +
      '  async function loadSummary(requestedServiceDate: string, roundId: string | null) {\n' +
      '    if (!supabase) return;\n' +
      '    const currentRequest = ++requestId.current;\n' +
      '    setLoading(true);\n' +
      '    setError(null);\n' +
      '    const [summaryResponse, countResponse, readinessResponse, closeResponse] = await Promise.all([\n' +
      "      supabase.rpc('get_stock_control_summary', {\n" +
      '        p_round_id: roundId,\n' +
      '        p_service_date: requestedServiceDate,\n' +
      '      }),\n' +
      "      supabase.rpc('get_location_count_history', {\n" +
      '        p_round_id: roundId,\n' +
      '        p_service_date: requestedServiceDate,\n' +
      '      }),\n' +
      "      supabase.rpc('get_daily_stock_count_readiness', {\n" +
      '        p_round_id: roundId,\n' +
      '        p_service_date: requestedServiceDate,\n' +
      '      }),\n' +
      "      supabase.rpc('get_daily_stock_close_state', {\n" +
      '        p_round_id: roundId,\n' +
      '        p_service_date: requestedServiceDate,\n' +
      '      }),\n' +
      '    ]);\n' +
      '    if (currentRequest !== requestId.current) return;\n' +
      '\n' +
      '    const firstError = summaryResponse.error ?? countResponse.error ?? readinessResponse.error ?? closeResponse.error;\n' +
      '    if (firstError) {\n' +
      '      setError(firstError.message);\n' +
      '      setSummary(null);\n' +
      '      setSummaryRoundId(null);\n' +
      '    } else {\n' +
      '      setSummary(summaryResponse.data as StockControlSummary);\n' +
      '      setCountHistory((countResponse.data ?? []) as StockCountSnapshot[]);\n' +
      '      setCountReadiness((readinessResponse.data ?? []) as StockCountReadiness[]);\n' +
      '      setCloseState(closeResponse.data as DailyStockCloseState);\n' +
      '      setSummaryRoundId(roundId);\n' +
      '      setLoadedAt(new Date().toISOString());\n' +
      '    }\n' +
      '    setLoading(false);\n' +
      '  }\n' +
      '\n' +
      '  const stockMovementAction = useRpcAction(\n' +
      '    async (\n' +
      '      args: { kind: StockOperationKind; fromLocationId: string; toLocationId: string; items: any[]; note: string },\n' +
      '      idempotencyKey\n' +
      '    ) => {\n' +
      '      if (demoSummary) return { data: { preview: true }, error: null };\n' +
      "      if (!supabase) throw new Error('Supabase is not initialized');\n" +
      "      return supabase.rpc('record_stock_movement', {\n" +
      '        p_round_id: actionRound!.id,\n' +
      '        p_kind: args.kind,\n' +
      '        p_from_location_id: args.fromLocationId || null,\n' +
      "        p_to_location_id: args.kind === 'transfer' ? args.toLocationId || null : null,\n" +
      '        p_items: args.items,\n' +
      '        p_note: args.note.trim() || null,\n' +
      '        p_idempotency_key: idempotencyKey,\n' +
      '      });\n' +
      '    },\n' +
      '    {\n' +
      '      deps: [actionRound?.id, demoSummary, round?.id, serviceDate],\n' +
      '      successMessage: (_, args) => `บันทึก “${MOVEMENT_LABELS[args.kind]}” แล้ว`,\n' +
      '      onSuccess: async () => {\n' +
      '        if (!demoSummary) {\n' +
      '          await loadSummary(serviceDate, round?.id ?? null);\n' +
      '        }\n' +
      '        setQuantities({});\n' +
      "        setToLocationId('');\n" +
      "        setNote('');\n" +
      '      },\n' +
      '    }\n' +
      '  );\n' +
      '\n' +
      '  const handleSubmit = async (event: FormEvent<HTMLFormElement>) => {\n' +
      '    event.preventDefault();\n' +
      '    if (isRoundSnapshot) {\n' +
      "      stockMovementAction.setError('รอบปิดแล้วเป็นประวัติอ่านอย่างเดียว');\n" +
      '      return;\n' +
      '    }\n' +
      '    if (!actionRound) {\n' +
      "      stockMovementAction.setError('ต้องมีรอบส่งของวันที่เลือกก่อนบันทึกรายการสต๊อก');\n" +
      '      return;\n' +
      '    }\n' +
      '    if (!demoSummary && (!supabase || summaryRoundId !== (round?.id ?? null))) {\n' +
      "      stockMovementAction.setError('ข้อมูลสต๊อกยังโหลดไม่ครบ กรุณารอสักครู่แล้วลองใหม่');\n" +
      '      return;\n' +
      '    }\n' +
      '    if (closeState?.is_closed) {\n' +
      "      stockMovementAction.setError('สต๊อกของวันนี้ปิดแล้ว ไม่สามารถเพิ่มรายการเคลื่อนไหวได้');\n" +
      '      return;\n' +
      '    }\n' +
      '\n' +
      '    const movementBalances = summary?.locations.find((location) => location.id === fromLocationId)?.balances\n' +
      '      ?? iceTypes;\n' +
      '    const items = movementBalances\n' +
      '      .map((ice) => ({ ice_type_id: ice.ice_type_id, quantity: quantities[ice.ice_type_id] ?? 0 }))\n' +
      '      .filter((item) => item.quantity > 0);\n' +
      '\n' +
      '    if (items.length === 0) {\n' +
      "      stockMovementAction.setError('กรอกจำนวนน้ำแข็งอย่างน้อย 1 รายการ');\n" +
      '      return;\n' +
      '    }\n' +
      '    if (!fromLocationId) {\n' +
      "      stockMovementAction.setError('เลือกจุดต้นทางก่อนบันทึกรายการ');\n" +
      '      return;\n' +
      '    }\n' +
      "    if (kind === 'transfer' && !toLocationId) {\n" +
      "      stockMovementAction.setError('เลือกจุดปลายทางก่อนบันทึกรายการโอน');\n" +
      '      return;\n' +
      '    }\n' +
      "    if (kind === 'transfer' && fromLocationId === toLocationId) {\n" +
      "      stockMovementAction.setError('ต้นทางและปลายทางต้องเป็นคนละจุด');\n" +
      '      return;\n' +
      '    }\n' +
      "    if (kind === 'damage' && !note.trim()) {\n" +
      "      stockMovementAction.setError('รายการเสียหายต้องมีหมายเหตุ');\n" +
      '      return;\n' +
      '    }\n' +
      '\n' +
      '    const args = { kind, fromLocationId, toLocationId, items, note: note.trim() };\n' +
      '    const signature = JSON.stringify({ roundId: actionRound.id, ...args });\n' +
      '\n' +
      '    await stockMovementAction.execute(args, { signature });\n' +
      '  };\n' +
      '\n' +
      '  const locationCountAction = useRpcAction(\n' +
      '    async (args: { counts: any[]; note: string }) => {\n' +
      "      if (!supabase) throw new Error('Supabase is not initialized');\n" +
      "      return supabase.rpc('record_location_count', {\n" +
      '        p_round_id: actionRound?.id ?? null,\n' +
      '        p_service_date: serviceDate,\n' +
      '        p_location_id: countLocationId,\n' +
      '        p_counts: args.counts,\n' +
      '        p_note: args.note.trim() || null,\n' +
      '      });\n' +
      '    }'... 39874 more characters
    
  code: 'ERR_ASSERTION'
  name: 'AssertionError'
  expected:
  actual: |-
    import { FormEvent, useEffect, useMemo, useRef, useState } from 'react';
    import {
      Check,
      CheckCircle,
      Cube,
      Info,
      Minus,
      Plus,
      Snowflake,
      Trash,
      Truck,
      UserCircle,
    } from '@phosphor-icons/react';
    import { supabase } from './lib/supabase';
    import { useRpcAction } from './hooks/useRpcAction';
    import type {
      DailyStockCloseState,
      DeliveryRound,
      StockCountReadiness,
      StockCountSnapshot,
      StockControlSummary,
      StockLocationBalance,
      StockMovementKind,
    } from './types/app';
    
    const MOVEMENT_LABELS: Record<StockMovementKind, string> = {
      factory_order: 'รับจากโรงงาน',
      transfer: 'โอนระหว่างจุด',
      damage: 'เสียหาย / ละลาย',
      return_to_factory: 'ส่งคืนโรงงาน',
    };
    
    const STOCK_OPERATION_KINDS = ['transfer', 'damage', 'return_to_factory'] as const;
    type StockOperationKind = typeof STOCK_OPERATION_KINDS[number];
    type TabKind = StockOperationKind | 'count';
    
    type QuantityDraft = Record<string, number>;
    
    export function ManagerStockControl({
      operationRound,
      round,
      serviceDate,
      demoSummary,
    }: {
      operationRound: DeliveryRound | null;
      round: DeliveryRound | null;
      serviceDate: string;
      demoSummary?: StockControlSummary;
    }) {
      const isRoundSnapshot = round?.status === 'closed';
      const actionRound = operationRound ?? round;
      const [summary, setSummary] = useState<StockControlSummary | null>(demoSummary ?? null);
      const [summaryRoundId, setSummaryRoundId] = useState<string | null>(demoSummary ? round?.id ?? null : null);
      const [activeTab, setActiveTab] = useState<TabKind>('transfer');
      const [kind, setKind] = useState<StockOperationKind>('transfer');
      const [fromLocationId, setFromLocationId] = useState('');
      const [toLocationId, setToLocationId] = useState('');
      const [quantities, setQuantities] = useState<QuantityDraft>({});
      const [note, setNote] = useState('');
      const [countLocationId, setCountLocationId] = useState('');
      const [actualCounts, setActualCounts] = useState<QuantityDraft>({});
      const [countNote, setCountNote] = useState('');
      const [countHistory, setCountHistory] = useState<StockCountSnapshot[]>([]);
      const [countReadiness, setCountReadiness] = useState<StockCountReadiness[]>([]);
      const [closeState, setCloseState] = useState<DailyStockCloseState | null>(null);
      const [closeNote, setCloseNote] = useState('');
      const [confirmSkipUncounted, setConfirmSkipUncounted] = useState(false);
      const [loading, setLoading] = useState(false);
      const [error, setError] = useState<string | null>(null);
      const [loadedAt, setLoadedAt] = useState<string | null>(null);
    
      const latestCounts = useMemo(() => {
        const map = new Map<string, StockCountSnapshot>();
        for (const readiness of countReadiness) {
          if (readiness.status === 'current' && readiness.snapshot) {
            map.set(readiness.location_id, readiness.snapshot);
          }
        }
        return map;
      }, [countReadiness]);
    
      const readinessByLocation = useMemo(
        () => new Map(countReadiness.map((readiness) => [readiness.location_id, readiness])),
        [countReadiness],
      );
    
      const uncountedLocations = useMemo(() => {
        if (!summary) return [];
        return summary.locations.filter((location) => !latestCounts.has(location.id));
      }, [summary, latestCounts]);
    
      const requestId = useRef(0);
    
      useEffect(() => {
        if (demoSummary) return;
        void loadSummary(serviceDate, round?.id ?? null);
      }, [demoSummary, round?.id, serviceDate]);
    
      useEffect(() => {
        setConfirmSkipUncounted(false);
      }, [serviceDate]);
    
      const truckLocations = useMemo(
        () => summary?.locations.filter((location) => location.kind === 'truck') ?? [],
        [summary],
      );
    
      const iceTypes = summary?.locations[0]?.balances ?? [];
    
      useEffect(() => {
        if (!summary) return;
        setQuantities((current) =>
          Object.fromEntries(iceTypes.map((ice) => [ice.ice_type_id, current[ice.ice_type_id] ?? 0])),
        );
        const truckId = truckLocations[0]?.id || '';
        const firstLocationId = summary.locations[0]?.id || '';
        if (kind === 'transfer') {
          setFromLocationId((current) => (
            summary.locations.some((location) => location.id === current)
              ? current
              : truckId || firstLocationId
          ));
          setToLocationId((current) => (
            summary.locations.some((location) => location.id === current) ? current : ''
          ));
        } else {
          setFromLocationId(kind === 'return_to_factory' ? truckId : truckId || firstLocationId);
          setToLocationId('');
        }
      }, [summary]);
    
      useEffect(() => {
        if (!summary) return;
        const selectedLocation = summary.locations.find((location) => location.id === countLocationId)
          ?? summary.locations.find((location) => location.kind !== 'truck')
          ?? summary.locations[0];
        setCountLocationId(selectedLocation?.id ?? '');
        setActualCounts(Object.fromEntries(
          (selectedLocation?.balances ?? []).map((balance) => [balance.ice_type_id, Math.max(0, balance.quantity)]),
        ));
      }, [summary, countLocationId, closeState?.is_closed]);
    
      async function loadSummary(requestedServiceDate: string, roundId: string | null) {
        if (!supabase) return;
        const currentRequest = ++requestId.current;
        setLoading(true);
        setError(null);
        const [summaryResponse, countResponse, readinessResponse, closeResponse] = await Promise.all([
          supabase.rpc('get_stock_control_summary', {
            p_round_id: roundId,
            p_service_date: requestedServiceDate,
          }),
          supabase.rpc('get_location_count_history', {
            p_round_id: roundId,
            p_service_date: requestedServiceDate,
          }),
          supabase.rpc('get_daily_stock_count_readiness', {
            p_round_id: roundId,
            p_service_date: requestedServiceDate,
          }),
          supabase.rpc('get_daily_stock_close_state', {
            p_round_id: roundId,
            p_service_date: requestedServiceDate,
          }),
        ]);
        if (currentRequest !== requestId.current) return;
    
        const firstError = summaryResponse.error ?? countResponse.error ?? readinessResponse.error ?? closeResponse.error;
        if (firstError) {
          setError(firstError.message);
          setSummary(null);
          setSummaryRoundId(null);
        } else {
          setSummary(summaryResponse.data as StockControlSummary);
          setCountHistory((countResponse.data ?? []) as StockCountSnapshot[]);
          setCountReadiness((readinessResponse.data ?? []) as StockCountReadiness[]);
          setCloseState(closeResponse.data as DailyStockCloseState);
          setSummaryRoundId(roundId);
          setLoadedAt(new Date().toISOString());
        }
        setLoading(false);
      }
    
      const stockMovementAction = useRpcAction(
        async (
          args: { kind: StockOperationKind; fromLocationId: string; toLocationId: string; items: any[]; note: string },
          idempotencyKey
        ) => {
          if (demoSummary) return { data: { preview: true }, error: null };
          if (!supabase) throw new Error('Supabase is not initialized');
          return supabase.rpc('record_stock_movement', {
            p_round_id: actionRound!.id,
            p_kind: args.kind,
            p_from_location_id: args.fromLocationId || null,
            p_to_location_id: args.kind === 'transfer' ? args.toLocationId || null : null,
            p_items: args.items,
            p_note: args.note.trim() || null,
            p_idempotency_key: idempotencyKey,
          });
        },
        {
          deps: [actionRound?.id, demoSummary, round?.id, serviceDate],
          successMessage: (_, args) => `บันทึก “${MOVEMENT_LABELS[args.kind]}” แล้ว`,
          onSuccess: async () => {
            if (!demoSummary) {
              await loadSummary(serviceDate, round?.id ?? null);
            }
            setQuantities({});
            setToLocationId('');
            setNote('');
          },
        }
      );
    
      const handleSubmit = async (event: FormEvent<HTMLFormElement>) => {
        event.preventDefault();
        if (isRoundSnapshot) {
          stockMovementAction.setError('รอบปิดแล้วเป็นประวัติอ่านอย่างเดียว');
          return;
        }
        if (!actionRound) {
          stockMovementAction.setError('ต้องมีรอบส่งของวันที่เลือกก่อนบันทึกรายการสต๊อก');
          return;
        }
        if (!demoSummary && (!supabase || summaryRoundId !== (round?.id ?? null))) {
          stockMovementAction.setError('ข้อมูลสต๊อกยังโหลดไม่ครบ กรุณารอสักครู่แล้วลองใหม่');
          return;
        }
        if (closeState?.is_closed) {
          stockMovementAction.setError('สต๊อกของวันนี้ปิดแล้ว ไม่สามารถเพิ่มรายการเคลื่อนไหวได้');
          return;
        }
    
        const movementBalances = summary?.locations.find((location) => location.id === fromLocationId)?.balances
          ?? iceTypes;
        const items = movementBalances
          .map((ice) => ({ ice_type_id: ice.ice_type_id, quantity: quantities[ice.ice_type_id] ?? 0 }))
          .filter((item) => item.quantity > 0);
    
        if (items.length === 0) {
          stockMovementAction.setError('กรอกจำนวนน้ำแข็งอย่างน้อย 1 รายการ');
          return;
        }
        if (!fromLocationId) {
          stockMovementAction.setError('เลือกจุดต้นทางก่อนบันทึกรายการ');
          return;
        }
        if (kind === 'transfer' && !toLocationId) {
          stockMovementAction.setError('เลือกจุดปลายทางก่อนบันทึกรายการโอน');
          return;
        }
        if (kind === 'transfer' && fromLocationId === toLocationId) {
          stockMovementAction.setError('ต้นทางและปลายทางต้องเป็นคนละจุด');
          return;
        }
        if (kind === 'damage' && !note.trim()) {
          stockMovementAction.setError('รายการเสียหายต้องมีหมายเหตุ');
          return;
        }
    
        const args = { kind, fromLocationId, toLocationId, items, note: note.trim() };
        const signature = JSON.stringify({ roundId: actionRound.id, ...args });
    
        await stockMovementAction.execute(args, { signature });
      };
    
      const locationCountAction = useRpcAction(
        async (args: { counts: any[]; note: string }) => {
          if (!supabase) throw new Error('Supabase is not initialized');
          return supabase.rpc('record_location_count', {
            p_round_id: actionRound?.id ?? null,
            p_service_date: serviceDate,
            p_location_id: countLocationId,
            p_counts: args.counts,
            p_note: args.note.trim() || null,
          });
        },
        {
          deps: [actionRound?.id, round?.id, serviceDate],
          successMessage: () => {
            const selectedLocation = summary?.locations.find((location) => location.id === countLocationId);
            return `บันทึกยอดนับจริงของ “${selectedLocation?.name ?? ''}” แล้ว`;
          },
          onSuccess: async () => {
            setCountNote('');
            await loadSummary(serviceDate, round?.id ?? null);
          },
        }
      );
    
      const handleLocationCount = async (event: FormEvent<HTMLFormElement>) => {
        event.preventDefault();
        if (!supabase || !summary || !countLocationId || isRoundSnapshot || closeState?.is_closed) return;
        const selectedLocation = summary.locations.find((location) => location.id === countLocationId);
        if (!selectedLocation) return;
    
        const counts = selectedLocation.balances.map((balance) => ({
          ice_type_id: balance.ice_type_id,
          actual_quantity: actualCounts[balance.ice_type_id] ?? 0,
        }));
    
        await locationCountAction.execute({ counts, note: countNote });
      };
    
      const closeDayAction = useRpcAction(
        async (args: { note: string; useSystemForUncounted: boolean }, idempotencyKey) => {
          if (!supabase) throw new Error('Supabase is not initialized');
          return supabase.rpc('close_daily_stock_from_latest_counts', {
            p_round_id: actionRound?.id ?? null,
            p_service_date: serviceDate,
            p_note: args.note.trim() || null,
            p_idempotency_key: idempotencyKey,
            p_use_system_for_uncounted: args.useSystemForUncounted,
          });
        },
        {
          deps: [actionRound?.id, round?.id, serviceDate],
          successMessage: 'ปิดสต๊อกสิ้นวันและบันทึกส่งยอดคงเหลือกลับโรงงานแล้ว',
          onSuccess: async (data) => {
            setCloseState(data as DailyStockCloseState);
            await loadSummary(serviceDate, round?.id ?? null);
          },
        }
      );
    
      const handleCloseDay = async (event: FormEvent<HTMLFormElement>) => {
        event.preventDefault();
        if (!supabase || !summary || !closeState || isRoundSnapshot || closeState.is_closed) return;
        if (closeState.open_round_count > 0) {
          closeDayAction.setError('ต้องปิดรอบส่งทุกช่วงของวันนี้ก่อนปิดสต๊อกสิ้นวัน');
          return;
        }
    
        if (uncountedLocations.length > 0 && !confirmSkipUncounted) {
          closeDayAction.setError('กรุณายืนยันการปิดสต๊อกหากยังมีจุดที่ไม่ได้ตรวจนับ หรือทำการตรวจให้ครบก่อน');
          return;
        }
    
        const noteValue = closeNote.trim();
        const args = { note: noteValue, useSystemForUncounted: confirmSkipUncounted };
    
        const signature = JSON.stringify({ serviceDate, roundId: actionRound?.id ?? null, ...args });
        await closeDayAction.execute(args, { signature });
      };
    
      const selectMovementKind = (nextTab: TabKind) => {
        if (!summary) return;
        setActiveTab(nextTab);
    
        if (nextTab === 'count') {
          return;
        }
    
        const nextKind = nextTab as StockOperationKind;
        setKind(nextKind);
        stockMovementAction.reset();
    
        const truckId = truckLocations[0]?.id || '';
        const firstLocationId = summary.locations[0]?.id || '';
    
        if (nextKind === 'transfer') {
          const sourceId = truckId || firstLocationId;
          setFromLocationId(sourceId);
          setToLocationId('');
        } else {
          setFromLocationId(nextKind === 'return_to_factory' ? truckId : truckId || firstLocationId);
          setToLocationId('');
        }
      };
    
      if (loading && !summary) {
        return <p className="empty-text">กำลังรวมยอดสต๊อกทุกจุด...</p>;
      }
      if (!summary) {
        return <p className="error-text">{error ?? 'ไม่พบข้อมูลสต๊อก'}</p>;
      }
      const countedLocation = summary.locations.find((location) => location.id === countLocationId)
        ?? summary.locations[0];
      const requiresSource = true;
      const requiresDestination = kind === 'transfer';
      const sourceLocations = kind === 'return_to_factory' ? truckLocations : summary.locations;
      const destinationLocations = summary.locations.filter((location) => location.id !== fromLocationId);
      const stockTimestamp = isRoundSnapshot ? summary.snapshot_at : loadedAt;
      const selectedSource = summary.locations.find((location) => location.id === fromLocationId)
        ?? truckLocations[0]
        ?? summary.locations[0];
      const selectedRecipient = destinationLocations.find((location) => location.id === toLocationId) ?? null;
      const recipientLocations = destinationLocations;
      const movementIceTypes = selectedSource?.balances ?? iceTypes;
      const cartItems = movementIceTypes.filter((ice) => (quantities[ice.ice_type_id] ?? 0) > 0);
      const cartTotal = cartItems.reduce((total, ice) => total + (quantities[ice.ice_type_id] ?? 0), 0);
    
      const updateQuantity = (iceTypeId: string, value: number, available: number) => {
        const nextValue = Math.min(available, Math.max(0, Math.round(value * 2) / 2));
        setQuantities((current) => ({ ...current, [iceTypeId]: nextValue }));
        stockMovementAction.reset();
      };
    
      return (
        <div className="stock-control">
          {activeTab !== 'transfer' ? <div className="stock-layout-panel">
            <div className="stock-layout-header">
              <h3 className="stock-layout-title">
                {isRoundSnapshot ? 'สต๊อกทั้งวัน ณ เวลาปิดรอบ' : 'สต๊อกปัจจุบันของวัน'}
              </h3>
              <div className="stock-layout-subtitle">
                <span>{isRoundSnapshot ? 'ข้อมูล ณ' : 'โหลดล่าสุด'} {stockTimestamp ? formatStockTime(stockTimestamp) : '-'} น.</span>
                <button
                  aria-label="รีเฟรชข้อมูลสต๊อก"
                  className="stock-refresh-button"
                  disabled={loading}
                  onClick={() => void loadSummary(serviceDate, round?.id ?? null)}
                  type="button"
                >
                  <svg width="14" height="14" fill="none" stroke="currentColor" strokeWidth="2" viewBox="0 0 24 24"><path d="M4 4v5h.582m15.356 2A8.001 8.001 0 004.582 9m0 0H9m11 11v-5h-.581m0 0a8.003 8.003 0 01-15.357-2m15.357 2H15"/></svg>
                </button>
              </div>
            </div>
    
            {isRoundSnapshot ? (
              <p className="muted" style={{ marginBottom: 16 }}>ยอดนี้หยุดที่ {summary.snapshot_at ? formatStockDateTime(summary.snapshot_at) : 'เวลาปิดรอบ'} และจะไม่เปลี่ยนตามรายการของรอบปัจจุบัน</p>
            ) : null}
    
            <div className="stock-location-grid-custom">
              {summary.locations.map((location) => {
                const hasNegative = location.balances.some((balance) => balance.quantity < 0);
                return (
                  <section className={`stock-location-card-custom ${hasNegative ? 'stock-location-card--warning' : ''}`} key={location.id}>
                    <div className="stock-location-card-custom-header">
                      <div className="icon-circle">
                        {location.kind === 'truck' ? <svg width="14" height="14" fill="none" stroke="currentColor" strokeWidth="2" viewBox="0 0 24 24"><path d="M5 12h14M5 12a2 2 0 01-2-2V6a2 2 0 012-2h14a2 2 0 012 2v4a2 2 0 01-2 2M5 12v6a2 2 0 002 2h10a2 2 0 002-2v-6M9 16h6"/></svg> : location.name.charAt(0)}
                      </div>
                      {location.name}
                    </div>
                    <div className="stock-location-card-custom-body">
                      {location.balances.map((balance) => (
                        <div className="stock-balance-row" key={balance.ice_type_id}>
                          <span>{balance.ice_type_name}</span>
                          <strong className={`qty ${balance.quantity === 0 ? 'zero' : ''}`}>{balance.quantity}</strong>
                        </div>
                      ))}
                    </div>
                    {hasNegative ? <p className="error-text" style={{ marginTop: 8 }}>ยอดติดลบ</p> : null}
                  </section>
                );
              })}
            </div>
          </div> : null}
    
          {!isRoundSnapshot ? (
            <div className="stock-layout-panel">
              <div className="action-tabs">
                <button
                  className={`action-tab ${activeTab === 'transfer' ? 'active' : ''}`}
                  onClick={() => selectMovementKind('transfer')}
                  type="button"
                >
                  <svg fill="none" stroke="currentColor" strokeWidth="2" viewBox="0 0 24 24"><path d="M8 7h12m0 0l-4-4m4 4l-4 4m0 6H4m0 0l4 4m-4-4l4-4"/></svg>
                  โอนระหว่างจุด
                </button>
    
                <button
                  className={`action-tab ${activeTab === 'damage' ? 'active' : ''}`}
                  onClick={() => selectMovementKind('damage')}
                  type="button"
                >
                  <svg fill="none" stroke="currentColor" strokeWidth="2" viewBox="0 0 24 24"><path d="M12 2.69l5.66 5.66a8 8 0 11-11.31 0z"/></svg>
                  เสียหาย / ละลาย
                </button>
                <button
                  className={`action-tab ${activeTab === 'count' ? 'active' : ''}`}
                  onClick={() => selectMovementKind('count')}
                  type="button"
                >
                  <svg fill="none" stroke="currentColor" strokeWidth="2" viewBox="0 0 24 24"><path d="M9 5H7a2 2 0 00-2 2v12a2 2 0 002 2h10a2 2 0 002-2V7a2 2 0 00-2-2h-2M9 5a2 2 0 002 2h2a2 2 0 002-2M9 5a2 2 0 012-2h2a2 2 0 012 2m-3 7h3m-3 4h3m-6-4h.01M9 16h.01"/></svg>
                  ตรวจนับจริง
                </button>
                <button
                  className={`action-tab ${activeTab === 'return_to_factory' ? 'active' : ''}`}
                  onClick={() => selectMovementKind('return_to_factory')}
                  type="button"
                >
                  <svg fill="none" stroke="currentColor" strokeWidth="2" viewBox="0 0 24 24"><path d="M4 12h16m-6-6 6 6-6 6"/></svg>
                  ส่งคืนโรงงาน
                </button>
              </div>
    
              {activeTab === 'transfer' ? (
                <form className="holder-pos" onSubmit={handleSubmit}>
                  <div className="holder-pos__main">
                    <section className="holder-pos__section" aria-labelledby="holder-step-title">
                      <div className="holder-pos__section-heading">
                        <span>1.</span>
                        <h3 id="holder-step-title">เลือกต้นทางและจุดรับสต๊อก</h3>
                      </div>
                      <div className="holder-pos__source-control">
                        <Truck aria-hidden="true" size={18} weight="fill" />
                        <LocationSelect
                          label="ต้นทาง (จาก)"
                          locations={sourceLocations}
                          onChange={(nextSourceId) => {
                            setFromLocationId(nextSourceId);
                            setToLocationId((current) => current === nextSourceId ? '' : current);
                            setQuantities({});
                            stockMovementAction.reset();
                          }}
                          value={fromLocationId}
                        />
                      </div>
    
                      <div className="holder-card-grid">
                        {recipientLocations.map((location) => {
                          const isSelected = location.id === toLocationId;
                          const totalBalance = location.balances.reduce((total, balance) => total + balance.quantity, 0);
                          return (
                            <button
                              aria-pressed={isSelected}
                              className={`holder-card ${isSelected ? 'holder-card--selected' : ''}`}
                              key={location.id}
                              onClick={() => {
                                setToLocationId(location.id);
                                stockMovementAction.reset();
                              }}
                              type="button"
                            >
                              {isSelected ? <CheckCircle className="holder-card__check" size={21} weight="fill" /> : null}
                              <span className="holder-card__avatar" aria-hidden="true">
                                <UserCircle size={48} weight="duotone" />
                              </span>
                              <span className="holder-card__identity">
                                <strong>{location.name}</strong>
                                <small>{location.code}</small>
                              </span>
                              <span className={`holder-card__balance ${totalBalance === 0 ? 'holder-card__balance--empty' : ''}`}>
                                คงเหลือที่จุดรับ <strong>{formatStockQuantity(totalBalance)}</strong> หน่วย
                              </span>
                            </button>
                          );
                        })}
                        {recipientLocations.length === 0 ? (
                          <p className="holder-pos__empty">ยังไม่มีจุดรับสต๊อกที่พร้อมรับสินค้า</p>
                        ) : null}
                      </div>
                    </section>
    
                    <section className="holder-pos__section" aria-labelledby="product-step-title">
                      <div className="holder-pos__section-heading">
                        <span>2.</span>
                        <h3 id="product-step-title">เลือกชนิดและจำนวน</h3>
                      </div>
                      <div className="product-card-grid">
                        {movementIceTypes.map((ice, index) => {
                          const quantity = quantities[ice.ice_type_id] ?? 0;
                          const selected = quantity > 0;
                          const ProductIcon = index % 2 === 0 ? Cube : Snowflake;
                          return (
                            <article className={`product-quantity-card ${selected ? 'product-quantity-card--selected' : ''}`} key={ice.ice_type_id}>
                              {selected ? <CheckCircle className="product-quantity-card__check" size={21} weight="fill" /> : null}
                              <div className="product-quantity-card__header">
                                <span className="product-quantity-card__icon" aria-hidden="true"><ProductIcon size={37} weight="duotone" /></span>
                                <span>
                                  <strong>{ice.ice_type_name}</strong>
                                  <small>บนรถ {formatStockQuantity(ice.quantity)} {ice.unit}</small>
                                </span>
                              </div>
                              <div className="quantity-stepper">
                                <button
                                  aria-label={`ลด ${ice.ice_type_name}`}
                                  disabled={quantity <= 0 || closeState?.is_closed}
                                  onClick={() => updateQuantity(ice.ice_type_id, quantity - 0.5, ice.quantity)}
                                  type="button"
                                >
                                  <Minus size={18} weight="bold" />
                                </button>
                                <input
                                  aria-label={`จำนวน ${ice.ice_type_name}`}
                                  disabled={closeState?.is_closed}
                                  inputMode="decimal"
                                  max={ice.quantity}
                                  min={0}
                                  onChange={(event) => updateQuantity(ice.ice_type_id, Number(event.target.value) || 0, ice.quantity)}
                                  placeholder="0"
                                  step={0.5}
                                  type="number"
                                  value={quantity || ''}
                                />
                                <button
                                  aria-label={`เพิ่ม ${ice.ice_type_name}`}
                                  disabled={quantity >= ice.quantity || closeState?.is_closed}
                                  onClick={() => updateQuantity(ice.ice_type_id, quantity + 0.5, ice.quantity)}
                                  type="button"
                                >
                                  <Plus size={18} weight="bold" />
                                </button>
                              </div>
                              <div className="quantity-quick-actions" aria-label={`ปุ่มลัด ${ice.ice_type_name}`}>
                                {[1, 5, 10].map((amount) => (
                                  <button
                                    disabled={quantity >= ice.quantity || closeState?.is_closed}
                                    key={amount}
                                    onClick={() => updateQuantity(ice.ice_type_id, quantity + amount, ice.quantity)}
                                    type="button"
                                  >
                                    +{amount}
                                  </button>
                                ))}
                              </div>
                            </article>
                          );
                        })}
                      </div>
                    </section>
    
                    <label className="holder-pos__note">
                      <span>หมายเหตุเพิ่มเติม (ถ้ามี)</span>
                      <textarea
                        disabled={closeState?.is_closed}
                        onChange={(event) => setNote(event.target.value)}
                        placeholder="ระบุหมายเหตุเพิ่มเติม..."
                        rows={3}
                        value={note}
                      />
                    </label>
                  </div>
    
                  <aside className="holder-cart" aria-labelledby="cart-title">
                    <h3 id="cart-title">3. สรุปรายการเบิก</h3>
                    {selectedRecipient ? (
                      <div className="holder-cart__recipient">
                        <UserCircle aria-hidden="true" size={50} weight="duotone" />
                        <span>
                          <small>กำลังโอนไปยัง:</small>
                          <strong>{selectedRecipient.name}</strong>
                          <small>{selectedRecipient.code}</small>
                        </span>
                      </div>
                    ) : (
                      <div className="holder-cart__placeholder">เลือกจุดรับสต๊อกเพื่อเริ่มรายการ</div>
                    )}
    
                    <div className="holder-cart__items" aria-live="polite">
                      {cartItems.map((ice, index) => {
                        const ProductIcon = index % 2 === 0 ? Cube : Snowflake;
                        return (
                          <div className="holder-cart__item" key={ice.ice_type_id}>
                            <ProductIcon aria-hidden="true" size={31} weight="duotone" />
                            <span>{ice.ice_type_name}</span>
                            <strong>{formatStockQuantity(quantities[ice.ice_type_id] ?? 0)} <small>{ice.unit}</small></strong>
                          </div>
                        );
                      })}
                      {cartItems.length === 0 ? <p>ยังไม่ได้เลือกสินค้า</p> : null}
                    </div>
    
                    <div className="holder-cart__totals">
                      <span>รวมรายการ <strong>{cartItems.length} ชนิด</strong></span>
                      <span>รวมจำนวน <strong>{formatStockQuantity(cartTotal)} หน่วย</strong></span>
                    </div>
    
                    <div className="holder-cart__notice">
                      <Info aria-hidden="true" size={21} weight="fill" />
                      <span>หลังยืนยัน ระบบจะตัดจาก {selectedSource?.name ?? 'รถหลัก'} และเพิ่มเข้าสู่สต๊อกของผู้รับทันที</span>
                    </div>
    
                    {stockMovementAction.error ? <p className="holder-cart__feedback error-text" role="alert">{stockMovementAction.error}</p> : null}
                    {stockMovementAction.success ? <p className="holder-cart__feedback success-text" role="status">{stockMovementAction.success}</p> : null}
    
                    <button
                      aria-label="ยืนยัน โอนระหว่างจุด"
                      className="primary-button holder-cart__confirm"
                      disabled={!actionRound || !selectedRecipient || cartItems.length === 0 || stockMovementAction.isSubmitting || closeState?.is_closed}
                      type="submit"
                    >
                      <Check size={19} weight="bold" />
                      {closeState?.is_closed
                        ? 'ปิดสต๊อกวันนี้แล้ว'
                        : stockMovementAction.isSubmitting
                          ? 'กำลังบันทึก...'
                          : `ยืนยันโอนไป${selectedRecipient?.name ?? 'จุดรับ'}`}
                    </button>
                    <button
                      className="holder-cart__clear"
                      disabled={cartItems.length === 0 && !selectedRecipient}
                      onClick={() => {
                        setQuantities(Object.fromEntries(movementIceTypes.map((ice) => [ice.ice_type_id, 0])));
                        setToLocationId('');
                        setNote('');
                        stockMovementAction.reset();
                      }}
                      type="button"
                    >
                      <Trash size={18} />
                      ล้างรายการ
                    </button>
                  </aside>
                </form>
              ) : activeTab !== 'count' ? (
                <form onSubmit={handleSubmit}>
                  <div className={`action-form-grid ${requiresSource && requiresDestination ? '' : 'action-form-grid--single'}`}>
                    {requiresSource ? <div>
                      <LocationSelect
                        label="ต้นทาง (จาก)"
                        locations={sourceLocations}
                        onChange={setFromLocationId}
                        value={fromLocationId}
                      />
                    </div> : null}
                    {requiresSource && requiresDestination ? <div className="swap-icon-container">
                      <svg width="20" height="20" fill="none" stroke="currentColor" strokeWidth="2" viewBox="0 0 24 24"><path d="M8 7h12m0 0l-4-4m4 4l-4 4m0 6H4m0 0l4 4m-4-4l4-4"/></svg>
                    </div> : null}
                    {requiresDestination ? <div>
                      <LocationSelect
                        label="ปลายทาง (ไปยัง)"
                        locations={destinationLocations}
                        onChange={setToLocationId}
                        value={toLocationId}
                      />
                    </div> : null}
                  </div>
    
                  <div style={{ marginTop: 24 }}>
                    <p className="eyebrow" style={{ color: '#1a2332', fontWeight: 600, fontSize: '0.95rem', marginBottom: 12 }}>ชนิดและจำนวน</p>
                    <div className="inputs-2col">
                      {iceTypes.map((ice) => (
                        <div className="input-row" key={ice.ice_type_id}>
                          <span>{ice.ice_type_name}</span>
                          <div className="input-wrapper">
                            <input
                              inputMode="decimal"
                              disabled={closeState?.is_closed}
                              min={0}
                              step={0.5}
                              onChange={(event) => setQuantities((current) => ({
                                ...current,
                                [ice.ice_type_id]: Math.max(0, Number(event.target.value) || 0),
                              }))}
                              type="number"
                              value={quantities[ice.ice_type_id] || ''}
                              placeholder="0"
                            />
                            <small>{ice.unit}</small>
                          </div>
                        </div>
                      ))}
                    </div>
                  </div>
    
                  <div style={{ marginTop: 24 }}>
                    <p className="eyebrow" style={{ color: '#1a2332', fontWeight: 600, fontSize: '0.95rem', marginBottom: 12 }}>หมายเหตุ (ถ้ามี)</p>
                    <textarea
                      disabled={closeState?.is_closed}
                      onChange={(event) => setNote(event.target.value)}
                      placeholder={kind === 'damage' ? 'เช่น ถุงแตกหรือละลายระหว่างรอส่ง' : 'ระบุรายละเอียดเพิ่มเติม (ถ้ามี)'}
                      required={kind === 'damage'}
                      rows={2}
                      value={note}
                      style={{ width: '100%' }}
                    />
                  </div>
    
                  {stockMovementAction.error ? <p className="error-text" style={{ marginTop: 16 }}>{stockMovementAction.error}</p> : null}
                  {stockMovementAction.success ? <p className="success-text" style={{ marginTop: 16 }}>{stockMovementAction.success}</p> : null}
    
                  <div className="submit-btn-container">
                    <button className="primary-button" disabled={!actionRound || stockMovementAction.isSubmitting || closeState?.is_closed} type="submit">
                      <svg width="18" height="18" fill="none" stroke="currentColor" strokeWidth="2" viewBox="0 0 24 24"><path d="M22 2L11 13M22 2l-7 20-4-9-9-4 20-7z"/></svg>
                      {closeState?.is_closed ? 'ปิดสต๊อกวันนี้แล้ว' : stockMovementAction.isSubmitting ? 'กำลังบันทึก...' : `ยืนยัน ${MOVEMENT_LABELS[kind]}`}
                    </button>
                  </div>
                </form>
              ) : (
                <form onSubmit={handleLocationCount}>
                  <div style={{ marginBottom: 24 }}>
                    <LocationSelect
                      label="จุดที่ต้องการตรวจนับ"
                      locations={summary.locations}
                      onChange={setCountLocationId}
                      value={countLocationId}
                    />
                  </div>
                  <p className="eyebrow" style={{ color: '#1a2332', fontWeight: 600, fontSize: '0.95rem', marginBottom: 12 }}>ตรวจนับและเปรียบเทียบ</p>
                  <div className="inputs-2col">
                    {countedLocation?.balances.map((balance) => {
                      const actual = actualCounts[balance.ice_type_id] ?? 0;
                      const variance = actual - balance.quantity;
                      return (
                        <div className="input-row" key={balance.ice_type_id}>
                          <span>{balance.ice_type_name} (ระบบ {balance.quantity})</span>
                          <div className="input-wrapper" style={{ flexDirection: 'column', alignItems: 'flex-end', width: 'auto' }}>
                            <div style={{ display: 'flex', alignItems: 'center', gap: 8 }}>
                              <input
                                disabled={closeState?.is_closed}
                                min={0}
                                step={0.5}
                                type="number"
                                value={actual || ''}
                                placeholder="0"
                                onChange={(event) => setActualCounts((current) => ({
                                  ...current,
                                  [balance.ice_type_id]: Math.max(0, Number(event.target.value) || 0),
                                }))}
                                style={{ width: 100 }}
                              />
                              <small>{balance.unit}</small>
                            </div>
                            <small className={variance === 0 ? 'success-text' : 'error-text'} style={{ width: 'auto', textAlign: 'right' }}>
                              {variance === 0 ? 'ยอดตรง' : `ต่าง ${variance > 0 ? '+' : ''}${variance}`}
                            </small>
                          </div>
                        </div>
                      );
                    })}
                  </div>
                  <div style={{ marginTop: 24 }}>
                    <p className="eyebrow" style={{ color: '#1a2332', fontWeight: 600, fontSize: '0.95rem', marginBottom: 12 }}>หมายเหตุ (ถ้ามี)</p>
                    <textarea disabled={closeState?.is_closed} rows={2} value={countNote} onChange={(event) => setCountNote(event.target.value)} style={{ width: '100%' }} />
                  </div>
    
                  {locationCountAction.error ? <p className="error-text" style={{ marginTop: 16 }}>{locationCountAction.error}</p> : null}
                  {locationCountAction.success ? <p className="success-text" style={{ marginTop: 16 }}>{locationCountAction.success}</p> : null}
    
                  <div className="submit-btn-container">
                    <button className="primary-button" disabled={locationCountAction.isSubmitting || closeState?.is_closed} type="submit">
                      <svg width="18" height="18" fill="none" stroke="currentColor" strokeWidth="2" viewBox="0 0 24 24"><path d="M9 5H7a2 2 0 00-2 2v12a2 2 0 002 2h10a2 2 0 002-2V7a2 2 0 00-2-2h-2M9 5a2 2 0 002 2h2a2 2 0 002-2M9 5a2 2 0 012-2h2a2 2 0 012 2m-3 7h3m-3 4h3m-6-4h.01M9 16h.01"/></svg>
                      {locationCountAction.isSubmitting ? 'กำลังบันทึก...' : 'บันทึกยอดนับจริง'}
                    </button>
                  </div>
    
                  <div className="stock-ledger-list" style={{ marginTop: 24, paddingTop: 24, borderTop: '1px solid #e1e7ef' }}>
                    <p className="eyebrow" style={{ color: '#1a2332', fontWeight: 600, fontSize: '0.95rem', marginBottom: 16 }}>ประวัติการตรวจนับวันนี้</p>
                    {countHistory.slice(0, 6).map((snapshot) => (
                      <article className="stock-ledger-item" key={snapshot.id}>
                        <div className="panel-header"><strong>{snapshot.location_name}</strong><time>{formatStockTime(snapshot.counted_at)}</time></div>
                        <small>{snapshot.items.map((item) => `${item.ice_type_name}: ระบบ ${item.system_quantity} / นับ ${item.actual_quantity} / ต่าง ${item.variance_quantity}`).join(' · ')}</small>
                        <small>{snapshot.counted_by}{snapshot.note ? ` · ${snapshot.note}` : ''}</small>
                      </article>
                    ))}
                    {countHistory.length === 0 ? <p className="empty-text">ยังไม่มี snapshot ยอดนับกลับของวันนี้</p> : null}
                  </div>
                </form>
              )}
            </div>
          ) : null}
    
          {!isRoundSnapshot ? (
            <section className="daily-close-section" style={{ marginTop: 24 }}>
              <div className="panel-header">
                <div>
                  <p className="eyebrow">หลังจบทุกรอบของวัน</p>
                  <h3>ตรวจนับและปิดสต๊อกสิ้นวัน</h3>
                </div>
                <span className={`status-badge ${closeState?.is_closed ? 'status-badge--success' : 'status-badge--neutral'}`}>
                  {closeState?.is_closed ? 'ปิดแล้ว' : `เหลือ ${closeState?.open_round_count ?? 0} รอบเปิด`}
                </span>
              </div>
    
              {closeState?.is_closed ? (
                <div className="stack">
                  <p className="success-text">ปิดโดย {closeState.closed_by ?? '-'} · {closeState.closed_at ? formatStockDateTime(closeState.closed_at) : '-'}</p>
                  <p className="muted">ระบบเก็บยอดตามระบบ ยอดนับจริง และส่วนต่างไว้แล้ว พร้อมบันทึกการรวบรวมของทุกจุดและส่งยอดคงเหลือกลับโรงงานจนยอดทุกจุดเป็นศูนย์</p>
                  <div className="stock-ledger-list">
                    {closeState.counts.map((item) => (
                      <article className="stock-ledger-item" key={closeCountKey(item.location_id, item.ice_type_id)}>
                        <strong>{item.location_name} · {item.ice_type_name}</strong>
                        <small>ระบบ {item.system_quantity} · นับจริง {item.actual_quantity} · ต่าง {item.variance_quantity > 0 ? '+' : ''}{item.variance_quantity} {item.unit}</small>
                      </article>
                    ))}
                  </div>
                </div>
              ) : (
                <form className="stock-movement-form" onSubmit={handleCloseDay}>
                  <p className="muted">ตรวจสอบผลการตรวจนับล่าสุดของแต่ละจุด ระบบจะรวมยอดเพื่อปิดสต๊อกและส่งคืนโรงงานตามยอดนี้</p>
    
                  <div className="table-responsive" style={{ margin: '16px 0', border: '1px solid #e1e7ef', borderRadius: 8, overflow: 'hidden' }}>
                    <table className="data-table" style={{ width: '100%', borderCollapse: 'collapse', textAlign: 'left', fontSize: '0.9rem' }}>
                      <thead style={{ backgroundColor: '#f8fafc', borderBottom: '1px solid #e1e7ef' }}>
                        <tr>
                          <th style={{ padding: '12px 16px', color: '#64748b', fontWeight: 600 }}>จุด</th>
                          <th style={{ padding: '12px 16px', color: '#64748b', fontWeight: 600 }}>สถานะ</th>
                          <th style={{ padding: '12px 16px', color: '#64748b', fontWeight: 600 }}>ผลตรวจ</th>
                        </tr>
                      </thead>
                      <tbody style={{ backgroundColor: '#fff' }}>
                        {summary.locations.map((location) => {
                          const readiness = readinessByLocation.get(location.id);
                          const latest = readiness?.snapshot;
                          let statusStr = 'ยังไม่ตรวจ';
                          let statusColor = '#64748b';
                          let resultStr = '—';
                          let resultColor = '#64748b';
    
                          if (readiness?.status === 'stale' && latest) {
                            statusStr = `ต้องตรวจใหม่ · ตรวจล่าสุด ${formatStockTime(latest.counted_at)} น.`;
                            statusColor = '#c2410c';
                            resultStr = 'มีรายการสต๊อกหลังการตรวจ';
                            resultColor = '#c2410c';
                          } else if (readiness?.status === 'current' && latest) {
                            statusStr = `ตรวจแล้ว ${formatStockTime(latest.counted_at)} น.`;
                            statusColor = '#0f172a';
    
                            let totalVariance = 0;
                            const variances: string[] = [];
                            latest.items.forEach(item => {
                              totalVariance += item.variance_quantity;
                              if (item.variance_quantity !== 0) {
                                variances.push(`${item.ice_type_name} ${item.variance_quantity > 0 ? '+' : ''}${item.variance_quantity}`);
                              }
                            });
    
                            if (totalVariance === 0 && variances.length === 0) {
                              resultStr = 'ตรง';
                              resultColor = '#10b981';
                            } else {
                              resultStr = variances.join(', ');
                              resultColor = '#ef4444';
                            }
                          }
    
                          return (
                            <tr key={location.id} style={{ borderBottom: '1px solid #f1f5f9' }}>
                              <td style={{ padding: '12px 16px', fontWeight: 500 }}>{location.name}</td>
                              <td style={{ padding: '12px 16px', color: statusColor }}>{statusStr}</td>
                              <td style={{ padding: '12px 16px', color: resultColor, fontWeight: 500 }}>{resultStr}</td>
                            </tr>
                          );
                        })}
                      </tbody>
                    </table>
                  </div>
    
                  <div style={{ display: 'flex', gap: 16, marginBottom: 24, flexWrap: 'wrap' }}>
                    {uncountedLocations.length > 0 && (
                      <button
                        type="button"
                        className="secondary-button"
                        onClick={() => {
                          setActiveTab('count');
                          setCountLocationId(uncountedLocations[0].id);
                          window.scrollTo({ top: 0, behavior: 'smooth' });
                        }}
                      >
                        <svg width="16" height="16" fill="none" stroke="currentColor" strokeWidth="2" viewBox="0 0 24 24" style={{ marginRight: 6, verticalAlign: 'text-bottom' }}><path d="M9 5H7a2 2 0 00-2 2v12a2 2 0 002 2h10a2 2 0 002-2V7a2 2 0 00-2-2h-2M9 5a2 2 0 002 2h2a2 2 0 002-2M9 5a2 2 0 012-2h2a2 2 0 012 2m-3 7h3m-3 4h3m-6-4h.01M9 16h.01"/></svg>
                        ตรวจจุดที่ยังไม่ครบหรือข้อมูลเก่า ({uncountedLocations.length})
                      </button>
                    )}
                    <button
                      type="button"
                      className="secondary-button"
                      onClick={() => {
                        const ledger = document.querySelector('.stock-ledger');
                        if (ledger) ledger.scrollIntoView({ behavior: 'smooth' });
                      }}
                    >
                      <svg width="16" height="16" fill="none" stroke="currentColor" strokeWidth="2" viewBox="0 0 24 24" style={{ marginRight: 6, verticalAlign: 'text-bottom' }}><path d="M12 8v4l3 3m6-3a9 9 0 11-18 0 9 9 0 0118 0z"/></svg>
                      ดูประวัติการทำรายการ
                    </button>
                  </div>
    
                  {uncountedLocations.length > 0 && (
                    <label style={{ display: 'flex', alignItems: 'center', gap: 8, padding: '12px', backgroundColor: '#fff7ed', border: '1px solid #fdba74', borderRadius: 8, marginBottom: 16 }}>
                      <input
                        type="checkbox"
                        checked={confirmSkipUncounted}
                        onChange={(event) => setConfirmSkipUncounted(event.target.checked)}
                      />
                      <span style={{ color: '#c2410c', fontSize: '0.9rem', fontWeight: 500 }}>
                        หัวหน้างานยืนยัน: ปิดวันโดยใช้ยอดตามระบบสำหรับจุดที่ยังไม่มีผลตรวจปัจจุบัน ({uncountedLocations.length} จุด)
                      </span>
                    </label>
                  )}
    
                  <label>เหตุผลหรือหมายเหตุปิดวัน (ถ้ามี)<textarea rows={2} value={closeNote} onChange={(event) => setCloseNote(event.target.value)} /></label>
                  {closeState && closeState.open_round_count > 0 ? <p className="error-text">ต้องปิดรอบส่งที่เหลือ {closeState.open_round_count} รอบก่อน</p> : null}
    
                  {closeDayAction.error ? <p className="error-text">{closeDayAction.error}</p> : null}
                  {closeDayAction.success ? <p className="success-text">{closeDayAction.success}</p> : null}
    
                  <button
                    className="primary-button"
                    disabled={closeDayAction.isSubmitting || !closeState || closeState.open_round_count > 0 || (uncountedLocations.length > 0 && !confirmSkipUncounted)}
                    type="submit"
                  >
                    {closeDayAction.isSubmitting ? 'กำลังปิดสต๊อก...' : 'ปิดสต๊อกวันนี้'}
                  </button>
                </form>
              )}
            </section>
          ) : null}
    
          <section className="stock-ledger" style={{ marginTop: 24 }}>
            <div>
              <p className="eyebrow">{isRoundSnapshot ? 'ประวัติจนถึงเวลาปิดรอบ' : 'ประวัติล่าสุดของวัน'}</p>
              <h3>{isRoundSnapshot ? 'รายการก่อน Snapshot' : 'รายการที่ตรวจนับได้'}</h3>
            </div>
            <div className="stock-ledger-list">
              {summary.recent_movements.map((movement) => (
                <article className="stock-ledger-item" key={movement.id}>
                  <div className="panel-header">
                    <strong>{MOVEMENT_LABELS[movement.kind]}</strong>
                    <time>{formatStockTime(movement.recorded_at)}</time>
                  </div>
                  <p>
                    {movement.from_location_name ?? 'โรงงาน'}
                    {' → '}
                    {movement.to_location_name ?? (movement.kind === 'damage' ? 'เสียหาย' : 'โรงงาน')}
                  </p>
                  <small>{movement.items.map((item) => `${item.ice_type_name} ${item.quantity} ${item.unit}`).join(' · ')}</small>
                  <small>{movement.recorded_by}{movement.note ? ` · ${movement.note}` : ''}</small>
                </article>
              ))}
              {summary.recent_movements.length === 0 ? <p className="empty-text">ยังไม่มีรายการสต๊อกในวันนี้</p> : null}
            </div>
          </section>
        </div>
      );
    }
    
    function LocationSelect({
      label,
      locations,
      value,
      onChange,
    }: {
      label: string;
      locations: StockLocationBalance[];
      value: string;
      onChange: (value: string) => void;
    }) {
      return (
        <label>
          {label}
          <select required value={value} onChange={(event) => onChange(event.target.value)}>
            <option value="">เลือกจุด</option>
            {locations.map((location) => (
              <option key={location.id} value={location.id}>{location.name}</option>
            ))}
          </select>
        </label>
      );
    }
    
    function formatStockTime(value: string) {
      return new Intl.DateTimeFormat('th-TH', {
        hour: '2-digit',
        minute: '2-digit',
      }).format(new Date(value));
    }
    
    function formatStockDateTime(value: string) {
      return new Intl.DateTimeFormat('th-TH', {
        dateStyle: 'medium',
        timeStyle: 'short',
      }).format(new Date(value));
    }
    
    function formatStockQuantity(value: number) {
      return Number.isInteger(value) ? String(value) : value.toFixed(1);
    }
    
    function closeCountKey(locationId: string, iceTypeId: string) {
      return `${locationId}:${iceTypeId}`;
    }
    
  operator: 'match'
  stack: |-
    TestContext.<anonymous> (file:///Users/bhusitt./Downloads/%E0%B8%AA%E0%B9%88%E0%B8%87%E0%B8%99%E0%B9%89%E0%B8%B3%E0%B9%81%E0%B8%82%E0%B9%87%E0%B8%87/tests/manager-contracts.test.mjs:322:10)
    Test.runInAsyncScope (node:async_hooks:206:9)
    Test.run (node:internal/test_runner/test:796:25)
    Test.processPendingSubtests (node:internal/test_runner/test:526:18)
    Test.postRun (node:internal/test_runner/test:889:19)
    Test.run (node:internal/test_runner/test:835:12)
    async Test.processPendingSubtests (node:internal/test_runner/test:526:7)
  ...
# Subtest: returned-stock snapshots accept half-bag quantities
ok 24 - returned-stock snapshots accept half-bag quantities
  ---
  duration_ms: 0.621291
  ...
# Subtest: stock transfers preserve half-bag quantities through daily close
ok 25 - stock transfers preserve half-bag quantities through daily close
  ---
  duration_ms: 1.087584
  ...
# Subtest: manager delivery corrections restore stock and require an audit reason
not ok 26 - manager delivery corrections restore stock and require an audit reason
  ---
  duration_ms: 1.478875
  location: '/Users/bhusitt./Downloads/ส่งน้ำแข็ง/tests/manager-contracts.test.mjs:356:1'
  failureType: 'testCodeFailure'
  error: |-
    The input did not match the regular expression /p_reason: reason\.trim\(\)/. Input:
    
    "import { FormEvent, useEffect, useMemo, useRef, useState } from 'react';\n" +
      "import { supabase } from './lib/supabase';\n" +
      "import { useRpcAction } from './hooks/useRpcAction';\n" +
      'import type {\n' +
      '  DeliveryRound,\n' +
      '  ManagerDeliveryEvent,\n' +
      '  ManagerDeliveryEventSummary,\n' +
      '  ShopRoundStatus,\n' +
      "} from './types/app';\n" +
      '\n' +
      "const STATUS_OPTIONS: Array<{ value: Exclude<ShopRoundStatus, 'pending'>; label: string }> = [\n" +
      "  { value: 'delivered', label: 'ส่งแล้ว' },\n" +
      "  { value: 'full_bin', label: 'ถังเต็ม' },\n" +
      "  { value: 'closed_shop', label: 'ปิดร้าน' },\n" +
      "  { value: 'no_access', label: 'เข้าไม่ได้' },\n" +
      "  { value: 'issue', label: 'มีปัญหา' },\n" +
      '];\n' +
      '\n' +
      'export function ManagerDeliveryAdjustments({ round }: { round: DeliveryRound | null }) {\n' +
      '  const [summary, setSummary] = useState<ManagerDeliveryEventSummary | null>(null);\n' +
      "  const [selectedId, setSelectedId] = useState('');\n" +
      "  const [status, setStatus] = useState<Exclude<ShopRoundStatus, 'pending'>>('delivered');\n" +
      '  const [quantities, setQuantities] = useState<Record<string, number>>({});\n' +
      "  const [note, setNote] = useState('');\n" +
      "  const [reason, setReason] = useState('');\n" +
      '  const [loading, setLoading] = useState(false);\n' +
      '  const [error, setError] = useState<string | null>(null);\n' +
      '  const requestId = useRef(0);\n' +
      '\n' +
      '  useEffect(() => {\n' +
      '    if (!round) {\n' +
      '      requestId.current += 1;\n' +
      '      setSummary(null);\n' +
      "      setSelectedId('');\n" +
      '      return;\n' +
      '    }\n' +
      '    void loadEvents(round.id);\n' +
      '  }, [round?.id]);\n' +
      '\n' +
      '  const selectedEvent = useMemo(\n' +
      '    () => summary?.events.find((event) => event.id === selectedId) ?? null,\n' +
      '    [summary, selectedId],\n' +
      '  );\n' +
      '\n' +
      '  useEffect(() => {\n' +
      '    if (!selectedEvent || !summary) return;\n' +
      "    const nextStatus = selectedEvent.stop_status === 'pending' ? 'delivered' : selectedEvent.stop_status;\n" +
      '    setStatus(nextStatus);\n' +
      "    setNote(selectedEvent.note ?? '');\n" +
      "    setReason('');\n" +
      '    setQuantities(Object.fromEntries(\n' +
      '      summary.ice_types.map((ice) => [\n' +
      '        ice.id,\n' +
      '        selectedEvent.items.find((item) => item.ice_type_id === ice.id)?.quantity ?? 0,\n' +
      '      ]),\n' +
      '    ));\n' +
      '    revisionAction.reset();\n' +
      '  }, [selectedEvent?.id, summary?.ice_types]);\n' +
      '\n' +
      '  async function loadEvents(roundId: string) {\n' +
      '    if (!supabase) return;\n' +
      '    const currentRequest = ++requestId.current;\n' +
      '    setLoading(true);\n' +
      '    setError(null);\n' +
      "    const { data, error: loadError } = await supabase.rpc('get_manager_delivery_events', {\n" +
      '      p_round_id: roundId,\n' +
      '    });\n' +
      '    if (currentRequest !== requestId.current) return;\n' +
      '    if (loadError) {\n' +
      '      setError(loadError.message);\n' +
      '      setSummary(null);\n' +
      '    } else {\n' +
      '      const nextSummary = data as ManagerDeliveryEventSummary;\n' +
      '      setSummary(nextSummary);\n' +
      '      setSelectedId((current) => (\n' +
      '        nextSummary.events.some((event) => event.id === current)\n' +
      '          ? current\n' +
      "          : nextSummary.events[0]?.id ?? ''\n" +
      '      ));\n' +
      '    }\n' +
      '    setLoading(false);\n' +
      '  }\n' +
      '\n' +
      '  const revisionAction = useRpcAction(\n' +
      '    async (\n' +
      "      args: { eventId: string; action: 'correct' | 'cancel'; items: any[]; status: string; note: string; reason: string },\n" +
      '      idempotencyKey\n' +
      '    ) => {\n' +
      "      if (!supabase) throw new Error('Supabase is not initialized');\n" +
      "      return supabase.rpc('revise_delivery_event', {\n" +
      '        p_event_id: args.eventId,\n' +
      '        p_action: args.action,\n' +
      '        p_items: args.items,\n' +
      '        p_stop_status: args.status,\n' +
      '        p_note: args.note.trim() || null,\n' +
      '        p_reason: args.reason.trim(),\n' +
      '        p_idempotency_key: idempotencyKey,\n' +
      '      });\n' +
      '    },\n' +
      '    {\n' +
      '      deps: [round?.id],\n' +
      "      successMessage: (_, args) => args.action === 'correct' ? 'แก้ไขรายการและเก็บประวัติแล้ว' : 'ยกเลิกรายการและคืนสต๊อกแล้ว',\n" +
      '      onSuccess: (data) => {\n' +
      '        const nextSummary = data as ManagerDeliveryEventSummary;\n' +
      '        setSummary(nextSummary);\n' +
      "        setSelectedId(nextSummary.events[0]?.id ?? '');\n" +
      '      },\n' +
      '    }\n' +
      '  );\n' +
      '\n' +
      '  async function submitRevision(\n' +
      '    event: FormEvent<HTMLFormElement> | null,\n' +
      "    action: 'correct' | 'cancel',\n" +
      '  ) {\n' +
      '    event?.preventDefault();\n' +
      '    if (!supabase || !round || !selectedEvent || !summary) return;\n' +
      '    if (!reason.trim()) {\n' +
      "      revisionAction.setError('ต้องระบุเหตุผลที่แก้ไขหรือยกเลิก');\n" +
      '      return;\n' +
      '    }\n' +
      '\n' +
      "    const items = action === 'correct' && status === 'delivered'\n" +
      '      ? summary.ice_types\n' +
      '        .map((ice) => ({ ice_type_id: ice.id, quantity: quantities[ice.id] ?? 0 }))\n' +
      '        .filter((item) => item.quantity > 0)\n' +
      '      : [];\n' +
      '\n' +
      "    if (action === 'correct' && status === 'delivered' && items.length === 0) {\n" +
      "      revisionAction.setError('รายการส่งแล้วต้องมีน้ำแข็งอย่างน้อย 1 ชนิด');\n" +
      '      return;\n' +
      '    }\n' +
      "    if (action === 'correct' && status !== 'delivered' && !note.trim()) {\n" +
      "      revisionAction.setError('สถานะที่ไม่ได้ส่งต้องมีหมายเหตุ');\n" +
      '      return;\n' +
      '    }\n' +
      '\n' +
      '    const args = {\n' +
      '      eventId: selectedEvent.id,\n' +
      '      action,\n' +
      '      items,\n' +
      '      status,\n' +
      '      note: note.trim(),\n' +
      '      reason: reason.trim(),\n' +
      '    };\n' +
      '\n' +
      '    const signature = JSON.stringify(args);\n' +
      '\n' +
      '    await revisionAction.execute(args, { signature });\n' +
      '  }\n' +
      '\n' +
      '  if (!round) return <p className="empty-text">เลือกรอบเพื่อตรวจรายการส่ง</p>;\n' +
      '  if (loading) return <p className="empty-text">กำลังโหลดรายการส่ง...</p>;\n' +
      `  if (!summary) return <p className="error-text">{error ?? 'โหลดรายการไม่สำเร็จ'}</p>;\n` +
      '\n' +
      '  return (\n' +
      '    <section className="manager-delivery-adjustments">\n' +
      '      <div className="panel-header">\n' +
      '        <div>\n' +
      '          <p className="eyebrow">ตรวจและแก้ไข</p>\n' +
      '          <h3>รายการส่งของทุกคน</h3>\n' +
      '        </div>\n' +
      '        <span className="status-badge status-badge--neutral">{summary.events.length} รายการ</span>\n' +
      '      </div>\n' +
      '\n' +
      '      {summary.events.length === 0 ? <p className="empty-text">ยังไม่มีรายการส่งในรอบนี้</p> : (\n' +
      '        <div className="manager-adjustment-grid">\n' +
      '          <div className="stock-ledger-list manager-event-list">\n' +
      '            {summary.events.map((deliveryEvent) => (\n' +
      '              <button\n' +
      "                className={`round-item ${deliveryEvent.id === selectedId ? 'round-item--selected' : ''}`}\n" +
      '                key={deliveryEvent.id}\n' +
      '                onClick={() => setSelectedId(deliveryEvent.id)}\n' +
      '                type="button"\n' +
      '              >\n' +
      '                <span>{deliveryEvent.shop_code} · {deliveryEvent.shop_name}</span>\n' +
      '                <small>{formatTime(deliveryEvent.recorded_at)} · {deliveryEvent.recorded_by} · {eventItemsLabel(deliveryEvent, summary)}</small>\n' +
      '              </button>\n' +
      '            ))}\n' +
      '          </div>\n' +
      '\n' +
      '          {selectedEvent ? (\n' +
      `            <form className="settings-form" onSubmit={(event) => void submitRevision(event, 'correct')}>\n` +
      '              <div className="field-grid">\n' +
      '                <label>\n' +
      '                  สถานะ\n' +
      "                  <select disabled={round.status === 'closed'} value={status} onChange={(event) => setStatus(event.target.value as Exclude<ShopRoundStatus, 'pending'>)}>\n" +
      '                    {STATUS_OPTIONS.map((option) => <option key={option.value} value={option.value}>{option.label}</option>)}\n' +
      '                  </select>\n' +
      '                </label>\n' +
      '                <label>\n' +
      '                  เหตุผลที่แก้/ยกเลิก\n' +
      "                  <input disabled={round.status === 'closed'} required value={reason} onChange={(event) => setReason(event.target.value)} />\n" +
      '                </label>\n' +
      '              </div>\n' +
      "              {status === 'delivered' ? (\n" +
      '                <div className="field-grid field-grid--three">\n' +
      '                  {summary.ice_types.map((ice) => (\n' +
      '                    <label key={ice.id}>\n' +
      '                      {ice.name} ({ice.unit})\n' +
      '                      <input\n' +
      "                        disabled={round.status === 'closed'}\n" +
      '                        min={0}\n' +
      '                        type="number"\n' +
      '                        value={quantities[ice.id] ?? 0}\n' +
      '                        onChange={(event) => setQuantities((current) => ({ ...current, [ice.id]: Math.max(0, Number(event.target.value) || 0) }))}\n' +
      '                      />\n' +
      '                    </label>\n' +
      '                  ))}\n' +
      '                </div>\n' +
      '              ) : null}\n' +
      "              <label>หมายเหตุ<textarea disabled={round.status === 'closed'} rows={2} value={note} onChange={(event) => setNote(event.target.value)} /></label>\n" +
      '              {revisionAction.error ? <p className="error-text">{revisionAction.error}</p> : null}\n' +
      '              {revisionAction.success ? <p className="success-text">{revisionAction.success}</p> : null}\n' +
      '              <div className="manager-action-row">\n' +
      `                <button className="primary-button" disabled={revisionAction.isSubmitting || round.status === 'closed'} type="submit">{revisionAction.isSubmitting ? 'กำลังบันทึก...' : 'บันทึกการแก้ไข'}</button>\n` +
      `                <button className="ghost-button danger-button" disabled={revisionAction.isSubmitting || round.status === 'closed'} onClick={() => void submitRevision(null, 'cancel')} type="button">ยกเลิกรายการ</button>\n` +
      '              </div>\n' +
      `              {round.status === 'closed' ? <p className="muted">รอบปิดแล้ว รายการแก้ไขได้เฉพาะก่อนปิดรอบเพื่อไม่ให้ snapshot เปลี่ยนย้อนหลัง</p> : null}\n` +
      '            </form>\n' +
      '          ) : null}\n' +
      '        </div>\n' +
      '      )}\n' +
      '    </section>\n' +
      '  );\n' +
      '}\n' +
      '\n' +
      'function eventItemsLabel(event: ManagerDeliveryEvent, summary: ManagerDeliveryEventSummary) {\n' +
      '  if (event.items.length === 0) {\n' +
      "    return STATUS_OPTIONS.find((option) => option.value === event.stop_status)?.label ?? 'ไม่มียอด';\n" +
      '  }\n' +
      '  return event.items.map((item) => {\n' +
      '    const ice = summary.ice_types.find((option) => option.id === item.ice_type_id);\n' +
      "    return `${ice?.name ?? 'น้ำแข็ง'} ${item.quantity}`;\n" +
      "  }).join(' · ');\n" +
      '}\n' +
      '\n' +
      'function formatTime(value: string) {\n' +
      "  return new Intl.DateTimeFormat('th-TH', { hour: '2-digit', minute: '2-digit' }).format(new Date(value));\n" +
      '}\n'
    
  code: 'ERR_ASSERTION'
  name: 'AssertionError'
  expected:
  actual: |-
    import { FormEvent, useEffect, useMemo, useRef, useState } from 'react';
    import { supabase } from './lib/supabase';
    import { useRpcAction } from './hooks/useRpcAction';
    import type {
      DeliveryRound,
      ManagerDeliveryEvent,
      ManagerDeliveryEventSummary,
      ShopRoundStatus,
    } from './types/app';
    
    const STATUS_OPTIONS: Array<{ value: Exclude<ShopRoundStatus, 'pending'>; label: string }> = [
      { value: 'delivered', label: 'ส่งแล้ว' },
      { value: 'full_bin', label: 'ถังเต็ม' },
      { value: 'closed_shop', label: 'ปิดร้าน' },
      { value: 'no_access', label: 'เข้าไม่ได้' },
      { value: 'issue', label: 'มีปัญหา' },
    ];
    
    export function ManagerDeliveryAdjustments({ round }: { round: DeliveryRound | null }) {
      const [summary, setSummary] = useState<ManagerDeliveryEventSummary | null>(null);
      const [selectedId, setSelectedId] = useState('');
      const [status, setStatus] = useState<Exclude<ShopRoundStatus, 'pending'>>('delivered');
      const [quantities, setQuantities] = useState<Record<string, number>>({});
      const [note, setNote] = useState('');
      const [reason, setReason] = useState('');
      const [loading, setLoading] = useState(false);
      const [error, setError] = useState<string | null>(null);
      const requestId = useRef(0);
    
      useEffect(() => {
        if (!round) {
          requestId.current += 1;
          setSummary(null);
          setSelectedId('');
          return;
        }
        void loadEvents(round.id);
      }, [round?.id]);
    
      const selectedEvent = useMemo(
        () => summary?.events.find((event) => event.id === selectedId) ?? null,
        [summary, selectedId],
      );
    
      useEffect(() => {
        if (!selectedEvent || !summary) return;
        const nextStatus = selectedEvent.stop_status === 'pending' ? 'delivered' : selectedEvent.stop_status;
        setStatus(nextStatus);
        setNote(selectedEvent.note ?? '');
        setReason('');
        setQuantities(Object.fromEntries(
          summary.ice_types.map((ice) => [
            ice.id,
            selectedEvent.items.find((item) => item.ice_type_id === ice.id)?.quantity ?? 0,
          ]),
        ));
        revisionAction.reset();
      }, [selectedEvent?.id, summary?.ice_types]);
    
      async function loadEvents(roundId: string) {
        if (!supabase) return;
        const currentRequest = ++requestId.current;
        setLoading(true);
        setError(null);
        const { data, error: loadError } = await supabase.rpc('get_manager_delivery_events', {
          p_round_id: roundId,
        });
        if (currentRequest !== requestId.current) return;
        if (loadError) {
          setError(loadError.message);
          setSummary(null);
        } else {
          const nextSummary = data as ManagerDeliveryEventSummary;
          setSummary(nextSummary);
          setSelectedId((current) => (
            nextSummary.events.some((event) => event.id === current)
              ? current
              : nextSummary.events[0]?.id ?? ''
          ));
        }
        setLoading(false);
      }
    
      const revisionAction = useRpcAction(
        async (
          args: { eventId: string; action: 'correct' | 'cancel'; items: any[]; status: string; note: string; reason: string },
          idempotencyKey
        ) => {
          if (!supabase) throw new Error('Supabase is not initialized');
          return supabase.rpc('revise_delivery_event', {
            p_event_id: args.eventId,
            p_action: args.action,
            p_items: args.items,
            p_stop_status: args.status,
            p_note: args.note.trim() || null,
            p_reason: args.reason.trim(),
            p_idempotency_key: idempotencyKey,
          });
        },
        {
          deps: [round?.id],
          successMessage: (_, args) => args.action === 'correct' ? 'แก้ไขรายการและเก็บประวัติแล้ว' : 'ยกเลิกรายการและคืนสต๊อกแล้ว',
          onSuccess: (data) => {
            const nextSummary = data as ManagerDeliveryEventSummary;
            setSummary(nextSummary);
            setSelectedId(nextSummary.events[0]?.id ?? '');
          },
        }
      );
    
      async function submitRevision(
        event: FormEvent<HTMLFormElement> | null,
        action: 'correct' | 'cancel',
      ) {
        event?.preventDefault();
        if (!supabase || !round || !selectedEvent || !summary) return;
        if (!reason.trim()) {
          revisionAction.setError('ต้องระบุเหตุผลที่แก้ไขหรือยกเลิก');
          return;
        }
    
        const items = action === 'correct' && status === 'delivered'
          ? summary.ice_types
            .map((ice) => ({ ice_type_id: ice.id, quantity: quantities[ice.id] ?? 0 }))
            .filter((item) => item.quantity > 0)
          : [];
    
        if (action === 'correct' && status === 'delivered' && items.length === 0) {
          revisionAction.setError('รายการส่งแล้วต้องมีน้ำแข็งอย่างน้อย 1 ชนิด');
          return;
        }
        if (action === 'correct' && status !== 'delivered' && !note.trim()) {
          revisionAction.setError('สถานะที่ไม่ได้ส่งต้องมีหมายเหตุ');
          return;
        }
    
        const args = {
          eventId: selectedEvent.id,
          action,
          items,
          status,
          note: note.trim(),
          reason: reason.trim(),
        };
    
        const signature = JSON.stringify(args);
    
        await revisionAction.execute(args, { signature });
      }
    
      if (!round) return <p className="empty-text">เลือกรอบเพื่อตรวจรายการส่ง</p>;
      if (loading) return <p className="empty-text">กำลังโหลดรายการส่ง...</p>;
      if (!summary) return <p className="error-text">{error ?? 'โหลดรายการไม่สำเร็จ'}</p>;
    
      return (
        <section className="manager-delivery-adjustments">
          <div className="panel-header">
            <div>
              <p className="eyebrow">ตรวจและแก้ไข</p>
              <h3>รายการส่งของทุกคน</h3>
            </div>
            <span className="status-badge status-badge--neutral">{summary.events.length} รายการ</span>
          </div>
    
          {summary.events.length === 0 ? <p className="empty-text">ยังไม่มีรายการส่งในรอบนี้</p> : (
            <div className="manager-adjustment-grid">
              <div className="stock-ledger-list manager-event-list">
                {summary.events.map((deliveryEvent) => (
                  <button
                    className={`round-item ${deliveryEvent.id === selectedId ? 'round-item--selected' : ''}`}
                    key={deliveryEvent.id}
                    onClick={() => setSelectedId(deliveryEvent.id)}
                    type="button"
                  >
                    <span>{deliveryEvent.shop_code} · {deliveryEvent.shop_name}</span>
                    <small>{formatTime(deliveryEvent.recorded_at)} · {deliveryEvent.recorded_by} · {eventItemsLabel(deliveryEvent, summary)}</small>
                  </button>
                ))}
              </div>
    
              {selectedEvent ? (
                <form className="settings-form" onSubmit={(event) => void submitRevision(event, 'correct')}>
                  <div className="field-grid">
                    <label>
                      สถานะ
                      <select disabled={round.status === 'closed'} value={status} onChange={(event) => setStatus(event.target.value as Exclude<ShopRoundStatus, 'pending'>)}>
                        {STATUS_OPTIONS.map((option) => <option key={option.value} value={option.value}>{option.label}</option>)}
                      </select>
                    </label>
                    <label>
                      เหตุผลที่แก้/ยกเลิก
                      <input disabled={round.status === 'closed'} required value={reason} onChange={(event) => setReason(event.target.value)} />
                    </label>
                  </div>
                  {status === 'delivered' ? (
                    <div className="field-grid field-grid--three">
                      {summary.ice_types.map((ice) => (
                        <label key={ice.id}>
                          {ice.name} ({ice.unit})
                          <input
                            disabled={round.status === 'closed'}
                            min={0}
                            type="number"
                            value={quantities[ice.id] ?? 0}
                            onChange={(event) => setQuantities((current) => ({ ...current, [ice.id]: Math.max(0, Number(event.target.value) || 0) }))}
                          />
                        </label>
                      ))}
                    </div>
                  ) : null}
                  <label>หมายเหตุ<textarea disabled={round.status === 'closed'} rows={2} value={note} onChange={(event) => setNote(event.target.value)} /></label>
                  {revisionAction.error ? <p className="error-text">{revisionAction.error}</p> : null}
                  {revisionAction.success ? <p className="success-text">{revisionAction.success}</p> : null}
                  <div className="manager-action-row">
                    <button className="primary-button" disabled={revisionAction.isSubmitting || round.status === 'closed'} type="submit">{revisionAction.isSubmitting ? 'กำลังบันทึก...' : 'บันทึกการแก้ไข'}</button>
                    <button className="ghost-button danger-button" disabled={revisionAction.isSubmitting || round.status === 'closed'} onClick={() => void submitRevision(null, 'cancel')} type="button">ยกเลิกรายการ</button>
                  </div>
                  {round.status === 'closed' ? <p className="muted">รอบปิดแล้ว รายการแก้ไขได้เฉพาะก่อนปิดรอบเพื่อไม่ให้ snapshot เปลี่ยนย้อนหลัง</p> : null}
                </form>
              ) : null}
            </div>
          )}
        </section>
      );
    }
    
    function eventItemsLabel(event: ManagerDeliveryEvent, summary: ManagerDeliveryEventSummary) {
      if (event.items.length === 0) {
        return STATUS_OPTIONS.find((option) => option.value === event.stop_status)?.label ?? 'ไม่มียอด';
      }
      return event.items.map((item) => {
        const ice = summary.ice_types.find((option) => option.id === item.ice_type_id);
        return `${ice?.name ?? 'น้ำแข็ง'} ${item.quantity}`;
      }).join(' · ');
    }
    
    function formatTime(value: string) {
      return new Intl.DateTimeFormat('th-TH', { hour: '2-digit', minute: '2-digit' }).format(new Date(value));
    }
    
  operator: 'match'
  stack: |-
    TestContext.<anonymous> (file:///Users/bhusitt./Downloads/%E0%B8%AA%E0%B9%88%E0%B8%87%E0%B8%99%E0%B9%89%E0%B8%B3%E0%B9%81%E0%B8%82%E0%B9%87%E0%B8%87/tests/manager-contracts.test.mjs:366:10)
    Test.runInAsyncScope (node:async_hooks:206:9)
    Test.run (node:internal/test_runner/test:796:25)
    Test.processPendingSubtests (node:internal/test_runner/test:526:18)
    Test.postRun (node:internal/test_runner/test:889:19)
    Test.run (node:internal/test_runner/test:835:12)
    async Test.processPendingSubtests (node:internal/test_runner/test:526:7)
  ...
# Subtest: daily close counts every point, returns actual stock, and locks the service date
ok 27 - daily close counts every point, returns actual stock, and locks the service date
  ---
  duration_ms: 0.862542
  ...
1..27
# tests 27
# suites 0
# pass 18
# fail 9
# cancelled 0
# skipped 0
# todo 0
# duration_ms 206.517417
